Archive member included to satisfy reference by file (symbol)

C:/CLionToolchains/gcc-arm-none-eabi-10.3-2021.10/bin/../lib/gcc/arm-none-eabi/13.3.1/thumb/v7e-m+fp/hard\libgcc.a(_arm_addsubdf3.o)
                              CMakeFiles/ULText_DogLeg_infantry_robot.elf.dir/code_mf/Src/MahonyAHRS.c.obj (__aeabi_f2d)
C:/CLionToolchains/gcc-arm-none-eabi-10.3-2021.10/bin/../lib/gcc/arm-none-eabi/13.3.1/thumb/v7e-m+fp/hard\libgcc.a(_arm_truncdfsf2.o)
                              CMakeFiles/ULText_DogLeg_infantry_robot.elf.dir/code_mf/Src/MahonyAHRS.c.obj (__aeabi_d2f)
C:/CLionToolchains/gcc-arm-none-eabi-10.3-2021.10/bin/../lib/gcc/arm-none-eabi/13.3.1/thumb/v7e-m+fp/hard\libgcc.a(_aeabi_uldivmod.o)
                              CMakeFiles/ULText_DogLeg_infantry_robot.elf.dir/Drivers/STM32F4xx_HAL_Driver/Src/stm32f4xx_hal_rcc.c.obj (__aeabi_uldivmod)
C:/CLionToolchains/gcc-arm-none-eabi-10.3-2021.10/bin/../lib/gcc/arm-none-eabi/13.3.1/thumb/v7e-m+fp/hard\libgcc.a(_udivmoddi4.o)
                              C:/CLionToolchains/gcc-arm-none-eabi-10.3-2021.10/bin/../lib/gcc/arm-none-eabi/13.3.1/thumb/v7e-m+fp/hard\libgcc.a(_aeabi_uldivmod.o) (__udivmoddi4)
C:/CLionToolchains/gcc-arm-none-eabi-10.3-2021.10/bin/../lib/gcc/arm-none-eabi/13.3.1/thumb/v7e-m+fp/hard\libgcc.a(_dvmd_tls.o)
                              C:/CLionToolchains/gcc-arm-none-eabi-10.3-2021.10/bin/../lib/gcc/arm-none-eabi/13.3.1/thumb/v7e-m+fp/hard\libgcc.a(_aeabi_uldivmod.o) (__aeabi_ldiv0)
C:/CLionToolchains/gcc-arm-none-eabi-10.3-2021.10/bin/../lib/gcc/arm-none-eabi/13.3.1/thumb/v7e-m+fp/hard\libg.a(libc_a-exit.o)
                              C:/CLionToolchains/gcc-arm-none-eabi-10.3-2021.10/bin/../lib/gcc/arm-none-eabi/13.3.1/thumb/v7e-m+fp/hard/crt0.o (exit)
C:/CLionToolchains/gcc-arm-none-eabi-10.3-2021.10/bin/../lib/gcc/arm-none-eabi/13.3.1/thumb/v7e-m+fp/hard\libg.a(libc_a-findfp.o)
                              CMakeFiles/ULText_DogLeg_infantry_robot.elf.dir/Middlewares/Third_Party/FreeRTOS/Source/tasks.c.obj (__sf)
C:/CLionToolchains/gcc-arm-none-eabi-10.3-2021.10/bin/../lib/gcc/arm-none-eabi/13.3.1/thumb/v7e-m+fp/hard\libg.a(libc_a-fwalk.o)
                              C:/CLionToolchains/gcc-arm-none-eabi-10.3-2021.10/bin/../lib/gcc/arm-none-eabi/13.3.1/thumb/v7e-m+fp/hard\libg.a(libc_a-findfp.o) (_fwalk_sglue)
C:/CLionToolchains/gcc-arm-none-eabi-10.3-2021.10/bin/../lib/gcc/arm-none-eabi/13.3.1/thumb/v7e-m+fp/hard\libg.a(libc_a-stdio.o)
                              C:/CLionToolchains/gcc-arm-none-eabi-10.3-2021.10/bin/../lib/gcc/arm-none-eabi/13.3.1/thumb/v7e-m+fp/hard\libg.a(libc_a-findfp.o) (__sread)
C:/CLionToolchains/gcc-arm-none-eabi-10.3-2021.10/bin/../lib/gcc/arm-none-eabi/13.3.1/thumb/v7e-m+fp/hard\libg.a(libc_a-vsprintf.o)
                              CMakeFiles/ULText_DogLeg_infantry_robot.elf.dir/code_mf/Src/uart_printf.c.obj (vsprintf)
C:/CLionToolchains/gcc-arm-none-eabi-10.3-2021.10/bin/../lib/gcc/arm-none-eabi/13.3.1/thumb/v7e-m+fp/hard\libg.a(libc_a-memset.o)
                              C:/CLionToolchains/gcc-arm-none-eabi-10.3-2021.10/bin/../lib/gcc/arm-none-eabi/13.3.1/thumb/v7e-m+fp/hard/crt0.o (memset)
C:/CLionToolchains/gcc-arm-none-eabi-10.3-2021.10/bin/../lib/gcc/arm-none-eabi/13.3.1/thumb/v7e-m+fp/hard\libg.a(libc_a-closer.o)
                              C:/CLionToolchains/gcc-arm-none-eabi-10.3-2021.10/bin/../lib/gcc/arm-none-eabi/13.3.1/thumb/v7e-m+fp/hard\libg.a(libc_a-stdio.o) (_close_r)
C:/CLionToolchains/gcc-arm-none-eabi-10.3-2021.10/bin/../lib/gcc/arm-none-eabi/13.3.1/thumb/v7e-m+fp/hard\libg.a(libc_a-reent.o)
                              CMakeFiles/ULText_DogLeg_infantry_robot.elf.dir/Middlewares/Third_Party/FreeRTOS/Source/tasks.c.obj (_reclaim_reent)
C:/CLionToolchains/gcc-arm-none-eabi-10.3-2021.10/bin/../lib/gcc/arm-none-eabi/13.3.1/thumb/v7e-m+fp/hard\libg.a(libc_a-impure.o)
                              CMakeFiles/ULText_DogLeg_infantry_robot.elf.dir/Middlewares/Third_Party/FreeRTOS/Source/tasks.c.obj (_impure_ptr)
C:/CLionToolchains/gcc-arm-none-eabi-10.3-2021.10/bin/../lib/gcc/arm-none-eabi/13.3.1/thumb/v7e-m+fp/hard\libg.a(libc_a-lseekr.o)
                              C:/CLionToolchains/gcc-arm-none-eabi-10.3-2021.10/bin/../lib/gcc/arm-none-eabi/13.3.1/thumb/v7e-m+fp/hard\libg.a(libc_a-stdio.o) (_lseek_r)
C:/CLionToolchains/gcc-arm-none-eabi-10.3-2021.10/bin/../lib/gcc/arm-none-eabi/13.3.1/thumb/v7e-m+fp/hard\libg.a(libc_a-readr.o)
                              C:/CLionToolchains/gcc-arm-none-eabi-10.3-2021.10/bin/../lib/gcc/arm-none-eabi/13.3.1/thumb/v7e-m+fp/hard\libg.a(libc_a-stdio.o) (_read_r)
C:/CLionToolchains/gcc-arm-none-eabi-10.3-2021.10/bin/../lib/gcc/arm-none-eabi/13.3.1/thumb/v7e-m+fp/hard\libg.a(libc_a-writer.o)
                              C:/CLionToolchains/gcc-arm-none-eabi-10.3-2021.10/bin/../lib/gcc/arm-none-eabi/13.3.1/thumb/v7e-m+fp/hard\libg.a(libc_a-stdio.o) (_write_r)
[...]
Memory Configuration

Name             Origin             Length             Attributes
CCMRAM           0x10000000         0x00010000         xrw
RAM              0x20000000         0x00020000         xrw
FLASH            0x08000000         0x00100000         xr
*default*        0x00000000         0xffffffff

Linker script and memory map

LOAD C:/CLionToolchains/gcc-arm-none-eabi-10.3-2021.10/bin/../lib/gcc/arm-none-eabi/13.3.1/thumb/v7e-m+fp/hard/crti.o
LOAD C:/CLionToolchains/gcc-arm-none-eabi-10.3-2021.10/bin/../lib/gcc/arm-none-eabi/13.3.1/thumb/v7e-m+fp/hard/crtbegin.o
LOAD C:/CLionToolchains/gcc-arm-none-eabi-10.3-2021.10/bin/../lib/gcc/arm-none-eabi/13.3.1/thumb/v7e-m+fp/hard/crt0.o
LOAD CMakeFiles/ULText_DogLeg_infantry_robot.elf.dir/Core/Src/can.c.obj
LOAD CMakeFiles/ULText_DogLeg_infantry_robot.elf.dir/Core/Src/dma.c.obj
LOAD CMakeFiles/ULText_DogLeg_infantry_robot.elf.dir/Core/Src/freertos.c.obj
LOAD CMakeFiles/ULText_DogLeg_infantry_robot.elf.dir/Core/Src/gpio.c.obj
LOAD CMakeFiles/ULText_DogLeg_infantry_robot.elf.dir/Core/Src/main.c.obj
LOAD CMakeFiles/ULText_DogLeg_infantry_robot.elf.dir/Core/Src/spi.c.obj
LOAD CMakeFiles/ULText_DogLeg_infantry_robot.elf.dir/Core/Src/stm32f4xx_hal_msp.c.obj
LOAD CMakeFiles/ULText_DogLeg_infantry_robot.elf.dir/Core/Src/stm32f4xx_hal_timebase_tim.c.obj
LOAD CMakeFiles/ULText_DogLeg_infantry_robot.elf.dir/Core/Src/stm32f4xx_it.c.obj
LOAD CMakeFiles/ULText_DogLeg_infantry_robot.elf.dir/Core/Src/syscalls.c.obj
LOAD CMakeFiles/ULText_DogLeg_infantry_robot.elf.dir/Core/Src/sysmem.c.obj
LOAD CMakeFiles/ULText_DogLeg_infantry_robot.elf.dir/Core/Src/system_stm32f4xx.c.obj
LOAD CMakeFiles/ULText_DogLeg_infantry_robot.elf.dir/Core/Src/tim.c.obj
LOAD CMakeFiles/ULText_DogLeg_infantry_robot.elf.dir/Core/Src/usart.c.obj
LOAD CMakeFiles/ULText_DogLeg_infantry_robot.elf.dir/Core/Startup/startup_stm32f407ighx.s.obj
LOAD CMakeFiles/ULText_DogLeg_infantry_robot.elf.dir/Drivers/STM32F4xx_HAL_Driver/Src/stm32f4xx_hal.c.obj
LOAD CMakeFiles/ULText_DogLeg_infantry_robot.elf.dir/Drivers/STM32F4xx_HAL_Driver/Src/stm32f4xx_hal_can.c.obj
LOAD CMakeFiles/ULText_DogLeg_infantry_robot.elf.dir/Drivers/STM32F4xx_HAL_Driver/Src/stm32f4xx_hal_cortex.c.obj
LOAD CMakeFiles/ULText_DogLeg_infantry_robot.elf.dir/Drivers/STM32F4xx_HAL_Driver/Src/stm32f4xx_hal_dma.c.obj
LOAD CMakeFiles/ULText_DogLeg_infantry_robot.elf.dir/Drivers/STM32F4xx_HAL_Driver/Src/stm32f4xx_hal_dma_ex.c.obj
LOAD CMakeFiles/ULText_DogLeg_infantry_robot.elf.dir/Drivers/STM32F4xx_HAL_Driver/Src/stm32f4xx_hal_exti.c.obj
LOAD CMakeFiles/ULText_DogLeg_infantry_robot.elf.dir/Drivers/STM32F4xx_HAL_Driver/Src/stm32f4xx_hal_flash.c.obj
LOAD CMakeFiles/ULText_DogLeg_infantry_robot.elf.dir/Drivers/STM32F4xx_HAL_Driver/Src/stm32f4xx_hal_flash_ex.c.obj
LOAD CMakeFiles/ULText_DogLeg_infantry_robot.elf.dir/Drivers/STM32F4xx_HAL_Driver/Src/stm32f4xx_hal_flash_ramfunc.c.obj
LOAD CMakeFiles/ULText_DogLeg_infantry_robot.elf.dir/Drivers/STM32F4xx_HAL_Driver/Src/stm32f4xx_hal_gpio.c.obj
LOAD CMakeFiles/ULText_DogLeg_infantry_robot.elf.dir/Drivers/STM32F4xx_HAL_Driver/Src/stm32f4xx_hal_pwr.c.obj
LOAD CMakeFiles/ULText_DogLeg_infantry_robot.elf.dir/Drivers/STM32F4xx_HAL_Driver/Src/stm32f4xx_hal_pwr_ex.c.obj
LOAD CMakeFiles/ULText_DogLeg_infantry_robot.elf.dir/Drivers/STM32F4xx_HAL_Driver/Src/stm32f4xx_hal_rcc.c.obj
LOAD CMakeFiles/ULText_DogLeg_infantry_robot.elf.dir/Drivers/STM32F4xx_HAL_Driver/Src/stm32f4xx_hal_rcc_ex.c.obj
LOAD CMakeFiles/ULText_DogLeg_infantry_robot.elf.dir/Drivers/STM32F4xx_HAL_Driver/Src/stm32f4xx_hal_spi.c.obj
LOAD CMakeFiles/ULText_DogLeg_infantry_robot.elf.dir/Drivers/STM32F4xx_HAL_Driver/Src/stm32f4xx_hal_tim.c.obj
LOAD CMakeFiles/ULText_DogLeg_infantry_robot.elf.dir/Drivers/STM32F4xx_HAL_Driver/Src/stm32f4xx_hal_tim_ex.c.obj
LOAD CMakeFiles/ULText_DogLeg_infantry_robot.elf.dir/Drivers/STM32F4xx_HAL_Driver/Src/stm32f4xx_hal_uart.c.obj
LOAD CMakeFiles/ULText_DogLeg_infantry_robot.elf.dir/Middlewares/Third_Party/FreeRTOS/Source/CMSIS_RTOS/cmsis_os.c.obj
LOAD CMakeFiles/ULText_DogLeg_infantry_robot.elf.dir/Middlewares/Third_Party/FreeRTOS/Source/croutine.c.obj
LOAD CMakeFiles/ULText_DogLeg_infantry_robot.elf.dir/Middlewares/Third_Party/FreeRTOS/Source/event_groups.c.obj
LOAD CMakeFiles/ULText_DogLeg_infantry_robot.elf.dir/Middlewares/Third_Party/FreeRTOS/Source/list.c.obj
LOAD CMakeFiles/ULText_DogLeg_infantry_robot.elf.dir/Middlewares/Third_Party/FreeRTOS/Source/portable/GCC/ARM_CM4F/port.c.obj
LOAD CMakeFiles/ULText_DogLeg_infantry_robot.elf.dir/Middlewares/Third_Party/FreeRTOS/Source/portable/MemMang/heap_4.c.obj
LOAD CMakeFiles/ULText_DogLeg_infantry_robot.elf.dir/Middlewares/Third_Party/FreeRTOS/Source/queue.c.obj
LOAD CMakeFiles/ULText_DogLeg_infantry_robot.elf.dir/Middlewares/Third_Party/FreeRTOS/Source/stream_buffer.c.obj
LOAD CMakeFiles/ULText_DogLeg_infantry_robot.elf.dir/Middlewares/Third_Party/FreeRTOS/Source/tasks.c.obj
LOAD CMakeFiles/ULText_DogLeg_infantry_robot.elf.dir/Middlewares/Third_Party/FreeRTOS/Source/timers.c.obj
LOAD CMakeFiles/ULText_DogLeg_infantry_robot.elf.dir/code_mf/Src/BMI088Middleware.c.obj
LOAD CMakeFiles/ULText_DogLeg_infantry_robot.elf.dir/code_mf/Src/BMI088driver.c.obj
LOAD CMakeFiles/ULText_DogLeg_infantry_robot.elf.dir/code_mf/Src/CAN_receive.c.obj
LOAD CMakeFiles/ULText_DogLeg_infantry_robot.elf.dir/code_mf/Src/IMU_DATA_GET.c.obj
LOAD CMakeFiles/ULText_DogLeg_infantry_robot.elf.dir/code_mf/Src/MahonyAHRS.c.obj
LOAD CMakeFiles/ULText_DogLeg_infantry_robot.elf.dir/code_mf/Src/auto_aim.c.obj
LOAD CMakeFiles/ULText_DogLeg_infantry_robot.elf.dir/code_mf/Src/board_LED.c.obj
LOAD CMakeFiles/ULText_DogLeg_infantry_robot.elf.dir/code_mf/Src/bsp_can.c.obj
LOAD CMakeFiles/ULText_DogLeg_infantry_robot.elf.dir/code_mf/Src/bsp_rc.c.obj
LOAD CMakeFiles/ULText_DogLeg_infantry_robot.elf.dir/code_mf/Src/can_comm.c.obj
LOAD CMakeFiles/ULText_DogLeg_infantry_robot.elf.dir/code_mf/Src/can_sent.c.obj
LOAD CMakeFiles/ULText_DogLeg_infantry_robot.elf.dir/code_mf/Src/chassis_motor_control.c.obj
LOAD CMakeFiles/ULText_DogLeg_infantry_robot.elf.dir/code_mf/Src/error_detection.c.obj
LOAD CMakeFiles/ULText_DogLeg_infantry_robot.elf.dir/code_mf/Src/get_rc.c.obj
LOAD CMakeFiles/ULText_DogLeg_infantry_robot.elf.dir/code_mf/Src/gimbal_motor_control.c.obj
LOAD CMakeFiles/ULText_DogLeg_infantry_robot.elf.dir/code_mf/Src/jy61p.c.obj
LOAD CMakeFiles/ULText_DogLeg_infantry_robot.elf.dir/code_mf/Src/odometer.c.obj
LOAD CMakeFiles/ULText_DogLeg_infantry_robot.elf.dir/code_mf/Src/pid.c.obj
LOAD CMakeFiles/ULText_DogLeg_infantry_robot.elf.dir/code_mf/Src/refree_task.c.obj
LOAD CMakeFiles/ULText_DogLeg_infantry_robot.elf.dir/code_mf/Src/remote_control.c.obj
LOAD CMakeFiles/ULText_DogLeg_infantry_robot.elf.dir/code_mf/Src/servo_task.c.obj
LOAD CMakeFiles/ULText_DogLeg_infantry_robot.elf.dir/code_mf/Src/shoot_control.c.obj
LOAD CMakeFiles/ULText_DogLeg_infantry_robot.elf.dir/code_mf/Src/uart_callback.c.obj
LOAD CMakeFiles/ULText_DogLeg_infantry_robot.elf.dir/code_mf/Src/uart_printf.c.obj
LOAD CMakeFiles/ULText_DogLeg_infantry_robot.elf.dir/code_mf/Src/uart_sent.c.obj
LOAD CMakeFiles/ULText_DogLeg_infantry_robot.elf.dir/code_mf/Src/xiaomi_motor_task.c.obj
START GROUP
LOAD C:/CLionToolchains/gcc-arm-none-eabi-10.3-2021.10/bin/../lib/gcc/arm-none-eabi/13.3.1/thumb/v7e-m+fp/hard\libgcc.a
LOAD C:/CLionToolchains/gcc-arm-none-eabi-10.3-2021.10/bin/../lib/gcc/arm-none-eabi/13.3.1/thumb/v7e-m+fp/hard\libg.a
LOAD C:/CLionToolchains/gcc-arm-none-eabi-10.3-2021.10/bin/../lib/gcc/arm-none-eabi/13.3.1/thumb/v7e-m+fp/hard\libc.a
END GROUP
LOAD C:/CLionToolchains/gcc-arm-none-eabi-10.3-2021.10/bin/../lib/gcc/arm-none-eabi/13.3.1/thumb/v7e-m+fp/hard/crtend.o
LOAD C:/CLionToolchains/gcc-arm-none-eabi-10.3-2021.10/bin/../lib/gcc/arm-none-eabi/13.3.1/thumb/v7e-m+fp/hard/crtn.o
                0x20020000                        _estack = (ORIGIN (RAM) + LENGTH (RAM))
                0x00000200                        _Min_Heap_Size = 0x200
                0x00000400                        _Min_Stack_Size = 0x400

.isr_vector     0x08000000      0x188
                0x08000000                        . = ALIGN (0x4)
 *(.isr_vector)
 .isr_vector    0x08000000      0x188 CMakeFiles/ULText_DogLeg_infantry_robot.elf.dir/Core/Startup/startup_stm32f407ighx.s.obj
                0x08000000                g_pfnVectors
                0x08000188                        . = ALIGN (0x4)

.text           0x080001c0     0xf3e0
                0x080001c0                        . = ALIGN (0x4)
 *(.text)
 .text          0x080001c0      0x378 C:/CLionToolchains/gcc-arm-none-eabi-10.3-2021.10/bin/../lib/gcc/arm-none-eabi/13.3.1/thumb/v7e-m+fp/hard\libgcc.a(_arm_addsubdf3.o)
                0x080001c0                __aeabi_drsub
                0x080001c8                __aeabi_dsub
                0x080001c8                __subdf3
                0x080001cc                __aeabi_dadd
                0x080001cc                __adddf3
                0x08000444                __floatunsidf
                0x08000444                __aeabi_ui2d
                0x08000464                __floatsidf
                0x08000464                __aeabi_i2d
                0x08000488                __aeabi_f2d
                0x08000488                __extendsfdf2
                0x080004cc                __floatundidf
                0x080004cc                __aeabi_ul2d
                0x080004dc                __floatdidf
                0x080004dc                __aeabi_l2d
 .text          0x08000538       0xa0 C:/CLionToolchains/gcc-arm-none-eabi-10.3-2021.10/bin/../lib/gcc/arm-none-eabi/13.3.1/thumb/v7e-m+fp/hard\libgcc.a(_arm_truncdfsf2.o)
                0x08000538                __truncdfsf2
                0x08000538                __aeabi_d2f
 .text          0x080005d8       0x30 C:/CLionToolchains/gcc-arm-none-eabi-10.3-2021.10/bin/../lib/gcc/arm-none-eabi/13.3.1/thumb/v7e-m+fp/hard\libgcc.a(_aeabi_uldivmod.o)
                0x080005d8                __aeabi_uldivmod
 .text          0x08000608        0x4 C:/CLionToolchains/gcc-arm-none-eabi-10.3-2021.10/bin/../lib/gcc/arm-none-eabi/13.3.1/thumb/v7e-m+fp/hard\libgcc.a(_dvmd_tls.o)
                0x08000608                __aeabi_idiv0
                0x08000608                __aeabi_ldiv0
 .text          0x0800060c      0x134 C:/CLionToolchains/gcc-arm-none-eabi-10.3-2021.10/bin/../lib/gcc/arm-none-eabi/13.3.1/thumb/v7e-m+fp/hard\libg.a(libc_a-memcpy.o)
                0x0800060c                memcpy
 .text          0x08000740       0xa0 C:/CLionToolchains/gcc-arm-none-eabi-10.3-2021.10/bin/../lib/gcc/arm-none-eabi/13.3.1/thumb/v7e-m+fp/hard\libg.a(libc_a-memchr.o)
                0x08000740                memchr
 *fill*         0x080007e0       0x20 
 .text          0x08000800       0xd8 C:/CLionToolchains/gcc-arm-none-eabi-10.3-2021.10/bin/../lib/gcc/arm-none-eabi/13.3.1/thumb/v7e-m+fp/hard\libg.a(libc_a-strlen.o)
                0x08000800                strlen
 .text          0x080008d8      0x424 C:/CLionToolchains/gcc-arm-none-eabi-10.3-2021.10/bin/../lib/gcc/arm-none-eabi/13.3.1/thumb/v7e-m+fp/hard\libgcc.a(_arm_muldivdf3.o)
                0x080008d8                __aeabi_dmul
                0x080008d8                __muldf3
                0x08000b2c                __divdf3
                0x08000b2c                __aeabi_ddiv
 .text          0x08000cfc      0x110 C:/CLionToolchains/gcc-arm-none-eabi-10.3-2021.10/bin/../lib/gcc/arm-none-eabi/13.3.1/thumb/v7e-m+fp/hard\libgcc.a(_arm_cmpdf2.o)
                0x08000cfc                __gtdf2
                0x08000cfc                __gedf2
                0x08000d04                __ltdf2
                0x08000d04                __ledf2
                0x08000d0c                __nedf2
                0x08000d0c                __eqdf2
                0x08000d0c                __cmpdf2
                0x08000d88                __aeabi_cdrcmple
                0x08000d98                __aeabi_cdcmpeq
                0x08000d98                __aeabi_cdcmple
                0x08000da8                __aeabi_dcmpeq
                0x08000dbc                __aeabi_dcmplt
                0x08000dd0                __aeabi_dcmple
                0x08000de4                __aeabi_dcmpge
                0x08000df8                __aeabi_dcmpgt
 .text          0x08000e0c       0x2c C:/CLionToolchains/gcc-arm-none-eabi-10.3-2021.10/bin/../lib/gcc/arm-none-eabi/13.3.1/thumb/v7e-m+fp/hard\libgcc.a(_arm_unorddf2.o)
                0x08000e0c                __unorddf2
                0x08000e0c                __aeabi_dcmpun
 .text          0x08000e38       0x50 C:/CLionToolchains/gcc-arm-none-eabi-10.3-2021.10/bin/../lib/gcc/arm-none-eabi/13.3.1/thumb/v7e-m+fp/hard\libgcc.a(_arm_fixdfsi.o)
                0x08000e38                __aeabi_d2iz
                0x08000e38                __fixdfsi
 *(.text*)
 .text.deregister_tm_clones
                0x08000e88       0x1c C:/CLionToolchains/gcc-arm-none-eabi-10.3-2021.10/bin/../lib/gcc/arm-none-eabi/13.3.1/thumb/v7e-m+fp/hard/crtbegin.o
 .text.register_tm_clones
                0x08000ea4       0x24 C:/CLionToolchains/gcc-arm-none-eabi-10.3-2021.10/bin/../lib/gcc/arm-none-eabi/13.3.1/thumb/v7e-m+fp/hard/crtbegin.o
 .text.__do_global_dtors_aux
                0x08000ec8       0x28 C:/CLionToolchains/gcc-arm-none-eabi-10.3-2021.10/bin/../lib/gcc/arm-none-eabi/13.3.1/thumb/v7e-m+fp/hard/crtbegin.o
 .text.frame_dummy
                0x08000ef0       0x24 C:/CLionToolchains/gcc-arm-none-eabi-10.3-2021.10/bin/../lib/gcc/arm-none-eabi/13.3.1/thumb/v7e-m+fp/hard/crtbegin.o
 .text.MX_CAN1_Init
                0x08000f14       0x40 CMakeFiles/ULText_DogLeg_infantry_robot.elf.dir/Core/Src/can.c.obj
                0x08000f14                MX_CAN1_Init
 .text.MX_CAN2_Init
                0x08000f54       0x40 CMakeFiles/ULText_DogLeg_infantry_robot.elf.dir/Core/Src/can.c.obj
                0x08000f54                MX_CAN2_Init
 .text.HAL_CAN_MspInit
                0x08000f94      0x120 CMakeFiles/ULText_DogLeg_infantry_robot.elf.dir/Core/Src/can.c.obj
                0x08000f94                HAL_CAN_MspInit
 .text.MX_DMA_Init
                0x080010b4       0x88 CMakeFiles/ULText_DogLeg_infantry_robot.elf.dir/Core/Src/dma.c.obj
                0x080010b4                MX_DMA_Init
 .text.StartDefaultTask
                0x0800113c        0xa CMakeFiles/ULText_DogLeg_infantry_robot.elf.dir/Core/Src/freertos.c.obj
                0x0800113c                StartDefaultTask
 *fill*         0x08001146        0x2 
 .text.vApplicationGetIdleTaskMemory
                0x08001148       0x18 CMakeFiles/ULText_DogLeg_infantry_robot.elf.dir/Core/Src/freertos.c.obj
                0x08001148                vApplicationGetIdleTaskMemory
 .text.MX_FREERTOS_Init
                0x08001160      0x238 CMakeFiles/ULText_DogLeg_infantry_robot.elf.dir/Core/Src/freertos.c.obj
                0x08001160                MX_FREERTOS_Init
 .text.MX_GPIO_Init
                0x08001398      0x144 CMakeFiles/ULText_DogLeg_infantry_robot.elf.dir/Core/Src/gpio.c.obj
                0x08001398                MX_GPIO_Init
 .text.HAL_TIM_PeriodElapsedCallback
                0x080014dc       0x18 CMakeFiles/ULText_DogLeg_infantry_robot.elf.dir/Core/Src/main.c.obj
                0x080014dc                HAL_TIM_PeriodElapsedCallback
 .text.Error_Handler
                0x080014f4        0x4 CMakeFiles/ULText_DogLeg_infantry_robot.elf.dir/Core/Src/main.c.obj
                0x080014f4                Error_Handler
 .text.SystemClock_Config
                0x080014f8       0xa8 CMakeFiles/ULText_DogLeg_infantry_robot.elf.dir/Core/Src/main.c.obj
                0x080014f8                SystemClock_Config
 .text.main     0x080015a0      0x168 CMakeFiles/ULText_DogLeg_infantry_robot.elf.dir/Core/Src/main.c.obj
                0x080015a0                main
 .text.MX_SPI1_Init
                0x08001708       0x48 CMakeFiles/ULText_DogLeg_infantry_robot.elf.dir/Core/Src/spi.c.obj
                0x08001708                MX_SPI1_Init
 .text.HAL_SPI_MspInit
                0x08001750       0x98 CMakeFiles/ULText_DogLeg_infantry_robot.elf.dir/Core/Src/spi.c.obj
                0x08001750                HAL_SPI_MspInit
 .text.HAL_MspInit
                0x080017e8       0x44 CMakeFiles/ULText_DogLeg_infantry_robot.elf.dir/Core/Src/stm32f4xx_hal_msp.c.obj
                0x080017e8                HAL_MspInit
 .text.HAL_InitTick
                0x0800182c       0xa4 CMakeFiles/ULText_DogLeg_infantry_robot.elf.dir/Core/Src/stm32f4xx_hal_timebase_tim.c.obj
                0x0800182c                HAL_InitTick
 .text.NMI_Handler
                0x080018d0        0x2 CMakeFiles/ULText_DogLeg_infantry_robot.elf.dir/Core/Src/stm32f4xx_it.c.obj
                0x080018d0                NMI_Handler
 .text.HardFault_Handler
                0x080018d2        0x2 CMakeFiles/ULText_DogLeg_infantry_robot.elf.dir/Core/Src/stm32f4xx_it.c.obj
                0x080018d2                HardFault_Handler
 .text.MemManage_Handler
                0x080018d4        0x2 CMakeFiles/ULText_DogLeg_infantry_robot.elf.dir/Core/Src/stm32f4xx_it.c.obj
                0x080018d4                MemManage_Handler
 .text.BusFault_Handler
                0x080018d6        0x2 CMakeFiles/ULText_DogLeg_infantry_robot.elf.dir/Core/Src/stm32f4xx_it.c.obj
                0x080018d6                BusFault_Handler
 .text.UsageFault_Handler
                0x080018d8        0x2 CMakeFiles/ULText_DogLeg_infantry_robot.elf.dir/Core/Src/stm32f4xx_it.c.obj
                0x080018d8                UsageFault_Handler
 .text.DebugMon_Handler
                0x080018da        0x2 CMakeFiles/ULText_DogLeg_infantry_robot.elf.dir/Core/Src/stm32f4xx_it.c.obj
                0x080018da                DebugMon_Handler
 .text.DMA1_Stream1_IRQHandler
                0x080018dc       0x10 CMakeFiles/ULText_DogLeg_infantry_robot.elf.dir/Core/Src/stm32f4xx_it.c.obj
                0x080018dc                DMA1_Stream1_IRQHandler
 .text.CAN1_RX0_IRQHandler
                0x080018ec       0x10 CMakeFiles/ULText_DogLeg_infantry_robot.elf.dir/Core/Src/stm32f4xx_it.c.obj
                0x080018ec                CAN1_RX0_IRQHandler
 .text.USART1_IRQHandler
                0x080018fc       0x10 CMakeFiles/ULText_DogLeg_infantry_robot.elf.dir/Core/Src/stm32f4xx_it.c.obj
                0x080018fc                USART1_IRQHandler
 .text.TIM7_IRQHandler
                0x0800190c       0x10 CMakeFiles/ULText_DogLeg_infantry_robot.elf.dir/Core/Src/stm32f4xx_it.c.obj
                0x0800190c                TIM7_IRQHandler
 .text.DMA2_Stream1_IRQHandler
                0x0800191c       0x10 CMakeFiles/ULText_DogLeg_infantry_robot.elf.dir/Core/Src/stm32f4xx_it.c.obj
                0x0800191c                DMA2_Stream1_IRQHandler
 .text.DMA2_Stream2_IRQHandler
                0x0800192c       0x10 CMakeFiles/ULText_DogLeg_infantry_robot.elf.dir/Core/Src/stm32f4xx_it.c.obj
                0x0800192c                DMA2_Stream2_IRQHandler
 .text.CAN2_RX0_IRQHandler
                0x0800193c       0x10 CMakeFiles/ULText_DogLeg_infantry_robot.elf.dir/Core/Src/stm32f4xx_it.c.obj
                0x0800193c                CAN2_RX0_IRQHandler
 .text.DMA2_Stream6_IRQHandler
                0x0800194c       0x10 CMakeFiles/ULText_DogLeg_infantry_robot.elf.dir/Core/Src/stm32f4xx_it.c.obj
                0x0800194c                DMA2_Stream6_IRQHandler
 .text.DMA2_Stream7_IRQHandler
                0x0800195c       0x10 CMakeFiles/ULText_DogLeg_infantry_robot.elf.dir/Core/Src/stm32f4xx_it.c.obj
                0x0800195c                DMA2_Stream7_IRQHandler
 .text.USART6_IRQHandler
                0x0800196c       0x10 CMakeFiles/ULText_DogLeg_infantry_robot.elf.dir/Core/Src/stm32f4xx_it.c.obj
                0x0800196c                USART6_IRQHandler
 .text._getpid  0x0800197c        0x4 CMakeFiles/ULText_DogLeg_infantry_robot.elf.dir/Core/Src/syscalls.c.obj
                0x0800197c                _getpid
 .text._kill    0x08001980       0x10 CMakeFiles/ULText_DogLeg_infantry_robot.elf.dir/Core/Src/syscalls.c.obj
                0x08001980                _kill
 .text._exit    0x08001990        0xc CMakeFiles/ULText_DogLeg_infantry_robot.elf.dir/Core/Src/syscalls.c.obj
                0x08001990                _exit
 .text._read    0x0800199c       0x20 CMakeFiles/ULText_DogLeg_infantry_robot.elf.dir/Core/Src/syscalls.c.obj
                0x0800199c                _read
 .text._write   0x080019bc       0x1c CMakeFiles/ULText_DogLeg_infantry_robot.elf.dir/Core/Src/syscalls.c.obj
                0x080019bc                _write
 .text._close   0x080019d8        0x6 CMakeFiles/ULText_DogLeg_infantry_robot.elf.dir/Core/Src/syscalls.c.obj
                0x080019d8                _close
 .text._fstat   0x080019de        0xa CMakeFiles/ULText_DogLeg_infantry_robot.elf.dir/Core/Src/syscalls.c.obj
                0x080019de                _fstat
 .text._isatty  0x080019e8        0x4 CMakeFiles/ULText_DogLeg_infantry_robot.elf.dir/Core/Src/syscalls.c.obj
                0x080019e8                _isatty
 .text._lseek   0x080019ec        0x4 CMakeFiles/ULText_DogLeg_infantry_robot.elf.dir/Core/Src/syscalls.c.obj
                0x080019ec                _lseek
 .text._sbrk    0x080019f0       0x48 CMakeFiles/ULText_DogLeg_infantry_robot.elf.dir/Core/Src/sysmem.c.obj
                0x080019f0                _sbrk
 .text.SystemInit
                0x08001a38       0x14 CMakeFiles/ULText_DogLeg_infantry_robot.elf.dir/Core/Src/system_stm32f4xx.c.obj
                0x08001a38                SystemInit
 .text.HAL_TIM_Base_MspInit
                0x08001a4c       0x54 CMakeFiles/ULText_DogLeg_infantry_robot.elf.dir/Core/Src/tim.c.obj
                0x08001a4c                HAL_TIM_Base_MspInit
 .text.HAL_TIM_MspPostInit
                0x08001aa0       0xc0 CMakeFiles/ULText_DogLeg_infantry_robot.elf.dir/Core/Src/tim.c.obj
                0x08001aa0                HAL_TIM_MspPostInit
 .text.MX_TIM1_Init
                0x08001b60      0x124 CMakeFiles/ULText_DogLeg_infantry_robot.elf.dir/Core/Src/tim.c.obj
                0x08001b60                MX_TIM1_Init
 .text.MX_TIM8_Init
                0x08001c84      0x110 CMakeFiles/ULText_DogLeg_infantry_robot.elf.dir/Core/Src/tim.c.obj
                0x08001c84                MX_TIM8_Init
 .text.MX_USART1_UART_Init
                0x08001d94       0x34 CMakeFiles/ULText_DogLeg_infantry_robot.elf.dir/Core/Src/usart.c.obj
                0x08001d94                MX_USART1_UART_Init
 .text.MX_USART3_UART_Init
                0x08001dc8       0x3c CMakeFiles/ULText_DogLeg_infantry_robot.elf.dir/Core/Src/usart.c.obj
                0x08001dc8                MX_USART3_UART_Init
 .text.MX_USART6_UART_Init
                0x08001e04       0x34 CMakeFiles/ULText_DogLeg_infantry_robot.elf.dir/Core/Src/usart.c.obj
                0x08001e04                MX_USART6_UART_Init
 .text.HAL_UART_MspInit
                0x08001e38      0x2d4 CMakeFiles/ULText_DogLeg_infantry_robot.elf.dir/Core/Src/usart.c.obj
                0x08001e38                HAL_UART_MspInit
 .text.Reset_Handler
                0x0800210c       0x50 CMakeFiles/ULText_DogLeg_infantry_robot.elf.dir/Core/Startup/startup_stm32f407ighx.s.obj
                0x0800210c                Reset_Handler
 .text.Default_Handler
                0x0800215c        0x2 CMakeFiles/ULText_DogLeg_infantry_robot.elf.dir/Core/Startup/startup_stm32f407ighx.s.obj
                0x0800215c                RTC_Alarm_IRQHandler
                0x0800215c                HASH_RNG_IRQHandler
                0x0800215c                EXTI2_IRQHandler
                0x0800215c                TIM8_CC_IRQHandler
                0x0800215c                TIM1_CC_IRQHandler
                0x0800215c                DMA2_Stream5_IRQHandler
                0x0800215c                DMA1_Stream5_IRQHandler
                0x0800215c                PVD_IRQHandler
                0x0800215c                SDIO_IRQHandler
                0x0800215c                TAMP_STAMP_IRQHandler
                0x0800215c                CAN2_RX1_IRQHandler
                0x0800215c                EXTI3_IRQHandler
                0x0800215c                TIM8_TRG_COM_TIM14_IRQHandler
                0x0800215c                TIM1_UP_TIM10_IRQHandler
                0x0800215c                TIM8_UP_TIM13_IRQHandler
                0x0800215c                I2C3_ER_IRQHandler
                0x0800215c                EXTI0_IRQHandler
                0x0800215c                I2C2_EV_IRQHandler
                0x0800215c                DMA1_Stream2_IRQHandler
                0x0800215c                FPU_IRQHandler
                0x0800215c                OTG_HS_WKUP_IRQHandler
                0x0800215c                CAN2_SCE_IRQHandler
                0x0800215c                SPI1_IRQHandler
                0x0800215c                TIM6_DAC_IRQHandler
                0x0800215c                TIM1_BRK_TIM9_IRQHandler
                0x0800215c                DCMI_IRQHandler
                0x0800215c                DMA2_Stream3_IRQHandler
                0x0800215c                CAN1_RX1_IRQHandler
                0x0800215c                UART5_IRQHandler
                0x0800215c                DMA2_Stream0_IRQHandler
                0x0800215c                TIM4_IRQHandler
                0x0800215c                I2C1_EV_IRQHandler
                0x0800215c                DMA1_Stream6_IRQHandler
                0x0800215c                UART4_IRQHandler
                0x0800215c                TIM3_IRQHandler
                0x0800215c                RCC_IRQHandler
                0x0800215c                TIM8_BRK_TIM12_IRQHandler
                0x0800215c                Default_Handler
                0x0800215c                EXTI15_10_IRQHandler
                0x0800215c                ADC_IRQHandler
                0x0800215c                DMA1_Stream7_IRQHandler
                0x0800215c                CAN2_TX_IRQHandler
                0x0800215c                TIM5_IRQHandler
                0x0800215c                I2C3_EV_IRQHandler
                0x0800215c                EXTI9_5_IRQHandler
                0x0800215c                RTC_WKUP_IRQHandler
                0x0800215c                ETH_WKUP_IRQHandler
                0x0800215c                SPI2_IRQHandler
                0x0800215c                OTG_HS_EP1_IN_IRQHandler
                0x0800215c                DMA1_Stream0_IRQHandler
                0x0800215c                CAN1_TX_IRQHandler
                0x0800215c                EXTI4_IRQHandler
                0x0800215c                FSMC_IRQHandler
                0x0800215c                ETH_IRQHandler
                0x0800215c                OTG_HS_EP1_OUT_IRQHandler
                0x0800215c                WWDG_IRQHandler
                0x0800215c                TIM2_IRQHandler
                0x0800215c                OTG_FS_WKUP_IRQHandler
                0x0800215c                TIM1_TRG_COM_TIM11_IRQHandler
                0x0800215c                OTG_HS_IRQHandler
                0x0800215c                EXTI1_IRQHandler
                0x0800215c                USART2_IRQHandler
                0x0800215c                I2C2_ER_IRQHandler
                0x0800215c                CAN1_SCE_IRQHandler
                0x0800215c                FLASH_IRQHandler
                0x0800215c                DMA2_Stream4_IRQHandler
                0x0800215c                OTG_FS_IRQHandler
                0x0800215c                SPI3_IRQHandler
                0x0800215c                DMA1_Stream4_IRQHandler
                0x0800215c                I2C1_ER_IRQHandler
                0x0800215c                DMA1_Stream3_IRQHandler
 *fill*         0x0800215e        0x2 
 .text.HAL_Init
                0x08002160       0x34 CMakeFiles/ULText_DogLeg_infantry_robot.elf.dir/Drivers/STM32F4xx_HAL_Driver/Src/stm32f4xx_hal.c.obj
                0x08002160                HAL_Init
 .text.HAL_IncTick
                0x08002194       0x18 CMakeFiles/ULText_DogLeg_infantry_robot.elf.dir/Drivers/STM32F4xx_HAL_Driver/Src/stm32f4xx_hal.c.obj
                0x08002194                HAL_IncTick
 .text.HAL_GetTick
                0x080021ac        0xc CMakeFiles/ULText_DogLeg_infantry_robot.elf.dir/Drivers/STM32F4xx_HAL_Driver/Src/stm32f4xx_hal.c.obj
                0x080021ac                HAL_GetTick
 .text.HAL_CAN_Init
                0x080021b8      0x14c CMakeFiles/ULText_DogLeg_infantry_robot.elf.dir/Drivers/STM32F4xx_HAL_Driver/Src/stm32f4xx_hal_can.c.obj
                0x080021b8                HAL_CAN_Init
 .text.HAL_CAN_ConfigFilter
                0x08002304      0x138 CMakeFiles/ULText_DogLeg_infantry_robot.elf.dir/Drivers/STM32F4xx_HAL_Driver/Src/stm32f4xx_hal_can.c.obj
                0x08002304                HAL_CAN_ConfigFilter
 .text.HAL_CAN_Start
                0x0800243c       0x5c CMakeFiles/ULText_DogLeg_infantry_robot.elf.dir/Drivers/STM32F4xx_HAL_Driver/Src/stm32f4xx_hal_can.c.obj
                0x0800243c                HAL_CAN_Start
 .text.HAL_CAN_AddTxMessage
                0x08002498       0xea CMakeFiles/ULText_DogLeg_infantry_robot.elf.dir/Drivers/STM32F4xx_HAL_Driver/Src/stm32f4xx_hal_can.c.obj
                0x08002498                HAL_CAN_AddTxMessage
 .text.HAL_CAN_GetRxMessage
                0x08002582      0x16a CMakeFiles/ULText_DogLeg_infantry_robot.elf.dir/Drivers/STM32F4xx_HAL_Driver/Src/stm32f4xx_hal_can.c.obj
                0x08002582                HAL_CAN_GetRxMessage
 .text.HAL_CAN_ActivateNotification
                0x080026ec       0x24 CMakeFiles/ULText_DogLeg_infantry_robot.elf.dir/Drivers/STM32F4xx_HAL_Driver/Src/stm32f4xx_hal_can.c.obj
                0x080026ec                HAL_CAN_ActivateNotification
 .text.HAL_CAN_TxMailbox0CompleteCallback
                0x08002710        0x2 CMakeFiles/ULText_DogLeg_infantry_robot.elf.dir/Drivers/STM32F4xx_HAL_Driver/Src/stm32f4xx_hal_can.c.obj
                0x08002710                HAL_CAN_TxMailbox0CompleteCallback
 .text.HAL_CAN_TxMailbox1CompleteCallback
                0x08002712        0x2 CMakeFiles/ULText_DogLeg_infantry_robot.elf.dir/Drivers/STM32F4xx_HAL_Driver/Src/stm32f4xx_hal_can.c.obj
                0x08002712                HAL_CAN_TxMailbox1CompleteCallback
 .text.HAL_CAN_TxMailbox2CompleteCallback
                0x08002714        0x2 CMakeFiles/ULText_DogLeg_infantry_robot.elf.dir/Drivers/STM32F4xx_HAL_Driver/Src/stm32f4xx_hal_can.c.obj
                0x08002714                HAL_CAN_TxMailbox2CompleteCallback
 .text.HAL_CAN_TxMailbox0AbortCallback
                0x08002716        0x2 CMakeFiles/ULText_DogLeg_infantry_robot.elf.dir/Drivers/STM32F4xx_HAL_Driver/Src/stm32f4xx_hal_can.c.obj
                0x08002716                HAL_CAN_TxMailbox0AbortCallback
 .text.HAL_CAN_TxMailbox1AbortCallback
                0x08002718        0x2 CMakeFiles/ULText_DogLeg_infantry_robot.elf.dir/Drivers/STM32F4xx_HAL_Driver/Src/stm32f4xx_hal_can.c.obj
                0x08002718                HAL_CAN_TxMailbox1AbortCallback
 .text.HAL_CAN_TxMailbox2AbortCallback
                0x0800271a        0x2 CMakeFiles/ULText_DogLeg_infantry_robot.elf.dir/Drivers/STM32F4xx_HAL_Driver/Src/stm32f4xx_hal_can.c.obj
                0x0800271a                HAL_CAN_TxMailbox2AbortCallback
 .text.HAL_CAN_RxFifo0FullCallback
                0x0800271c        0x2 CMakeFiles/ULText_DogLeg_infantry_robot.elf.dir/Drivers/STM32F4xx_HAL_Driver/Src/stm32f4xx_hal_can.c.obj
                0x0800271c                HAL_CAN_RxFifo0FullCallback
 .text.HAL_CAN_RxFifo1MsgPendingCallback
                0x0800271e        0x2 CMakeFiles/ULText_DogLeg_infantry_robot.elf.dir/Drivers/STM32F4xx_HAL_Driver/Src/stm32f4xx_hal_can.c.obj
                0x0800271e                HAL_CAN_RxFifo1MsgPendingCallback
 .text.HAL_CAN_RxFifo1FullCallback
                0x08002720        0x2 CMakeFiles/ULText_DogLeg_infantry_robot.elf.dir/Drivers/STM32F4xx_HAL_Driver/Src/stm32f4xx_hal_can.c.obj
                0x08002720                HAL_CAN_RxFifo1FullCallback
 .text.HAL_CAN_SleepCallback
                0x08002722        0x2 CMakeFiles/ULText_DogLeg_infantry_robot.elf.dir/Drivers/STM32F4xx_HAL_Driver/Src/stm32f4xx_hal_can.c.obj
                0x08002722                HAL_CAN_SleepCallback
 .text.HAL_CAN_WakeUpFromRxMsgCallback
                0x08002724        0x2 CMakeFiles/ULText_DogLeg_infantry_robot.elf.dir/Drivers/STM32F4xx_HAL_Driver/Src/stm32f4xx_hal_can.c.obj
                0x08002724                HAL_CAN_WakeUpFromRxMsgCallback
 .text.HAL_CAN_ErrorCallback
                0x08002726        0x2 CMakeFiles/ULText_DogLeg_infantry_robot.elf.dir/Drivers/STM32F4xx_HAL_Driver/Src/stm32f4xx_hal_can.c.obj
                0x08002726                HAL_CAN_ErrorCallback
 .text.HAL_CAN_IRQHandler
                0x08002728      0x250 CMakeFiles/ULText_DogLeg_infantry_robot.elf.dir/Drivers/STM32F4xx_HAL_Driver/Src/stm32f4xx_hal_can.c.obj
                0x08002728                HAL_CAN_IRQHandler
 .text.__NVIC_EnableIRQ
                0x08002978       0x1c CMakeFiles/ULText_DogLeg_infantry_robot.elf.dir/Drivers/STM32F4xx_HAL_Driver/Src/stm32f4xx_hal_cortex.c.obj
 .text.__NVIC_SetPriority
                0x08002994       0x28 CMakeFiles/ULText_DogLeg_infantry_robot.elf.dir/Drivers/STM32F4xx_HAL_Driver/Src/stm32f4xx_hal_cortex.c.obj
 .text.NVIC_EncodePriority
                0x080029bc       0x3e CMakeFiles/ULText_DogLeg_infantry_robot.elf.dir/Drivers/STM32F4xx_HAL_Driver/Src/stm32f4xx_hal_cortex.c.obj
 *fill*         0x080029fa        0x2 
 .text.HAL_NVIC_SetPriorityGrouping
                0x080029fc       0x24 CMakeFiles/ULText_DogLeg_infantry_robot.elf.dir/Drivers/STM32F4xx_HAL_Driver/Src/stm32f4xx_hal_cortex.c.obj
                0x080029fc                HAL_NVIC_SetPriorityGrouping
 .text.HAL_NVIC_SetPriority
                0x08002a20       0x20 CMakeFiles/ULText_DogLeg_infantry_robot.elf.dir/Drivers/STM32F4xx_HAL_Driver/Src/stm32f4xx_hal_cortex.c.obj
                0x08002a20                HAL_NVIC_SetPriority
 .text.HAL_NVIC_EnableIRQ
                0x08002a40        0x8 CMakeFiles/ULText_DogLeg_infantry_robot.elf.dir/Drivers/STM32F4xx_HAL_Driver/Src/stm32f4xx_hal_cortex.c.obj
                0x08002a40                HAL_NVIC_EnableIRQ
 .text.DMA_SetConfig
                0x08002a48       0x2c CMakeFiles/ULText_DogLeg_infantry_robot.elf.dir/Drivers/STM32F4xx_HAL_Driver/Src/stm32f4xx_hal_dma.c.obj
 .text.DMA_CalcBaseAndBitshift
                0x08002a74       0x3c CMakeFiles/ULText_DogLeg_infantry_robot.elf.dir/Drivers/STM32F4xx_HAL_Driver/Src/stm32f4xx_hal_dma.c.obj
 .text.DMA_CheckFifoParam
                0x08002ab0       0x8e CMakeFiles/ULText_DogLeg_infantry_robot.elf.dir/Drivers/STM32F4xx_HAL_Driver/Src/stm32f4xx_hal_dma.c.obj
 *fill*         0x08002b3e        0x2 
 .text.HAL_DMA_Init
                0x08002b40       0xcc CMakeFiles/ULText_DogLeg_infantry_robot.elf.dir/Drivers/STM32F4xx_HAL_Driver/Src/stm32f4xx_hal_dma.c.obj
                0x08002b40                HAL_DMA_Init
 .text.HAL_DMA_Start_IT
                0x08002c0c       0x6a CMakeFiles/ULText_DogLeg_infantry_robot.elf.dir/Drivers/STM32F4xx_HAL_Driver/Src/stm32f4xx_hal_dma.c.obj
                0x08002c0c                HAL_DMA_Start_IT
 .text.HAL_DMA_Abort
                0x08002c76       0x94 CMakeFiles/ULText_DogLeg_infantry_robot.elf.dir/Drivers/STM32F4xx_HAL_Driver/Src/stm32f4xx_hal_dma.c.obj
                0x08002c76                HAL_DMA_Abort
 .text.HAL_DMA_Abort_IT
                0x08002d0a       0x26 CMakeFiles/ULText_DogLeg_infantry_robot.elf.dir/Drivers/STM32F4xx_HAL_Driver/Src/stm32f4xx_hal_dma.c.obj
                0x08002d0a                HAL_DMA_Abort_IT
 .text.HAL_DMA_IRQHandler
                0x08002d30      0x1dc CMakeFiles/ULText_DogLeg_infantry_robot.elf.dir/Drivers/STM32F4xx_HAL_Driver/Src/stm32f4xx_hal_dma.c.obj
                0x08002d30                HAL_DMA_IRQHandler
 .text.HAL_GPIO_Init
                0x08002f0c      0x1ec CMakeFiles/ULText_DogLeg_infantry_robot.elf.dir/Drivers/STM32F4xx_HAL_Driver/Src/stm32f4xx_hal_gpio.c.obj
                0x08002f0c                HAL_GPIO_Init
 .text.HAL_GPIO_WritePin
                0x080030f8        0xc CMakeFiles/ULText_DogLeg_infantry_robot.elf.dir/Drivers/STM32F4xx_HAL_Driver/Src/stm32f4xx_hal_gpio.c.obj
                0x080030f8                HAL_GPIO_WritePin
 .text.HAL_GPIO_TogglePin
                0x08003104       0x12 CMakeFiles/ULText_DogLeg_infantry_robot.elf.dir/Drivers/STM32F4xx_HAL_Driver/Src/stm32f4xx_hal_gpio.c.obj
                0x08003104                HAL_GPIO_TogglePin
 *fill*         0x08003116        0x2 
 .text.HAL_RCC_OscConfig
                0x08003118      0x3f8 CMakeFiles/ULText_DogLeg_infantry_robot.elf.dir/Drivers/STM32F4xx_HAL_Driver/Src/stm32f4xx_hal_rcc.c.obj
                0x08003118                HAL_RCC_OscConfig
 .text.HAL_RCC_GetSysClockFreq
                0x08003510       0xa8 CMakeFiles/ULText_DogLeg_infantry_robot.elf.dir/Drivers/STM32F4xx_HAL_Driver/Src/stm32f4xx_hal_rcc.c.obj
                0x08003510                HAL_RCC_GetSysClockFreq
 .text.HAL_RCC_ClockConfig
                0x080035b8      0x160 CMakeFiles/ULText_DogLeg_infantry_robot.elf.dir/Drivers/STM32F4xx_HAL_Driver/Src/stm32f4xx_hal_rcc.c.obj
                0x080035b8                HAL_RCC_ClockConfig
 .text.HAL_RCC_GetHCLKFreq
                0x08003718        0xc CMakeFiles/ULText_DogLeg_infantry_robot.elf.dir/Drivers/STM32F4xx_HAL_Driver/Src/stm32f4xx_hal_rcc.c.obj
                0x08003718                HAL_RCC_GetHCLKFreq
 .text.HAL_RCC_GetPCLK1Freq
                0x08003724       0x20 CMakeFiles/ULText_DogLeg_infantry_robot.elf.dir/Drivers/STM32F4xx_HAL_Driver/Src/stm32f4xx_hal_rcc.c.obj
                0x08003724                HAL_RCC_GetPCLK1Freq
 .text.HAL_RCC_GetPCLK2Freq
                0x08003744       0x20 CMakeFiles/ULText_DogLeg_infantry_robot.elf.dir/Drivers/STM32F4xx_HAL_Driver/Src/stm32f4xx_hal_rcc.c.obj
                0x08003744                HAL_RCC_GetPCLK2Freq
 .text.HAL_RCC_GetClockConfig
                0x08003764       0x3c CMakeFiles/ULText_DogLeg_infantry_robot.elf.dir/Drivers/STM32F4xx_HAL_Driver/Src/stm32f4xx_hal_rcc.c.obj
                0x08003764                HAL_RCC_GetClockConfig
 .text.SPI_WaitFlagStateUntilTimeout
                0x080037a0       0xc8 CMakeFiles/ULText_DogLeg_infantry_robot.elf.dir/Drivers/STM32F4xx_HAL_Driver/Src/stm32f4xx_hal_spi.c.obj
 .text.SPI_EndRxTxTransaction
                0x08003868       0x80 CMakeFiles/ULText_DogLeg_infantry_robot.elf.dir/Drivers/STM32F4xx_HAL_Driver/Src/stm32f4xx_hal_spi.c.obj
 .text.HAL_SPI_Init
                0x080038e8       0xbe CMakeFiles/ULText_DogLeg_infantry_robot.elf.dir/Drivers/STM32F4xx_HAL_Driver/Src/stm32f4xx_hal_spi.c.obj
                0x080038e8                HAL_SPI_Init
 .text.HAL_SPI_TransmitReceive
                0x080039a6      0x254 CMakeFiles/ULText_DogLeg_infantry_robot.elf.dir/Drivers/STM32F4xx_HAL_Driver/Src/stm32f4xx_hal_spi.c.obj
                0x080039a6                HAL_SPI_TransmitReceive
 *fill*         0x08003bfa        0x2 
 .text.TIM_OC1_SetConfig
                0x08003bfc       0x70 CMakeFiles/ULText_DogLeg_infantry_robot.elf.dir/Drivers/STM32F4xx_HAL_Driver/Src/stm32f4xx_hal_tim.c.obj
 .text.TIM_OC3_SetConfig
                0x08003c6c       0x70 CMakeFiles/ULText_DogLeg_infantry_robot.elf.dir/Drivers/STM32F4xx_HAL_Driver/Src/stm32f4xx_hal_tim.c.obj
 .text.TIM_OC4_SetConfig
                0x08003cdc       0x50 CMakeFiles/ULText_DogLeg_infantry_robot.elf.dir/Drivers/STM32F4xx_HAL_Driver/Src/stm32f4xx_hal_tim.c.obj
 .text.TIM_TI1_ConfigInputStage
                0x08003d2c       0x26 CMakeFiles/ULText_DogLeg_infantry_robot.elf.dir/Drivers/STM32F4xx_HAL_Driver/Src/stm32f4xx_hal_tim.c.obj
 .text.TIM_TI2_ConfigInputStage
                0x08003d52       0x28 CMakeFiles/ULText_DogLeg_infantry_robot.elf.dir/Drivers/STM32F4xx_HAL_Driver/Src/stm32f4xx_hal_tim.c.obj
 .text.TIM_ITRx_SetConfig
                0x08003d7a       0x10 CMakeFiles/ULText_DogLeg_infantry_robot.elf.dir/Drivers/STM32F4xx_HAL_Driver/Src/stm32f4xx_hal_tim.c.obj
 *fill*         0x08003d8a        0x2 
 .text.HAL_TIM_Base_Start
                0x08003d8c       0x7c CMakeFiles/ULText_DogLeg_infantry_robot.elf.dir/Drivers/STM32F4xx_HAL_Driver/Src/stm32f4xx_hal_tim.c.obj
                0x08003d8c                HAL_TIM_Base_Start
 .text.HAL_TIM_Base_Start_IT
                0x08003e08       0x88 CMakeFiles/ULText_DogLeg_infantry_robot.elf.dir/Drivers/STM32F4xx_HAL_Driver/Src/stm32f4xx_hal_tim.c.obj
                0x08003e08                HAL_TIM_Base_Start_IT
 .text.HAL_TIM_PWM_MspInit
                0x08003e90        0x2 CMakeFiles/ULText_DogLeg_infantry_robot.elf.dir/Drivers/STM32F4xx_HAL_Driver/Src/stm32f4xx_hal_tim.c.obj
                0x08003e90                HAL_TIM_PWM_MspInit
 .text.HAL_TIM_OC_DelayElapsedCallback
                0x08003e92        0x2 CMakeFiles/ULText_DogLeg_infantry_robot.elf.dir/Drivers/STM32F4xx_HAL_Driver/Src/stm32f4xx_hal_tim.c.obj
                0x08003e92                HAL_TIM_OC_DelayElapsedCallback
 .text.HAL_TIM_IC_CaptureCallback
                0x08003e94        0x2 CMakeFiles/ULText_DogLeg_infantry_robot.elf.dir/Drivers/STM32F4xx_HAL_Driver/Src/stm32f4xx_hal_tim.c.obj
                0x08003e94                HAL_TIM_IC_CaptureCallback
 .text.HAL_TIM_PWM_PulseFinishedCallback
                0x08003e96        0x2 CMakeFiles/ULText_DogLeg_infantry_robot.elf.dir/Drivers/STM32F4xx_HAL_Driver/Src/stm32f4xx_hal_tim.c.obj
                0x08003e96                HAL_TIM_PWM_PulseFinishedCallback
 .text.HAL_TIM_TriggerCallback
                0x08003e98        0x2 CMakeFiles/ULText_DogLeg_infantry_robot.elf.dir/Drivers/STM32F4xx_HAL_Driver/Src/stm32f4xx_hal_tim.c.obj
                0x08003e98                HAL_TIM_TriggerCallback
 .text.HAL_TIM_IRQHandler
                0x08003e9a      0x15e CMakeFiles/ULText_DogLeg_infantry_robot.elf.dir/Drivers/STM32F4xx_HAL_Driver/Src/stm32f4xx_hal_tim.c.obj
                0x08003e9a                HAL_TIM_IRQHandler
 .text.TIM_Base_SetConfig
                0x08003ff8       0xd8 CMakeFiles/ULText_DogLeg_infantry_robot.elf.dir/Drivers/STM32F4xx_HAL_Driver/Src/stm32f4xx_hal_tim.c.obj
                0x08003ff8                TIM_Base_SetConfig
 .text.HAL_TIM_Base_Init
                0x080040d0       0x58 CMakeFiles/ULText_DogLeg_infantry_robot.elf.dir/Drivers/STM32F4xx_HAL_Driver/Src/stm32f4xx_hal_tim.c.obj
                0x080040d0                HAL_TIM_Base_Init
 .text.HAL_TIM_PWM_Init
                0x08004128       0x58 CMakeFiles/ULText_DogLeg_infantry_robot.elf.dir/Drivers/STM32F4xx_HAL_Driver/Src/stm32f4xx_hal_tim.c.obj
                0x08004128                HAL_TIM_PWM_Init
 .text.TIM_OC2_SetConfig
                0x08004180       0x70 CMakeFiles/ULText_DogLeg_infantry_robot.elf.dir/Drivers/STM32F4xx_HAL_Driver/Src/stm32f4xx_hal_tim.c.obj
                0x08004180                TIM_OC2_SetConfig
 .text.HAL_TIM_PWM_ConfigChannel
                0x080041f0       0xdc CMakeFiles/ULText_DogLeg_infantry_robot.elf.dir/Drivers/STM32F4xx_HAL_Driver/Src/stm32f4xx_hal_tim.c.obj
                0x080041f0                HAL_TIM_PWM_ConfigChannel
 .text.TIM_ETR_SetConfig
                0x080042cc       0x1a CMakeFiles/ULText_DogLeg_infantry_robot.elf.dir/Drivers/STM32F4xx_HAL_Driver/Src/stm32f4xx_hal_tim.c.obj
                0x080042cc                TIM_ETR_SetConfig
 .text.HAL_TIM_ConfigClockSource
                0x080042e6       0xfe CMakeFiles/ULText_DogLeg_infantry_robot.elf.dir/Drivers/STM32F4xx_HAL_Driver/Src/stm32f4xx_hal_tim.c.obj
                0x080042e6                HAL_TIM_ConfigClockSource
 .text.TIM_CCxChannelCmd
                0x080043e4       0x1e CMakeFiles/ULText_DogLeg_infantry_robot.elf.dir/Drivers/STM32F4xx_HAL_Driver/Src/stm32f4xx_hal_tim.c.obj
                0x080043e4                TIM_CCxChannelCmd
 *fill*         0x08004402        0x2 
 .text.HAL_TIM_PWM_Start
                0x08004404      0x104 CMakeFiles/ULText_DogLeg_infantry_robot.elf.dir/Drivers/STM32F4xx_HAL_Driver/Src/stm32f4xx_hal_tim.c.obj
                0x08004404                HAL_TIM_PWM_Start
 .text.HAL_TIMEx_MasterConfigSynchronization
                0x08004508       0x8c CMakeFiles/ULText_DogLeg_infantry_robot.elf.dir/Drivers/STM32F4xx_HAL_Driver/Src/stm32f4xx_hal_tim_ex.c.obj
                0x08004508                HAL_TIMEx_MasterConfigSynchronization
 .text.HAL_TIMEx_ConfigBreakDeadTime
                0x08004594       0x52 CMakeFiles/ULText_DogLeg_infantry_robot.elf.dir/Drivers/STM32F4xx_HAL_Driver/Src/stm32f4xx_hal_tim_ex.c.obj
                0x08004594                HAL_TIMEx_ConfigBreakDeadTime
 .text.HAL_TIMEx_CommutCallback
                0x080045e6        0x2 CMakeFiles/ULText_DogLeg_infantry_robot.elf.dir/Drivers/STM32F4xx_HAL_Driver/Src/stm32f4xx_hal_tim_ex.c.obj
                0x080045e6                HAL_TIMEx_CommutCallback
 .text.HAL_TIMEx_BreakCallback
                0x080045e8        0x2 CMakeFiles/ULText_DogLeg_infantry_robot.elf.dir/Drivers/STM32F4xx_HAL_Driver/Src/stm32f4xx_hal_tim_ex.c.obj
                0x080045e8                HAL_TIMEx_BreakCallback
 .text.UART_EndTxTransfer
                0x080045ea       0x20 CMakeFiles/ULText_DogLeg_infantry_robot.elf.dir/Drivers/STM32F4xx_HAL_Driver/Src/stm32f4xx_hal_uart.c.obj
 .text.UART_EndRxTransfer
                0x0800460a       0x5c CMakeFiles/ULText_DogLeg_infantry_robot.elf.dir/Drivers/STM32F4xx_HAL_Driver/Src/stm32f4xx_hal_uart.c.obj
 .text.UART_Transmit_IT
                0x08004666       0x60 CMakeFiles/ULText_DogLeg_infantry_robot.elf.dir/Drivers/STM32F4xx_HAL_Driver/Src/stm32f4xx_hal_uart.c.obj
 *fill*         0x080046c6        0x2 
 .text.UART_SetConfig
                0x080046c8      0x110 CMakeFiles/ULText_DogLeg_infantry_robot.elf.dir/Drivers/STM32F4xx_HAL_Driver/Src/stm32f4xx_hal_uart.c.obj
 .text.UART_WaitOnFlagUntilTimeout
                0x080047d8       0x86 CMakeFiles/ULText_DogLeg_infantry_robot.elf.dir/Drivers/STM32F4xx_HAL_Driver/Src/stm32f4xx_hal_uart.c.obj
 .text.HAL_UART_Init
                0x0800485e       0x60 CMakeFiles/ULText_DogLeg_infantry_robot.elf.dir/Drivers/STM32F4xx_HAL_Driver/Src/stm32f4xx_hal_uart.c.obj
                0x0800485e                HAL_UART_Init
 .text.HAL_UART_Transmit
                0x080048be       0xcc CMakeFiles/ULText_DogLeg_infantry_robot.elf.dir/Drivers/STM32F4xx_HAL_Driver/Src/stm32f4xx_hal_uart.c.obj
                0x080048be                HAL_UART_Transmit
 .text.HAL_UART_Transmit_IT
                0x0800498a       0x38 CMakeFiles/ULText_DogLeg_infantry_robot.elf.dir/Drivers/STM32F4xx_HAL_Driver/Src/stm32f4xx_hal_uart.c.obj
                0x0800498a                HAL_UART_Transmit_IT
 .text.HAL_UART_TxCpltCallback
                0x080049c2        0x2 CMakeFiles/ULText_DogLeg_infantry_robot.elf.dir/Drivers/STM32F4xx_HAL_Driver/Src/stm32f4xx_hal_uart.c.obj
                0x080049c2                HAL_UART_TxCpltCallback
 .text.UART_EndTransmit_IT
                0x080049c4       0x1a CMakeFiles/ULText_DogLeg_infantry_robot.elf.dir/Drivers/STM32F4xx_HAL_Driver/Src/stm32f4xx_hal_uart.c.obj
 .text.HAL_UART_RxHalfCpltCallback
                0x080049de        0x2 CMakeFiles/ULText_DogLeg_infantry_robot.elf.dir/Drivers/STM32F4xx_HAL_Driver/Src/stm32f4xx_hal_uart.c.obj
                0x080049de                HAL_UART_RxHalfCpltCallback
 .text.HAL_UART_ErrorCallback
                0x080049e0        0x2 CMakeFiles/ULText_DogLeg_infantry_robot.elf.dir/Drivers/STM32F4xx_HAL_Driver/Src/stm32f4xx_hal_uart.c.obj
                0x080049e0                HAL_UART_ErrorCallback
 .text.UART_DMAError
                0x080049e2       0x58 CMakeFiles/ULText_DogLeg_infantry_robot.elf.dir/Drivers/STM32F4xx_HAL_Driver/Src/stm32f4xx_hal_uart.c.obj
 .text.UART_DMAAbortOnError
                0x08004a3a       0x10 CMakeFiles/ULText_DogLeg_infantry_robot.elf.dir/Drivers/STM32F4xx_HAL_Driver/Src/stm32f4xx_hal_uart.c.obj
 .text.HAL_UARTEx_RxEventCallback
                0x08004a4a        0x2 CMakeFiles/ULText_DogLeg_infantry_robot.elf.dir/Drivers/STM32F4xx_HAL_Driver/Src/stm32f4xx_hal_uart.c.obj
                0x08004a4a                HAL_UARTEx_RxEventCallback
 .text.UART_Receive_IT
                0x08004a4c       0xe6 CMakeFiles/ULText_DogLeg_infantry_robot.elf.dir/Drivers/STM32F4xx_HAL_Driver/Src/stm32f4xx_hal_uart.c.obj
 *fill*         0x08004b32        0x2 
 .text.HAL_UART_IRQHandler
                0x08004b34      0x284 CMakeFiles/ULText_DogLeg_infantry_robot.elf.dir/Drivers/STM32F4xx_HAL_Driver/Src/stm32f4xx_hal_uart.c.obj
                0x08004b34                HAL_UART_IRQHandler
 .text.UART_DMARxHalfCplt
                0x08004db8       0x1e CMakeFiles/ULText_DogLeg_infantry_robot.elf.dir/Drivers/STM32F4xx_HAL_Driver/Src/stm32f4xx_hal_uart.c.obj
 .text.UART_DMAReceiveCplt
                0x08004dd6       0x9a CMakeFiles/ULText_DogLeg_infantry_robot.elf.dir/Drivers/STM32F4xx_HAL_Driver/Src/stm32f4xx_hal_uart.c.obj
 .text.UART_Start_Receive_DMA
                0x08004e70       0xa4 CMakeFiles/ULText_DogLeg_infantry_robot.elf.dir/Drivers/STM32F4xx_HAL_Driver/Src/stm32f4xx_hal_uart.c.obj
                0x08004e70                UART_Start_Receive_DMA
 .text.HAL_UART_Receive_DMA
                0x08004f14       0x26 CMakeFiles/ULText_DogLeg_infantry_robot.elf.dir/Drivers/STM32F4xx_HAL_Driver/Src/stm32f4xx_hal_uart.c.obj
                0x08004f14                HAL_UART_Receive_DMA
 .text.makeFreeRtosPriority
                0x08004f3a        0xc CMakeFiles/ULText_DogLeg_infantry_robot.elf.dir/Middlewares/Third_Party/FreeRTOS/Source/CMSIS_RTOS/cmsis_os.c.obj
 .text.osKernelStart
                0x08004f46        0xa CMakeFiles/ULText_DogLeg_infantry_robot.elf.dir/Middlewares/Third_Party/FreeRTOS/Source/CMSIS_RTOS/cmsis_os.c.obj
                0x08004f46                osKernelStart
 .text.osThreadCreate
                0x08004f50       0x66 CMakeFiles/ULText_DogLeg_infantry_robot.elf.dir/Middlewares/Third_Party/FreeRTOS/Source/CMSIS_RTOS/cmsis_os.c.obj
                0x08004f50                osThreadCreate
 .text.osDelay  0x08004fb6        0xe CMakeFiles/ULText_DogLeg_infantry_robot.elf.dir/Middlewares/Third_Party/FreeRTOS/Source/CMSIS_RTOS/cmsis_os.c.obj
                0x08004fb6                osDelay
 .text.vListInitialise
                0x08004fc4       0x16 CMakeFiles/ULText_DogLeg_infantry_robot.elf.dir/Middlewares/Third_Party/FreeRTOS/Source/list.c.obj
                0x08004fc4                vListInitialise
 .text.vListInitialiseItem
                0x08004fda        0x6 CMakeFiles/ULText_DogLeg_infantry_robot.elf.dir/Middlewares/Third_Party/FreeRTOS/Source/list.c.obj
                0x08004fda                vListInitialiseItem
 .text.vListInsertEnd
                0x08004fe0       0x16 CMakeFiles/ULText_DogLeg_infantry_robot.elf.dir/Middlewares/Third_Party/FreeRTOS/Source/list.c.obj
                0x08004fe0                vListInsertEnd
 .text.vListInsert
                0x08004ff6       0x32 CMakeFiles/ULText_DogLeg_infantry_robot.elf.dir/Middlewares/Third_Party/FreeRTOS/Source/list.c.obj
                0x08004ff6                vListInsert
 .text.uxListRemove
                0x08005028       0x26 CMakeFiles/ULText_DogLeg_infantry_robot.elf.dir/Middlewares/Third_Party/FreeRTOS/Source/list.c.obj
                0x08005028                uxListRemove
 *fill*         0x0800504e        0x2 
 .text.prvTaskExitError
                0x08005050       0x40 CMakeFiles/ULText_DogLeg_infantry_robot.elf.dir/Middlewares/Third_Party/FreeRTOS/Source/portable/GCC/ARM_CM4F/port.c.obj
 .text.prvPortStartFirstTask
                0x08005090       0x28 CMakeFiles/ULText_DogLeg_infantry_robot.elf.dir/Middlewares/Third_Party/FreeRTOS/Source/portable/GCC/ARM_CM4F/port.c.obj
 .text.vPortEnableVFP
                0x080050b8       0x14 CMakeFiles/ULText_DogLeg_infantry_robot.elf.dir/Middlewares/Third_Party/FreeRTOS/Source/portable/GCC/ARM_CM4F/port.c.obj
 .text.pxPortInitialiseStack
                0x080050cc       0x2c CMakeFiles/ULText_DogLeg_infantry_robot.elf.dir/Middlewares/Third_Party/FreeRTOS/Source/portable/GCC/ARM_CM4F/port.c.obj
                0x080050cc                pxPortInitialiseStack
 *fill*         0x080050f8        0x8 
 .text.SVC_Handler
                0x08005100       0x24 CMakeFiles/ULText_DogLeg_infantry_robot.elf.dir/Middlewares/Third_Party/FreeRTOS/Source/portable/GCC/ARM_CM4F/port.c.obj
                0x08005100                SVC_Handler
 .text.vPortEnterCritical
                0x08005124       0x44 CMakeFiles/ULText_DogLeg_infantry_robot.elf.dir/Middlewares/Third_Party/FreeRTOS/Source/portable/GCC/ARM_CM4F/port.c.obj
                0x08005124                vPortEnterCritical
 .text.vPortExitCritical
                0x08005168       0x2c CMakeFiles/ULText_DogLeg_infantry_robot.elf.dir/Middlewares/Third_Party/FreeRTOS/Source/portable/GCC/ARM_CM4F/port.c.obj
                0x08005168                vPortExitCritical
 *fill*         0x08005194        0xc 
 .text.PendSV_Handler
                0x080051a0       0x64 CMakeFiles/ULText_DogLeg_infantry_robot.elf.dir/Middlewares/Third_Party/FreeRTOS/Source/portable/GCC/ARM_CM4F/port.c.obj
                0x080051a0                PendSV_Handler
 .text.SysTick_Handler
                0x08005204       0x2c CMakeFiles/ULText_DogLeg_infantry_robot.elf.dir/Middlewares/Third_Party/FreeRTOS/Source/portable/GCC/ARM_CM4F/port.c.obj
                0x08005204                SysTick_Handler
 .text.vPortSetupTimerInterrupt
                0x08005230       0x28 CMakeFiles/ULText_DogLeg_infantry_robot.elf.dir/Middlewares/Third_Party/FreeRTOS/Source/portable/GCC/ARM_CM4F/port.c.obj
                0x08005230                vPortSetupTimerInterrupt
 .text.xPortStartScheduler
                0x08005258      0x118 CMakeFiles/ULText_DogLeg_infantry_robot.elf.dir/Middlewares/Third_Party/FreeRTOS/Source/portable/GCC/ARM_CM4F/port.c.obj
                0x08005258                xPortStartScheduler
 .text.prvHeapInit
                0x08005370       0x64 CMakeFiles/ULText_DogLeg_infantry_robot.elf.dir/Middlewares/Third_Party/FreeRTOS/Source/portable/MemMang/heap_4.c.obj
 .text.prvInsertBlockIntoFreeList
                0x080053d4       0x64 CMakeFiles/ULText_DogLeg_infantry_robot.elf.dir/Middlewares/Third_Party/FreeRTOS/Source/portable/MemMang/heap_4.c.obj
 .text.pvPortMalloc
                0x08005438      0x104 CMakeFiles/ULText_DogLeg_infantry_robot.elf.dir/Middlewares/Third_Party/FreeRTOS/Source/portable/MemMang/heap_4.c.obj
                0x08005438                pvPortMalloc
 .text.vPortFree
                0x0800553c       0x7c CMakeFiles/ULText_DogLeg_infantry_robot.elf.dir/Middlewares/Third_Party/FreeRTOS/Source/portable/MemMang/heap_4.c.obj
                0x0800553c                vPortFree
 .text.prvResetNextTaskUnblockTime
                0x080055b8       0x2c CMakeFiles/ULText_DogLeg_infantry_robot.elf.dir/Middlewares/Third_Party/FreeRTOS/Source/tasks.c.obj
 .text.prvInitialiseNewTask
                0x080055e4       0xfc CMakeFiles/ULText_DogLeg_infantry_robot.elf.dir/Middlewares/Third_Party/FreeRTOS/Source/tasks.c.obj
 .text.prvInitialiseTaskLists
                0x080056e0       0x68 CMakeFiles/ULText_DogLeg_infantry_robot.elf.dir/Middlewares/Third_Party/FreeRTOS/Source/tasks.c.obj
 .text.prvAddNewTaskToReadyList
                0x08005748       0xa8 CMakeFiles/ULText_DogLeg_infantry_robot.elf.dir/Middlewares/Third_Party/FreeRTOS/Source/tasks.c.obj
 .text.prvDeleteTCB
                0x080057f0       0x40 CMakeFiles/ULText_DogLeg_infantry_robot.elf.dir/Middlewares/Third_Party/FreeRTOS/Source/tasks.c.obj
 .text.prvCheckTasksWaitingTermination
                0x08005830       0x4c CMakeFiles/ULText_DogLeg_infantry_robot.elf.dir/Middlewares/Third_Party/FreeRTOS/Source/tasks.c.obj
 .text.prvIdleTask
                0x0800587c       0x28 CMakeFiles/ULText_DogLeg_infantry_robot.elf.dir/Middlewares/Third_Party/FreeRTOS/Source/tasks.c.obj
 .text.prvAddCurrentTaskToDelayedList
                0x080058a4       0x98 CMakeFiles/ULText_DogLeg_infantry_robot.elf.dir/Middlewares/Third_Party/FreeRTOS/Source/tasks.c.obj
 .text.xTaskCreateStatic
                0x0800593c       0x7a CMakeFiles/ULText_DogLeg_infantry_robot.elf.dir/Middlewares/Third_Party/FreeRTOS/Source/tasks.c.obj
                0x0800593c                xTaskCreateStatic
 .text.xTaskCreate
                0x080059b6       0x66 CMakeFiles/ULText_DogLeg_infantry_robot.elf.dir/Middlewares/Third_Party/FreeRTOS/Source/tasks.c.obj
                0x080059b6                xTaskCreate
 .text.vTaskStartScheduler
                0x08005a1c       0x84 CMakeFiles/ULText_DogLeg_infantry_robot.elf.dir/Middlewares/Third_Party/FreeRTOS/Source/tasks.c.obj
                0x08005a1c                vTaskStartScheduler
 .text.vTaskSuspendAll
                0x08005aa0       0x10 CMakeFiles/ULText_DogLeg_infantry_robot.elf.dir/Middlewares/Third_Party/FreeRTOS/Source/tasks.c.obj
                0x08005aa0                vTaskSuspendAll
 .text.xTaskIncrementTick
                0x08005ab0      0x118 CMakeFiles/ULText_DogLeg_infantry_robot.elf.dir/Middlewares/Third_Party/FreeRTOS/Source/tasks.c.obj
                0x08005ab0                xTaskIncrementTick
 .text.xTaskResumeAll
                0x08005bc8       0xf8 CMakeFiles/ULText_DogLeg_infantry_robot.elf.dir/Middlewares/Third_Party/FreeRTOS/Source/tasks.c.obj
                0x08005bc8                xTaskResumeAll
 .text.vTaskDelay
                0x08005cc0       0x4c CMakeFiles/ULText_DogLeg_infantry_robot.elf.dir/Middlewares/Third_Party/FreeRTOS/Source/tasks.c.obj
                0x08005cc0                vTaskDelay
 .text.vTaskSwitchContext
                0x08005d0c       0xa4 CMakeFiles/ULText_DogLeg_infantry_robot.elf.dir/Middlewares/Third_Party/FreeRTOS/Source/tasks.c.obj
                0x08005d0c                vTaskSwitchContext
 .text.BMI088_GPIO_init
                0x08005db0        0x2 CMakeFiles/ULText_DogLeg_infantry_robot.elf.dir/code_mf/Src/BMI088Middleware.c.obj
                0x08005db0                BMI088_GPIO_init
 .text.BMI088_com_init
                0x08005db2        0x2 CMakeFiles/ULText_DogLeg_infantry_robot.elf.dir/code_mf/Src/BMI088Middleware.c.obj
                0x08005db2                BMI088_com_init
 .text.BMI088_delay_us
                0x08005db4       0x16 CMakeFiles/ULText_DogLeg_infantry_robot.elf.dir/code_mf/Src/BMI088Middleware.c.obj
                0x08005db4                BMI088_delay_us
 .text.BMI088_delay_ms
                0x08005dca       0x18 CMakeFiles/ULText_DogLeg_infantry_robot.elf.dir/code_mf/Src/BMI088Middleware.c.obj
                0x08005dca                BMI088_delay_ms
 *fill*         0x08005de2        0x2 
 .text.BMI088_ACCEL_NS_L
                0x08005de4       0x14 CMakeFiles/ULText_DogLeg_infantry_robot.elf.dir/code_mf/Src/BMI088Middleware.c.obj
                0x08005de4                BMI088_ACCEL_NS_L
 .text.BMI088_ACCEL_NS_H
                0x08005df8       0x14 CMakeFiles/ULText_DogLeg_infantry_robot.elf.dir/code_mf/Src/BMI088Middleware.c.obj
                0x08005df8                BMI088_ACCEL_NS_H
 .text.BMI088_GYRO_NS_L
                0x08005e0c       0x14 CMakeFiles/ULText_DogLeg_infantry_robot.elf.dir/code_mf/Src/BMI088Middleware.c.obj
                0x08005e0c                BMI088_GYRO_NS_L
 .text.BMI088_GYRO_NS_H
                0x08005e20       0x14 CMakeFiles/ULText_DogLeg_infantry_robot.elf.dir/code_mf/Src/BMI088Middleware.c.obj
                0x08005e20                BMI088_GYRO_NS_H
 .text.BMI088_read_write_byte
                0x08005e34       0x2c CMakeFiles/ULText_DogLeg_infantry_robot.elf.dir/code_mf/Src/BMI088Middleware.c.obj
                0x08005e34                BMI088_read_write_byte
 .text.BMI088_write_single_reg
                0x08005e60       0x10 CMakeFiles/ULText_DogLeg_infantry_robot.elf.dir/code_mf/Src/BMI088driver.c.obj
 .text.BMI088_read_single_reg
                0x08005e70       0x16 CMakeFiles/ULText_DogLeg_infantry_robot.elf.dir/code_mf/Src/BMI088driver.c.obj
 .text.BMI088_read_muli_reg
                0x08005e86       0x24 CMakeFiles/ULText_DogLeg_infantry_robot.elf.dir/code_mf/Src/BMI088driver.c.obj
 *fill*         0x08005eaa        0x2 
 .text.bmi088_accel_init
                0x08005eac      0x10c CMakeFiles/ULText_DogLeg_infantry_robot.elf.dir/code_mf/Src/BMI088driver.c.obj
                0x08005eac                bmi088_accel_init
 .text.bmi088_gyro_init
                0x08005fb8       0xf0 CMakeFiles/ULText_DogLeg_infantry_robot.elf.dir/code_mf/Src/BMI088driver.c.obj
                0x08005fb8                bmi088_gyro_init
 .text.BMI088_init
                0x080060a8       0x1a CMakeFiles/ULText_DogLeg_infantry_robot.elf.dir/code_mf/Src/BMI088driver.c.obj
                0x080060a8                BMI088_init
 *fill*         0x080060c2        0x2 
 .text.BMI088_read
                0x080060c4      0x164 CMakeFiles/ULText_DogLeg_infantry_robot.elf.dir/code_mf/Src/BMI088driver.c.obj
                0x080060c4                BMI088_read
 .text.HAL_CAN_RxFifo0MsgPendingCallback
                0x08006228      0x358 CMakeFiles/ULText_DogLeg_infantry_robot.elf.dir/code_mf/Src/CAN_receive.c.obj
                0x08006228                HAL_CAN_RxFifo0MsgPendingCallback
 .text.CAN2_cmd_pitch
                0x08006580       0x58 CMakeFiles/ULText_DogLeg_infantry_robot.elf.dir/code_mf/Src/CAN_receive.c.obj
                0x08006580                CAN2_cmd_pitch
 .text.CAN2_cmd_friction_wheels
                0x080065d8       0x54 CMakeFiles/ULText_DogLeg_infantry_robot.elf.dir/code_mf/Src/CAN_receive.c.obj
                0x080065d8                CAN2_cmd_friction_wheels
 .text.CAN1_cmd_chassis
                0x0800662c       0x54 CMakeFiles/ULText_DogLeg_infantry_robot.elf.dir/code_mf/Src/CAN_receive.c.obj
                0x0800662c                CAN1_cmd_chassis
 .text.CAN1_cmd_yaw
                0x08006680       0x54 CMakeFiles/ULText_DogLeg_infantry_robot.elf.dir/code_mf/Src/CAN_receive.c.obj
                0x08006680                CAN1_cmd_yaw
 .text.IMU_DATA_GET
                0x080066d4       0xdc CMakeFiles/ULText_DogLeg_infantry_robot.elf.dir/code_mf/Src/IMU_DATA_GET.c.obj
                0x080066d4                IMU_DATA_GET
 .text.invSqrt  0x080067b0       0x30 CMakeFiles/ULText_DogLeg_infantry_robot.elf.dir/code_mf/Src/MahonyAHRS.c.obj
                0x080067b0                invSqrt
 .text.MahonyAHRSupdateIMU
                0x080067e0      0x268 CMakeFiles/ULText_DogLeg_infantry_robot.elf.dir/code_mf/Src/MahonyAHRS.c.obj
                0x080067e0                MahonyAHRSupdateIMU
 .text.MahonyAHRSupdate
                0x08006a48      0x3e4 CMakeFiles/ULText_DogLeg_infantry_robot.elf.dir/code_mf/Src/MahonyAHRS.c.obj
                0x08006a48                MahonyAHRSupdate
 .text.get_angle
                0x08006e2c       0xbc CMakeFiles/ULText_DogLeg_infantry_robot.elf.dir/code_mf/Src/MahonyAHRS.c.obj
                0x08006e2c                get_angle
 .text.auto_aim_communication_data_parse
                0x08006ee8       0x74 CMakeFiles/ULText_DogLeg_infantry_robot.elf.dir/code_mf/Src/auto_aim.c.obj
                0x08006ee8                auto_aim_communication_data_parse
 .text.sent_data_update
                0x08006f5c       0x60 CMakeFiles/ULText_DogLeg_infantry_robot.elf.dir/code_mf/Src/auto_aim.c.obj
                0x08006f5c                sent_data_update
 .text.board_LED
                0x08006fbc       0x40 CMakeFiles/ULText_DogLeg_infantry_robot.elf.dir/code_mf/Src/board_LED.c.obj
                0x08006fbc                board_LED
 .text.can_filter_init
                0x08006ffc       0x5c CMakeFiles/ULText_DogLeg_infantry_robot.elf.dir/code_mf/Src/bsp_can.c.obj
                0x08006ffc                can_filter_init
 .text.RC_init  0x08007058       0x68 CMakeFiles/ULText_DogLeg_infantry_robot.elf.dir/code_mf/Src/bsp_rc.c.obj
                0x08007058                RC_init
 .text.CanTransmit
                0x080070c0       0x60 CMakeFiles/ULText_DogLeg_infantry_robot.elf.dir/code_mf/Src/can_comm.c.obj
 .text.float_to_uint
                0x08007120       0x2a CMakeFiles/ULText_DogLeg_infantry_robot.elf.dir/code_mf/Src/can_comm.c.obj
                0x08007120                float_to_uint
 .text.uint_to_float
                0x0800714a       0x28 CMakeFiles/ULText_DogLeg_infantry_robot.elf.dir/code_mf/Src/can_comm.c.obj
                0x0800714a                uint_to_float
 *fill*         0x08007172        0x2 
 .text.CanComm_SendControlPara
                0x08007174      0x100 CMakeFiles/ULText_DogLeg_infantry_robot.elf.dir/code_mf/Src/can_comm.c.obj
                0x08007174                CanComm_SendControlPara
 .text.CanComm_ControlCmd
                0x08007274       0x60 CMakeFiles/ULText_DogLeg_infantry_robot.elf.dir/code_mf/Src/can_comm.c.obj
                0x08007274                CanComm_ControlCmd
 .text.can_rm_cmd_all
                0x080072d4       0x46 CMakeFiles/ULText_DogLeg_infantry_robot.elf.dir/code_mf/Src/can_sent.c.obj
                0x080072d4                can_rm_cmd_all
 *fill*         0x0800731a        0x2 
 .text.can_xiaomi_cmd_all
                0x0800731c      0x1a4 CMakeFiles/ULText_DogLeg_infantry_robot.elf.dir/code_mf/Src/can_sent.c.obj
                0x0800731c                can_xiaomi_cmd_all
 .text.can_sent
                0x080074c0      0x15c CMakeFiles/ULText_DogLeg_infantry_robot.elf.dir/code_mf/Src/can_sent.c.obj
                0x080074c0                can_sent
 .text.chassis_speed_compute
                0x0800761c       0x50 CMakeFiles/ULText_DogLeg_infantry_robot.elf.dir/code_mf/Src/chassis_motor_control.c.obj
                0x0800761c                chassis_speed_compute
 .text.chassis_3508_id1_speed_pid_init
                0x0800766c       0x28 CMakeFiles/ULText_DogLeg_infantry_robot.elf.dir/code_mf/Src/chassis_motor_control.c.obj
                0x0800766c                chassis_3508_id1_speed_pid_init
 .text.chassis_3508_id1_speed_pid_loop
                0x08007694       0x38 CMakeFiles/ULText_DogLeg_infantry_robot.elf.dir/code_mf/Src/chassis_motor_control.c.obj
                0x08007694                chassis_3508_id1_speed_pid_loop
 .text.chassis_3508_id2_speed_pid_init
                0x080076cc       0x28 CMakeFiles/ULText_DogLeg_infantry_robot.elf.dir/code_mf/Src/chassis_motor_control.c.obj
                0x080076cc                chassis_3508_id2_speed_pid_init
 .text.chassis_3508_id2_speed_pid_loop
                0x080076f4       0x38 CMakeFiles/ULText_DogLeg_infantry_robot.elf.dir/code_mf/Src/chassis_motor_control.c.obj
                0x080076f4                chassis_3508_id2_speed_pid_loop
 .text.chassis_3508_id3_speed_pid_init
                0x0800772c       0x28 CMakeFiles/ULText_DogLeg_infantry_robot.elf.dir/code_mf/Src/chassis_motor_control.c.obj
                0x0800772c                chassis_3508_id3_speed_pid_init
 .text.chassis_3508_id3_speed_pid_loop
                0x08007754       0x38 CMakeFiles/ULText_DogLeg_infantry_robot.elf.dir/code_mf/Src/chassis_motor_control.c.obj
                0x08007754                chassis_3508_id3_speed_pid_loop
 .text.chassis_3508_id4_speed_pid_init
                0x0800778c       0x28 CMakeFiles/ULText_DogLeg_infantry_robot.elf.dir/code_mf/Src/chassis_motor_control.c.obj
                0x0800778c                chassis_3508_id4_speed_pid_init
 .text.chassis_3508_id4_speed_pid_loop
                0x080077b4       0x38 CMakeFiles/ULText_DogLeg_infantry_robot.elf.dir/code_mf/Src/chassis_motor_control.c.obj
                0x080077b4                chassis_3508_id4_speed_pid_loop
 .text.motor_chassis_pid_compute
                0x080077ec       0x5c CMakeFiles/ULText_DogLeg_infantry_robot.elf.dir/code_mf/Src/chassis_motor_control.c.obj
                0x080077ec                motor_chassis_pid_compute
 .text.chassis_follow_gimbal_angle_pid_init
                0x08007848       0x28 CMakeFiles/ULText_DogLeg_infantry_robot.elf.dir/code_mf/Src/chassis_motor_control.c.obj
                0x08007848                chassis_follow_gimbal_angle_pid_init
 .text.chassis_follow_gimbal_pid_loop
                0x08007870       0x28 CMakeFiles/ULText_DogLeg_infantry_robot.elf.dir/code_mf/Src/chassis_motor_control.c.obj
                0x08007870                chassis_follow_gimbal_pid_loop
 .text.chassis_settlement
                0x08007898      0x10c CMakeFiles/ULText_DogLeg_infantry_robot.elf.dir/code_mf/Src/chassis_motor_control.c.obj
                0x08007898                chassis_settlement
 .text.chassis_motor_control
                0x080079a4       0x1c CMakeFiles/ULText_DogLeg_infantry_robot.elf.dir/code_mf/Src/chassis_motor_control.c.obj
                0x080079a4                chassis_motor_control
 .text.rc_connection_status
                0x080079c0       0x2c CMakeFiles/ULText_DogLeg_infantry_robot.elf.dir/code_mf/Src/error_detection.c.obj
                0x080079c0                rc_connection_status
 .text.yaw_6020_status
                0x080079ec       0x24 CMakeFiles/ULText_DogLeg_infantry_robot.elf.dir/code_mf/Src/error_detection.c.obj
                0x080079ec                yaw_6020_status
 .text.pitch_6020_status
                0x08007a10       0x24 CMakeFiles/ULText_DogLeg_infantry_robot.elf.dir/code_mf/Src/error_detection.c.obj
                0x08007a10                pitch_6020_status
 .text.error_detection
                0x08007a34       0x16 CMakeFiles/ULText_DogLeg_infantry_robot.elf.dir/code_mf/Src/error_detection.c.obj
                0x08007a34                error_detection
 *fill*         0x08007a4a        0x2 
 .text.get_rc   0x08007a4c      0x228 CMakeFiles/ULText_DogLeg_infantry_robot.elf.dir/code_mf/Src/get_rc.c.obj
                0x08007a4c                get_rc
 .text.yaw_imu_getAbscissa
                0x08007c74       0x8c CMakeFiles/ULText_DogLeg_infantry_robot.elf.dir/code_mf/Src/gimbal_motor_control.c.obj
                0x08007c74                yaw_imu_getAbscissa
 .text.rc_yaw_input_normalization
                0x08007d00       0x7c CMakeFiles/ULText_DogLeg_infantry_robot.elf.dir/code_mf/Src/gimbal_motor_control.c.obj
                0x08007d00                rc_yaw_input_normalization
 .text.motor_gimbal_angle_compute
                0x08007d7c       0xdc CMakeFiles/ULText_DogLeg_infantry_robot.elf.dir/code_mf/Src/gimbal_motor_control.c.obj
                0x08007d7c                motor_gimbal_angle_compute
 .text.pid_preprocess
                0x08007e58       0x6c CMakeFiles/ULText_DogLeg_infantry_robot.elf.dir/code_mf/Src/gimbal_motor_control.c.obj
                0x08007e58                pid_preprocess
 .text.friction_wheel_speed_control
                0x08007ec4       0x34 CMakeFiles/ULText_DogLeg_infantry_robot.elf.dir/code_mf/Src/gimbal_motor_control.c.obj
                0x08007ec4                friction_wheel_speed_control
 .text.yaw_angle_pid_init
                0x08007ef8       0x24 CMakeFiles/ULText_DogLeg_infantry_robot.elf.dir/code_mf/Src/gimbal_motor_control.c.obj
                0x08007ef8                yaw_angle_pid_init
 .text.yaw_angle_pid_loop
                0x08007f1c       0x24 CMakeFiles/ULText_DogLeg_infantry_robot.elf.dir/code_mf/Src/gimbal_motor_control.c.obj
                0x08007f1c                yaw_angle_pid_loop
 .text.yaw_speed_pid_init
                0x08007f40       0x28 CMakeFiles/ULText_DogLeg_infantry_robot.elf.dir/code_mf/Src/gimbal_motor_control.c.obj
                0x08007f40                yaw_speed_pid_init
 .text.yaw_speed_pid_loop
                0x08007f68       0x34 CMakeFiles/ULText_DogLeg_infantry_robot.elf.dir/code_mf/Src/gimbal_motor_control.c.obj
                0x08007f68                yaw_speed_pid_loop
 .text.pitch_speed_from_bmi88_pid_init
                0x08007f9c       0x28 CMakeFiles/ULText_DogLeg_infantry_robot.elf.dir/code_mf/Src/gimbal_motor_control.c.obj
                0x08007f9c                pitch_speed_from_bmi88_pid_init
 .text.pitch_speed_from_bmi088_pid_loop
                0x08007fc4       0x34 CMakeFiles/ULText_DogLeg_infantry_robot.elf.dir/code_mf/Src/gimbal_motor_control.c.obj
                0x08007fc4                pitch_speed_from_bmi088_pid_loop
 .text.pitch_angle_pid_init
                0x08007ff8       0x24 CMakeFiles/ULText_DogLeg_infantry_robot.elf.dir/code_mf/Src/gimbal_motor_control.c.obj
                0x08007ff8                pitch_angle_pid_init
 .text.pitch_angle_from_bmi088_pid_loop
                0x0800801c       0x24 CMakeFiles/ULText_DogLeg_infantry_robot.elf.dir/code_mf/Src/gimbal_motor_control.c.obj
                0x0800801c                pitch_angle_from_bmi088_pid_loop
 .text.motor_gimbal_pid_compute
                0x08008040       0x60 CMakeFiles/ULText_DogLeg_infantry_robot.elf.dir/code_mf/Src/gimbal_motor_control.c.obj
                0x08008040                motor_gimbal_pid_compute
 .text.friction_wheel_3510_id1_speed_pid_init
                0x080080a0       0x28 CMakeFiles/ULText_DogLeg_infantry_robot.elf.dir/code_mf/Src/gimbal_motor_control.c.obj
                0x080080a0                friction_wheel_3510_id1_speed_pid_init
 .text.friction_wheel_3510_id1_speed_pid_loop
                0x080080c8       0x38 CMakeFiles/ULText_DogLeg_infantry_robot.elf.dir/code_mf/Src/gimbal_motor_control.c.obj
                0x080080c8                friction_wheel_3510_id1_speed_pid_loop
 .text.friction_wheel_3510_id2_speed_pid_init
                0x08008100       0x28 CMakeFiles/ULText_DogLeg_infantry_robot.elf.dir/code_mf/Src/gimbal_motor_control.c.obj
                0x08008100                friction_wheel_3510_id2_speed_pid_init
 .text.friction_wheel_3510_id2_speed_pid_loop
                0x08008128       0x38 CMakeFiles/ULText_DogLeg_infantry_robot.elf.dir/code_mf/Src/gimbal_motor_control.c.obj
                0x08008128                friction_wheel_3510_id2_speed_pid_loop
 .text.friction_wheel_pid_control
                0x08008160       0x30 CMakeFiles/ULText_DogLeg_infantry_robot.elf.dir/code_mf/Src/gimbal_motor_control.c.obj
                0x08008160                friction_wheel_pid_control
 .text.gimbal_motor_control
                0x08008190       0x26 CMakeFiles/ULText_DogLeg_infantry_robot.elf.dir/code_mf/Src/gimbal_motor_control.c.obj
                0x08008190                gimbal_motor_control
 .text.PID_init
                0x080081b6       0x32 CMakeFiles/ULText_DogLeg_infantry_robot.elf.dir/code_mf/Src/pid.c.obj
                0x080081b6                PID_init
 .text.PID_calc
                0x080081e8      0x158 CMakeFiles/ULText_DogLeg_infantry_robot.elf.dir/code_mf/Src/pid.c.obj
                0x080081e8                PID_calc
 .text.max_power_compute
                0x08008340       0x94 CMakeFiles/ULText_DogLeg_infantry_robot.elf.dir/code_mf/Src/refree_task.c.obj
                0x08008340                max_power_compute
 .text.refree_task
                0x080083d4       0x78 CMakeFiles/ULText_DogLeg_infantry_robot.elf.dir/code_mf/Src/refree_task.c.obj
                0x080083d4                refree_task
 .text.sbus_to_rc
                0x0800844c       0xde CMakeFiles/ULText_DogLeg_infantry_robot.elf.dir/code_mf/Src/remote_control.c.obj
 *fill*         0x0800852a        0x2 
 .text.remote_control_init
                0x0800852c       0x14 CMakeFiles/ULText_DogLeg_infantry_robot.elf.dir/code_mf/Src/remote_control.c.obj
                0x0800852c                remote_control_init
 .text.get_remote_control_point
                0x08008540        0x8 CMakeFiles/ULText_DogLeg_infantry_robot.elf.dir/code_mf/Src/remote_control.c.obj
                0x08008540                get_remote_control_point
 .text.USART3_IRQHandler
                0x08008548       0xf0 CMakeFiles/ULText_DogLeg_infantry_robot.elf.dir/code_mf/Src/remote_control.c.obj
                0x08008548                USART3_IRQHandler
 .text.servo_task
                0x08008638       0xc4 CMakeFiles/ULText_DogLeg_infantry_robot.elf.dir/code_mf/Src/servo_task.c.obj
                0x08008638                servo_task
 .text.shoot_speed_compute
                0x080086fc       0x50 CMakeFiles/ULText_DogLeg_infantry_robot.elf.dir/code_mf/Src/shoot_control.c.obj
                0x080086fc                shoot_speed_compute
 .text.shoot_stop_check
                0x0800874c       0x58 CMakeFiles/ULText_DogLeg_infantry_robot.elf.dir/code_mf/Src/shoot_control.c.obj
                0x0800874c                shoot_stop_check
 .text.shoot_control
                0x080087a4       0x12 CMakeFiles/ULText_DogLeg_infantry_robot.elf.dir/code_mf/Src/shoot_control.c.obj
                0x080087a4                shoot_control
 *fill*         0x080087b6        0x2 
 .text.shoot_2006_id3_speed_pid_init
                0x080087b8       0x28 CMakeFiles/ULText_DogLeg_infantry_robot.elf.dir/code_mf/Src/shoot_control.c.obj
                0x080087b8                shoot_2006_id3_speed_pid_init
 .text.shoot_2006_id3_speed_pid_loop
                0x080087e0       0x34 CMakeFiles/ULText_DogLeg_infantry_robot.elf.dir/code_mf/Src/shoot_control.c.obj
                0x080087e0                shoot_2006_id3_speed_pid_loop
 .text.shoot_pid_control
                0x08008814       0x1c CMakeFiles/ULText_DogLeg_infantry_robot.elf.dir/code_mf/Src/shoot_control.c.obj
                0x08008814                shoot_pid_control
 .text.HAL_UART_RxCpltCallback
                0x08008830       0x34 CMakeFiles/ULText_DogLeg_infantry_robot.elf.dir/code_mf/Src/uart_callback.c.obj
                0x08008830                HAL_UART_RxCpltCallback
 .text.usart6_printf
                0x08008864       0x40 CMakeFiles/ULText_DogLeg_infantry_robot.elf.dir/code_mf/Src/uart_printf.c.obj
                0x08008864                usart6_printf
 .text.uart_sent_debug
                0x080088a4       0x6c CMakeFiles/ULText_DogLeg_infantry_robot.elf.dir/code_mf/Src/uart_sent.c.obj
                0x080088a4                uart_sent_debug
 .text.aim_uart_sent
                0x08008910       0x14 CMakeFiles/ULText_DogLeg_infantry_robot.elf.dir/code_mf/Src/uart_sent.c.obj
                0x08008910                aim_uart_sent
 .text.xiaomi_can2_id1_speed_pid_init
                0x08008924       0x20 CMakeFiles/ULText_DogLeg_infantry_robot.elf.dir/code_mf/Src/xiaomi_motor_task.c.obj
                0x08008924                xiaomi_can2_id1_speed_pid_init
 .text.xiaomi_can2_id1_speed_pid_loop
                0x08008944       0x24 CMakeFiles/ULText_DogLeg_infantry_robot.elf.dir/code_mf/Src/xiaomi_motor_task.c.obj
                0x08008944                xiaomi_can2_id1_speed_pid_loop
 .text.xiaomi_can2_id2_speed_pid_init
                0x08008968       0x20 CMakeFiles/ULText_DogLeg_infantry_robot.elf.dir/code_mf/Src/xiaomi_motor_task.c.obj
                0x08008968                xiaomi_can2_id2_speed_pid_init
 .text.xiaomi_can2_id2_speed_pid_loop
                0x08008988       0x24 CMakeFiles/ULText_DogLeg_infantry_robot.elf.dir/code_mf/Src/xiaomi_motor_task.c.obj
                0x08008988                xiaomi_can2_id2_speed_pid_loop
 .text.xiaomi_pid_compute
                0x080089ac       0x58 CMakeFiles/ULText_DogLeg_infantry_robot.elf.dir/code_mf/Src/xiaomi_motor_task.c.obj
                0x080089ac                xiaomi_pid_compute
 .text.xiaomi_motor_task
                0x08008a04       0xcc CMakeFiles/ULText_DogLeg_infantry_robot.elf.dir/code_mf/Src/xiaomi_motor_task.c.obj
                0x08008a04                xiaomi_motor_task
 .text.__udivmoddi4
                0x08008ad0      0x2bc C:/CLionToolchains/gcc-arm-none-eabi-10.3-2021.10/bin/../lib/gcc/arm-none-eabi/13.3.1/thumb/v7e-m+fp/hard\libgcc.a(_udivmoddi4.o)
                0x08008ad0                __udivmoddi4
 .text.stdio_exit_handler
                0x08008d8c       0x18 C:/CLionToolchains/gcc-arm-none-eabi-10.3-2021.10/bin/../lib/gcc/arm-none-eabi/13.3.1/thumb/v7e-m+fp/hard\libg.a(libc_a-findfp.o)
 .text.cleanup_stdio
                0x08008da4       0x40 C:/CLionToolchains/gcc-arm-none-eabi-10.3-2021.10/bin/../lib/gcc/arm-none-eabi/13.3.1/thumb/v7e-m+fp/hard\libg.a(libc_a-findfp.o)
 .text.global_stdio_init.part.0
                0x08008de4       0xf0 C:/CLionToolchains/gcc-arm-none-eabi-10.3-2021.10/bin/../lib/gcc/arm-none-eabi/13.3.1/thumb/v7e-m+fp/hard\libg.a(libc_a-findfp.o)
 .text.__sinit  0x08008ed4       0x3c C:/CLionToolchains/gcc-arm-none-eabi-10.3-2021.10/bin/../lib/gcc/arm-none-eabi/13.3.1/thumb/v7e-m+fp/hard\libg.a(libc_a-findfp.o)
                0x08008ed4                __sinit
 .text.__sfp_lock_acquire
                0x08008f10        0xc C:/CLionToolchains/gcc-arm-none-eabi-10.3-2021.10/bin/../lib/gcc/arm-none-eabi/13.3.1/thumb/v7e-m+fp/hard\libg.a(libc_a-findfp.o)
                0x08008f10                __sfp_lock_acquire
 .text.__sfp_lock_release
                0x08008f1c        0xc C:/CLionToolchains/gcc-arm-none-eabi-10.3-2021.10/bin/../lib/gcc/arm-none-eabi/13.3.1/thumb/v7e-m+fp/hard\libg.a(libc_a-findfp.o)
                0x08008f1c                __sfp_lock_release
 .text._fwalk_sglue
                0x08008f28       0x44 C:/CLionToolchains/gcc-arm-none-eabi-10.3-2021.10/bin/../lib/gcc/arm-none-eabi/13.3.1/thumb/v7e-m+fp/hard\libg.a(libc_a-fwalk.o)
                0x08008f28                _fwalk_sglue
 .text.__sread  0x08008f6c       0x24 C:/CLionToolchains/gcc-arm-none-eabi-10.3-2021.10/bin/../lib/gcc/arm-none-eabi/13.3.1/thumb/v7e-m+fp/hard\libg.a(libc_a-stdio.o)
                0x08008f6c                __sread
 .text.__swrite
                0x08008f90       0x40 C:/CLionToolchains/gcc-arm-none-eabi-10.3-2021.10/bin/../lib/gcc/arm-none-eabi/13.3.1/thumb/v7e-m+fp/hard\libg.a(libc_a-stdio.o)
                0x08008f90                __swrite
 .text.__sseek  0x08008fd0       0x24 C:/CLionToolchains/gcc-arm-none-eabi-10.3-2021.10/bin/../lib/gcc/arm-none-eabi/13.3.1/thumb/v7e-m+fp/hard\libg.a(libc_a-stdio.o)
                0x08008fd0                __sseek
 .text.__sclose
                0x08008ff4        0x8 C:/CLionToolchains/gcc-arm-none-eabi-10.3-2021.10/bin/../lib/gcc/arm-none-eabi/13.3.1/thumb/v7e-m+fp/hard\libg.a(libc_a-stdio.o)
                0x08008ff4                __sclose
 .text.vsprintf
                0x08008ffc       0x38 C:/CLionToolchains/gcc-arm-none-eabi-10.3-2021.10/bin/../lib/gcc/arm-none-eabi/13.3.1/thumb/v7e-m+fp/hard\libg.a(libc_a-vsprintf.o)
                0x08008ffc                vsprintf
 .text.memset   0x08009034       0xa4 C:/CLionToolchains/gcc-arm-none-eabi-10.3-2021.10/bin/../lib/gcc/arm-none-eabi/13.3.1/thumb/v7e-m+fp/hard\libg.a(libc_a-memset.o)
                0x08009034                memset
 .text._close_r
                0x080090d8       0x24 C:/CLionToolchains/gcc-arm-none-eabi-10.3-2021.10/bin/../lib/gcc/arm-none-eabi/13.3.1/thumb/v7e-m+fp/hard\libg.a(libc_a-closer.o)
                0x080090d8                _close_r
 .text._reclaim_reent
                0x080090fc       0x6c C:/CLionToolchains/gcc-arm-none-eabi-10.3-2021.10/bin/../lib/gcc/arm-none-eabi/13.3.1/thumb/v7e-m+fp/hard\libg.a(libc_a-reent.o)
                0x080090fc                _reclaim_reent
 .text._lseek_r
                0x08009168       0x2c C:/CLionToolchains/gcc-arm-none-eabi-10.3-2021.10/bin/../lib/gcc/arm-none-eabi/13.3.1/thumb/v7e-m+fp/hard\libg.a(libc_a-lseekr.o)
                0x08009168                _lseek_r
 .text._read_r  0x08009194       0x2c C:/CLionToolchains/gcc-arm-none-eabi-10.3-2021.10/bin/../lib/gcc/arm-none-eabi/13.3.1/thumb/v7e-m+fp/hard\libg.a(libc_a-readr.o)
                0x08009194                _read_r
 .text._write_r
                0x080091c0       0x2c C:/CLionToolchains/gcc-arm-none-eabi-10.3-2021.10/bin/../lib/gcc/arm-none-eabi/13.3.1/thumb/v7e-m+fp/hard\libg.a(libc_a-writer.o)
                0x080091c0                _write_r
 .text.__errno  0x080091ec        0xc C:/CLionToolchains/gcc-arm-none-eabi-10.3-2021.10/bin/../lib/gcc/arm-none-eabi/13.3.1/thumb/v7e-m+fp/hard\libg.a(libc_a-errno.o)
                0x080091ec                __errno
 .text.__libc_init_array
                0x080091f8       0x50 C:/CLionToolchains/gcc-arm-none-eabi-10.3-2021.10/bin/../lib/gcc/arm-none-eabi/13.3.1/thumb/v7e-m+fp/hard\libg.a(libc_a-init.o)
                0x080091f8                __libc_init_array
 .text.__retarget_lock_init_recursive
                0x08009248        0x4 C:/CLionToolchains/gcc-arm-none-eabi-10.3-2021.10/bin/../lib/gcc/arm-none-eabi/13.3.1/thumb/v7e-m+fp/hard\libg.a(libc_a-lock.o)
                0x08009248                __retarget_lock_init_recursive
 .text.__retarget_lock_close_recursive
                0x0800924c        0x4 C:/CLionToolchains/gcc-arm-none-eabi-10.3-2021.10/bin/../lib/gcc/arm-none-eabi/13.3.1/thumb/v7e-m+fp/hard\libg.a(libc_a-lock.o)
                0x0800924c                __retarget_lock_close_recursive
 .text.__retarget_lock_acquire_recursive
                0x08009250        0x4 C:/CLionToolchains/gcc-arm-none-eabi-10.3-2021.10/bin/../lib/gcc/arm-none-eabi/13.3.1/thumb/v7e-m+fp/hard\libg.a(libc_a-lock.o)
                0x08009250                __retarget_lock_acquire_recursive
 .text.__retarget_lock_release_recursive
                0x08009254        0x4 C:/CLionToolchains/gcc-arm-none-eabi-10.3-2021.10/bin/../lib/gcc/arm-none-eabi/13.3.1/thumb/v7e-m+fp/hard\libg.a(libc_a-lock.o)
                0x08009254                __retarget_lock_release_recursive
 .text.startup.register_fini
                0x08009258       0x14 C:/CLionToolchains/gcc-arm-none-eabi-10.3-2021.10/bin/../lib/gcc/arm-none-eabi/13.3.1/thumb/v7e-m+fp/hard\libg.a(libc_a-__call_atexit.o)
 .text.atexit   0x0800926c        0xc C:/CLionToolchains/gcc-arm-none-eabi-10.3-2021.10/bin/../lib/gcc/arm-none-eabi/13.3.1/thumb/v7e-m+fp/hard\libg.a(libc_a-atexit.o)
                0x0800926c                atexit
 .text._malloc_trim_r
                0x08009278       0xb8 C:/CLionToolchains/gcc-arm-none-eabi-10.3-2021.10/bin/../lib/gcc/arm-none-eabi/13.3.1/thumb/v7e-m+fp/hard\libg.a(libc_a-freer.o)
                0x08009278                _malloc_trim_r
 .text._free_r  0x08009330      0x1f8 C:/CLionToolchains/gcc-arm-none-eabi-10.3-2021.10/bin/../lib/gcc/arm-none-eabi/13.3.1/thumb/v7e-m+fp/hard\libg.a(libc_a-freer.o)
                0x08009330                _free_r
 .text._malloc_r
                0x08009528      0x564 C:/CLionToolchains/gcc-arm-none-eabi-10.3-2021.10/bin/../lib/gcc/arm-none-eabi/13.3.1/thumb/v7e-m+fp/hard\libg.a(libc_a-mallocr.o)
                0x08009528                _malloc_r
 .text.__malloc_lock
                0x08009a8c        0xc C:/CLionToolchains/gcc-arm-none-eabi-10.3-2021.10/bin/../lib/gcc/arm-none-eabi/13.3.1/thumb/v7e-m+fp/hard\libg.a(libc_a-mlock.o)
                0x08009a8c                __malloc_lock
 .text.__malloc_unlock
                0x08009a98        0xc C:/CLionToolchains/gcc-arm-none-eabi-10.3-2021.10/bin/../lib/gcc/arm-none-eabi/13.3.1/thumb/v7e-m+fp/hard\libg.a(libc_a-mlock.o)
                0x08009a98                __malloc_unlock
 *fill*         0x08009aa4        0x4 
 .text._svfprintf_r
                0x08009aa8     0x1b3c C:/CLionToolchains/gcc-arm-none-eabi-10.3-2021.10/bin/../lib/gcc/arm-none-eabi/13.3.1/thumb/v7e-m+fp/hard\libg.a(libc_a-svfprintf.o)
                0x08009aa8                _svfprintf_r
 .text.__ssprint_r
                0x0800b5e4       0x58 C:/CLionToolchains/gcc-arm-none-eabi-10.3-2021.10/bin/../lib/gcc/arm-none-eabi/13.3.1/thumb/v7e-m+fp/hard\libg.a(libc_a-ssprint_r.o)
                0x0800b5e4                __ssprint_r
 .text._fclose_r
                0x0800b63c       0xc0 C:/CLionToolchains/gcc-arm-none-eabi-10.3-2021.10/bin/../lib/gcc/arm-none-eabi/13.3.1/thumb/v7e-m+fp/hard\libg.a(libc_a-fclose.o)
                0x0800b63c                _fclose_r
 .text.__sflush_r
                0x0800b6fc      0x138 C:/CLionToolchains/gcc-arm-none-eabi-10.3-2021.10/bin/../lib/gcc/arm-none-eabi/13.3.1/thumb/v7e-m+fp/hard\libg.a(libc_a-fflush.o)
                0x0800b6fc                __sflush_r
 .text._fflush_r
                0x0800b834       0x54 C:/CLionToolchains/gcc-arm-none-eabi-10.3-2021.10/bin/../lib/gcc/arm-none-eabi/13.3.1/thumb/v7e-m+fp/hard\libg.a(libc_a-fflush.o)
                0x0800b834                _fflush_r
 .text.strncpy  0x0800b888       0x68 C:/CLionToolchains/gcc-arm-none-eabi-10.3-2021.10/bin/../lib/gcc/arm-none-eabi/13.3.1/thumb/v7e-m+fp/hard\libg.a(libc_a-strncpy.o)
                0x0800b888                strncpy
 .text.__locale_mb_cur_max
                0x0800b8f0        0xc C:/CLionToolchains/gcc-arm-none-eabi-10.3-2021.10/bin/../lib/gcc/arm-none-eabi/13.3.1/thumb/v7e-m+fp/hard\libg.a(libc_a-locale.o)
                0x0800b8f0                __locale_mb_cur_max
 .text._localeconv_r
                0x0800b8fc        0x8 C:/CLionToolchains/gcc-arm-none-eabi-10.3-2021.10/bin/../lib/gcc/arm-none-eabi/13.3.1/thumb/v7e-m+fp/hard\libg.a(libc_a-localeconv.o)
                0x0800b8fc                _localeconv_r
 .text._sbrk_r  0x0800b904       0x24 C:/CLionToolchains/gcc-arm-none-eabi-10.3-2021.10/bin/../lib/gcc/arm-none-eabi/13.3.1/thumb/v7e-m+fp/hard\libg.a(libc_a-sbrkr.o)
                0x0800b904                _sbrk_r
 .text.__libc_fini_array
                0x0800b928       0x28 C:/CLionToolchains/gcc-arm-none-eabi-10.3-2021.10/bin/../lib/gcc/arm-none-eabi/13.3.1/thumb/v7e-m+fp/hard\libg.a(libc_a-fini.o)
                0x0800b928                __libc_fini_array
 .text.sysconf  0x0800b950       0x1c C:/CLionToolchains/gcc-arm-none-eabi-10.3-2021.10/bin/../lib/gcc/arm-none-eabi/13.3.1/thumb/v7e-m+fp/hard\libg.a(libc_a-sysconf.o)
                0x0800b950                sysconf
 .text.frexp    0x0800b96c       0x64 C:/CLionToolchains/gcc-arm-none-eabi-10.3-2021.10/bin/../lib/gcc/arm-none-eabi/13.3.1/thumb/v7e-m+fp/hard\libg.a(libm_a-s_frexp.o)
                0x0800b96c                frexp
 .text.__register_exitproc
                0x0800b9d0       0x80 C:/CLionToolchains/gcc-arm-none-eabi-10.3-2021.10/bin/../lib/gcc/arm-none-eabi/13.3.1/thumb/v7e-m+fp/hard\libg.a(libc_a-__atexit.o)
                0x0800b9d0                __register_exitproc
 .text.quorem   0x0800ba50      0x12c C:/CLionToolchains/gcc-arm-none-eabi-10.3-2021.10/bin/../lib/gcc/arm-none-eabi/13.3.1/thumb/v7e-m+fp/hard\libg.a(libc_a-dtoa.o)
 *fill*         0x0800bb7c        0x4 
 .text._dtoa_r  0x0800bb80      0xe80 C:/CLionToolchains/gcc-arm-none-eabi-10.3-2021.10/bin/../lib/gcc/arm-none-eabi/13.3.1/thumb/v7e-m+fp/hard\libg.a(libc_a-dtoa.o)
                0x0800bb80                _dtoa_r
 .text.__ascii_mbtowc
                0x0800ca00       0x2c C:/CLionToolchains/gcc-arm-none-eabi-10.3-2021.10/bin/../lib/gcc/arm-none-eabi/13.3.1/thumb/v7e-m+fp/hard\libg.a(libc_a-mbtowc_r.o)
                0x0800ca00                __ascii_mbtowc
 .text._Balloc  0x0800ca2c       0x4c C:/CLionToolchains/gcc-arm-none-eabi-10.3-2021.10/bin/../lib/gcc/arm-none-eabi/13.3.1/thumb/v7e-m+fp/hard\libg.a(libc_a-mprec.o)
                0x0800ca2c                _Balloc
 .text._Bfree   0x0800ca78       0x14 C:/CLionToolchains/gcc-arm-none-eabi-10.3-2021.10/bin/../lib/gcc/arm-none-eabi/13.3.1/thumb/v7e-m+fp/hard\libg.a(libc_a-mprec.o)
                0x0800ca78                _Bfree
 .text.__multadd
                0x0800ca8c       0xa0 C:/CLionToolchains/gcc-arm-none-eabi-10.3-2021.10/bin/../lib/gcc/arm-none-eabi/13.3.1/thumb/v7e-m+fp/hard\libg.a(libc_a-mprec.o)
                0x0800ca8c                __multadd
 .text.__hi0bits
                0x0800cb2c       0x44 C:/CLionToolchains/gcc-arm-none-eabi-10.3-2021.10/bin/../lib/gcc/arm-none-eabi/13.3.1/thumb/v7e-m+fp/hard\libg.a(libc_a-mprec.o)
                0x0800cb2c                __hi0bits
 .text.__lo0bits
                0x0800cb70       0x60 C:/CLionToolchains/gcc-arm-none-eabi-10.3-2021.10/bin/../lib/gcc/arm-none-eabi/13.3.1/thumb/v7e-m+fp/hard\libg.a(libc_a-mprec.o)
                0x0800cb70                __lo0bits
 .text.__i2b    0x0800cbd0       0x5c C:/CLionToolchains/gcc-arm-none-eabi-10.3-2021.10/bin/../lib/gcc/arm-none-eabi/13.3.1/thumb/v7e-m+fp/hard\libg.a(libc_a-mprec.o)
                0x0800cbd0                __i2b
 .text.__multiply
                0x0800cc2c      0x16c C:/CLionToolchains/gcc-arm-none-eabi-10.3-2021.10/bin/../lib/gcc/arm-none-eabi/13.3.1/thumb/v7e-m+fp/hard\libg.a(libc_a-mprec.o)
                0x0800cc2c                __multiply
 .text.__pow5mult
                0x0800cd98       0xb4 C:/CLionToolchains/gcc-arm-none-eabi-10.3-2021.10/bin/../lib/gcc/arm-none-eabi/13.3.1/thumb/v7e-m+fp/hard\libg.a(libc_a-mprec.o)
                0x0800cd98                __pow5mult
 .text.__lshift
                0x0800ce4c       0xf0 C:/CLionToolchains/gcc-arm-none-eabi-10.3-2021.10/bin/../lib/gcc/arm-none-eabi/13.3.1/thumb/v7e-m+fp/hard\libg.a(libc_a-mprec.o)
                0x0800ce4c                __lshift
 .text.__mcmp   0x0800cf3c       0x44 C:/CLionToolchains/gcc-arm-none-eabi-10.3-2021.10/bin/../lib/gcc/arm-none-eabi/13.3.1/thumb/v7e-m+fp/hard\libg.a(libc_a-mprec.o)
                0x0800cf3c                __mcmp
 .text.__mdiff  0x0800cf80      0x178 C:/CLionToolchains/gcc-arm-none-eabi-10.3-2021.10/bin/../lib/gcc/arm-none-eabi/13.3.1/thumb/v7e-m+fp/hard\libg.a(libc_a-mprec.o)
                0x0800cf80                __mdiff
 .text.__d2b    0x0800d0f8       0xc0 C:/CLionToolchains/gcc-arm-none-eabi-10.3-2021.10/bin/../lib/gcc/arm-none-eabi/13.3.1/thumb/v7e-m+fp/hard\libg.a(libc_a-mprec.o)
                0x0800d0f8                __d2b
 .text.__ascii_wctomb
                0x0800d1b8       0x1c C:/CLionToolchains/gcc-arm-none-eabi-10.3-2021.10/bin/../lib/gcc/arm-none-eabi/13.3.1/thumb/v7e-m+fp/hard\libg.a(libc_a-wctomb_r.o)
                0x0800d1b8                __ascii_wctomb
 .text._wcrtomb_r
                0x0800d1d4       0x4c C:/CLionToolchains/gcc-arm-none-eabi-10.3-2021.10/bin/../lib/gcc/arm-none-eabi/13.3.1/thumb/v7e-m+fp/hard\libg.a(libc_a-wcrtomb.o)
                0x0800d1d4                _wcrtomb_r
 .text._wcsrtombs_r
                0x0800d220       0x18 C:/CLionToolchains/gcc-arm-none-eabi-10.3-2021.10/bin/../lib/gcc/arm-none-eabi/13.3.1/thumb/v7e-m+fp/hard\libg.a(libc_a-wcsrtombs.o)
                0x0800d220                _wcsrtombs_r
 .text.__ssputs_r