Archive member included to satisfy reference by file (symbol)

C:/CLionToolchains/gcc-arm-none-eabi-10.3-2021.10/bin/../lib/gcc/arm-none-eabi/13.3.1/thumb/v7e-m+fp/hard\libgcc.a(_arm_addsubdf3.o)
                              CMakeFiles/ULText_DogLeg_infantry_robot.elf.dir/code_mf/Src/MahonyAHRS.c.obj (__aeabi_f2d)
C:/CLionToolchains/gcc-arm-none-eabi-10.3-2021.10/bin/../lib/gcc/arm-none-eabi/13.3.1/thumb/v7e-m+fp/hard\libgcc.a(_arm_truncdfsf2.o)
                              CMakeFiles/ULText_DogLeg_infantry_robot.elf.dir/code_mf/Src/MahonyAHRS.c.obj (__aeabi_d2f)
C:/CLionToolchains/gcc-arm-none-eabi-10.3-2021.10/bin/../lib/gcc/arm-none-eabi/13.3.1/thumb/v7e-m+fp/hard\libgcc.a(_aeabi_uldivmod.o)
                              CMakeFiles/ULText_DogLeg_infantry_robot.elf.dir/Drivers/STM32F4xx_HAL_Driver/Src/stm32f4xx_hal_rcc.c.obj (__aeabi_uldivmod)
C:/CLionToolchains/gcc-arm-none-eabi-10.3-2021.10/bin/../lib/gcc/arm-none-eabi/13.3.1/thumb/v7e-m+fp/hard\libgcc.a(_udivmoddi4.o)
                              C:/CLionToolchains/gcc-arm-none-eabi-10.3-2021.10/bin/../lib/gcc/arm-none-eabi/13.3.1/thumb/v7e-m+fp/hard\libgcc.a(_aeabi_uldivmod.o) (__udivmoddi4)
C:/CLionToolchains/gcc-arm-none-eabi-10.3-2021.10/bin/../lib/gcc/arm-none-eabi/13.3.1/thumb/v7e-m+fp/hard\libgcc.a(_dvmd_tls.o)
                              C:/CLionToolchains/gcc-arm-none-eabi-10.3-2021.10/bin/../lib/gcc/arm-none-eabi/13.3.1/thumb/v7e-m+fp/hard\libgcc.a(_aeabi_uldivmod.o) (__aeabi_ldiv0)
C:/CLionToolchains/gcc-arm-none-eabi-10.3-2021.10/bin/../lib/gcc/arm-none-eabi/13.3.1/thumb/v7e-m+fp/hard\libg.a(libc_a-exit.o)
                              C:/CLionToolchains/gcc-arm-none-eabi-10.3-2021.10/bin/../lib/gcc/arm-none-eabi/13.3.1/thumb/v7e-m+fp/hard/crt0.o (exit)
C:/CLionToolchains/gcc-arm-none-eabi-10.3-2021.10/bin/../lib/gcc/arm-none-eabi/13.3.1/thumb/v7e-m+fp/hard\libg.a(libc_a-findfp.o)
                              CMakeFiles/ULText_DogLeg_infantry_robot.elf.dir/Middlewares/Third_Party/FreeRTOS/Source/tasks.c.obj (__sf)
C:/CLionToolchains/gcc-arm-none-eabi-10.3-2021.10/bin/../lib/gcc/arm-none-eabi/13.3.1/thumb/v7e-m+fp/hard\libg.a(libc_a-fwalk.o)
                              C:/CLionToolchains/gcc-arm-none-eabi-10.3-2021.10/bin/../lib/gcc/arm-none-eabi/13.3.1/thumb/v7e-m+fp/hard\libg.a(libc_a-findfp.o) (_fwalk_sglue)
C:/CLionToolchains/gcc-arm-none-eabi-10.3-2021.10/bin/../lib/gcc/arm-none-eabi/13.3.1/thumb/v7e-m+fp/hard\libg.a(libc_a-stdio.o)
                              C:/CLionToolchains/gcc-arm-none-eabi-10.3-2021.10/bin/../lib/gcc/arm-none-eabi/13.3.1/thumb/v7e-m+fp/hard\libg.a(libc_a-findfp.o) (__sread)
C:/CLionToolchains/gcc-arm-none-eabi-10.3-2021.10/bin/../lib/gcc/arm-none-eabi/13.3.1/thumb/v7e-m+fp/hard\libg.a(libc_a-vsprintf.o)
                              CMakeFiles/ULText_DogLeg_infantry_robot.elf.dir/code_mf/Src/uart_printf.c.obj (vsprintf)
C:/CLionToolchains/gcc-arm-none-eabi-10.3-2021.10/bin/../lib/gcc/arm-none-eabi/13.3.1/thumb/v7e-m+fp/hard\libg.a(libc_a-memset.o)
                              C:/CLionToolchains/gcc-arm-none-eabi-10.3-2021.10/bin/../lib/gcc/arm-none-eabi/13.3.1/thumb/v7e-m+fp/hard/crt0.o (memset)
C:/CLionToolchains/gcc-arm-none-eabi-10.3-2021.10/bin/../lib/gcc/arm-none-eabi/13.3.1/thumb/v7e-m+fp/hard\libg.a(libc_a-closer.o)
                              C:/CLionToolchains/gcc-arm-none-eabi-10.3-2021.10/bin/../lib/gcc/arm-none-eabi/13.3.1/thumb/v7e-m+fp/hard\libg.a(libc_a-stdio.o) (_close_r)
C:/CLionToolchains/gcc-arm-none-eabi-10.3-2021.10/bin/../lib/gcc/arm-none-eabi/13.3.1/thumb/v7e-m+fp/hard\libg.a(libc_a-reent.o)
                              CMakeFiles/ULText_DogLeg_infantry_robot.elf.dir/Middlewares/Third_Party/FreeRTOS/Source/tasks.c.obj (_reclaim_reent)
C:/CLionToolchains/gcc-arm-none-eabi-10.3-2021.10/bin/../lib/gcc/arm-none-eabi/13.3.1/thumb/v7e-m+fp/hard\libg.a(libc_a-impure.o)
                              CMakeFiles/ULText_DogLeg_infantry_robot.elf.dir/Middlewares/Third_Party/FreeRTOS/Source/tasks.c.obj (_impure_ptr)
C:/CLionToolchains/gcc-arm-none-eabi-10.3-2021.10/bin/../lib/gcc/arm-none-eabi/13.3.1/thumb/v7e-m+fp/hard\libg.a(libc_a-lseekr.o)
                              C:/CLionToolchains/gcc-arm-none-eabi-10.3-2021.10/bin/../lib/gcc/arm-none-eabi/13.3.1/thumb/v7e-m+fp/hard\libg.a(libc_a-stdio.o) (_lseek_r)
C:/CLionToolchains/gcc-arm-none-eabi-10.3-2021.10/bin/../lib/gcc/arm-none-eabi/13.3.1/thumb/v7e-m+fp/hard\libg.a(libc_a-readr.o)
                              C:/CLionToolchains/gcc-arm-none-eabi-10.3-2021.10/bin/../lib/gcc/arm-none-eabi/13.3.1/thumb/v7e-m+fp/hard\libg.a(libc_a-stdio.o) (_read_r)
C:/CLionToolchains/gcc-arm-none-eabi-10.3-2021.10/bin/../lib/gcc/arm-none-eabi/13.3.1/thumb/v7e-m+fp/hard\libg.a(libc_a-writer.o)
                              C:/CLionToolchains/gcc-arm-none-eabi-10.3-2021.10/bin/../lib/gcc/arm-none-eabi/13.3.1/thumb/v7e-m+fp/hard\libg.a(libc_a-stdio.o) (_write_r)
[...]
Memory Configuration

Name             Origin             Length             Attributes
CCMRAM           0x10000000         0x00010000         xrw
RAM              0x20000000         0x00020000         xrw
FLASH            0x08000000         0x00100000         xr
*default*        0x00000000         0xffffffff

Linker script and memory map

LOAD C:/CLionToolchains/gcc-arm-none-eabi-10.3-2021.10/bin/../lib/gcc/arm-none-eabi/13.3.1/thumb/v7e-m+fp/hard/crti.o
LOAD C:/CLionToolchains/gcc-arm-none-eabi-10.3-2021.10/bin/../lib/gcc/arm-none-eabi/13.3.1/thumb/v7e-m+fp/hard/crtbegin.o
LOAD C:/CLionToolchains/gcc-arm-none-eabi-10.3-2021.10/bin/../lib/gcc/arm-none-eabi/13.3.1/thumb/v7e-m+fp/hard/crt0.o
LOAD CMakeFiles/ULText_DogLeg_infantry_robot.elf.dir/Core/Src/can.c.obj
LOAD CMakeFiles/ULText_DogLeg_infantry_robot.elf.dir/Core/Src/dma.c.obj
LOAD CMakeFiles/ULText_DogLeg_infantry_robot.elf.dir/Core/Src/freertos.c.obj
LOAD CMakeFiles/ULText_DogLeg_infantry_robot.elf.dir/Core/Src/gpio.c.obj
LOAD CMakeFiles/ULText_DogLeg_infantry_robot.elf.dir/Core/Src/main.c.obj
LOAD CMakeFiles/ULText_DogLeg_infantry_robot.elf.dir/Core/Src/spi.c.obj
LOAD CMakeFiles/ULText_DogLeg_infantry_robot.elf.dir/Core/Src/stm32f4xx_hal_msp.c.obj
LOAD CMakeFiles/ULText_DogLeg_infantry_robot.elf.dir/Core/Src/stm32f4xx_hal_timebase_tim.c.obj
LOAD CMakeFiles/ULText_DogLeg_infantry_robot.elf.dir/Core/Src/stm32f4xx_it.c.obj
LOAD CMakeFiles/ULText_DogLeg_infantry_robot.elf.dir/Core/Src/syscalls.c.obj
LOAD CMakeFiles/ULText_DogLeg_infantry_robot.elf.dir/Core/Src/sysmem.c.obj
LOAD CMakeFiles/ULText_DogLeg_infantry_robot.elf.dir/Core/Src/system_stm32f4xx.c.obj
LOAD CMakeFiles/ULText_DogLeg_infantry_robot.elf.dir/Core/Src/tim.c.obj
LOAD CMakeFiles/ULText_DogLeg_infantry_robot.elf.dir/Core/Src/usart.c.obj
LOAD CMakeFiles/ULText_DogLeg_infantry_robot.elf.dir/Core/Startup/startup_stm32f407ighx.s.obj
LOAD CMakeFiles/ULText_DogLeg_infantry_robot.elf.dir/Drivers/STM32F4xx_HAL_Driver/Src/stm32f4xx_hal.c.obj
LOAD CMakeFiles/ULText_DogLeg_infantry_robot.elf.dir/Drivers/STM32F4xx_HAL_Driver/Src/stm32f4xx_hal_can.c.obj
LOAD CMakeFiles/ULText_DogLeg_infantry_robot.elf.dir/Drivers/STM32F4xx_HAL_Driver/Src/stm32f4xx_hal_cortex.c.obj
LOAD CMakeFiles/ULText_DogLeg_infantry_robot.elf.dir/Drivers/STM32F4xx_HAL_Driver/Src/stm32f4xx_hal_dma.c.obj
LOAD CMakeFiles/ULText_DogLeg_infantry_robot.elf.dir/Drivers/STM32F4xx_HAL_Driver/Src/stm32f4xx_hal_dma_ex.c.obj
LOAD CMakeFiles/ULText_DogLeg_infantry_robot.elf.dir/Drivers/STM32F4xx_HAL_Driver/Src/stm32f4xx_hal_exti.c.obj
LOAD CMakeFiles/ULText_DogLeg_infantry_robot.elf.dir/Drivers/STM32F4xx_HAL_Driver/Src/stm32f4xx_hal_flash.c.obj
LOAD CMakeFiles/ULText_DogLeg_infantry_robot.elf.dir/Drivers/STM32F4xx_HAL_Driver/Src/stm32f4xx_hal_flash_ex.c.obj
LOAD CMakeFiles/ULText_DogLeg_infantry_robot.elf.dir/Drivers/STM32F4xx_HAL_Driver/Src/stm32f4xx_hal_flash_ramfunc.c.obj
LOAD CMakeFiles/ULText_DogLeg_infantry_robot.elf.dir/Drivers/STM32F4xx_HAL_Driver/Src/stm32f4xx_hal_gpio.c.obj
LOAD CMakeFiles/ULText_DogLeg_infantry_robot.elf.dir/Drivers/STM32F4xx_HAL_Driver/Src/stm32f4xx_hal_pwr.c.obj
LOAD CMakeFiles/ULText_DogLeg_infantry_robot.elf.dir/Drivers/STM32F4xx_HAL_Driver/Src/stm32f4xx_hal_pwr_ex.c.obj
LOAD CMakeFiles/ULText_DogLeg_infantry_robot.elf.dir/Drivers/STM32F4xx_HAL_Driver/Src/stm32f4xx_hal_rcc.c.obj
LOAD CMakeFiles/ULText_DogLeg_infantry_robot.elf.dir/Drivers/STM32F4xx_HAL_Driver/Src/stm32f4xx_hal_rcc_ex.c.obj
LOAD CMakeFiles/ULText_DogLeg_infantry_robot.elf.dir/Drivers/STM32F4xx_HAL_Driver/Src/stm32f4xx_hal_spi.c.obj
LOAD CMakeFiles/ULText_DogLeg_infantry_robot.elf.dir/Drivers/STM32F4xx_HAL_Driver/Src/stm32f4xx_hal_tim.c.obj
LOAD CMakeFiles/ULText_DogLeg_infantry_robot.elf.dir/Drivers/STM32F4xx_HAL_Driver/Src/stm32f4xx_hal_tim_ex.c.obj
LOAD CMakeFiles/ULText_DogLeg_infantry_robot.elf.dir/Drivers/STM32F4xx_HAL_Driver/Src/stm32f4xx_hal_uart.c.obj
LOAD CMakeFiles/ULText_DogLeg_infantry_robot.elf.dir/Middlewares/Third_Party/FreeRTOS/Source/CMSIS_RTOS/cmsis_os.c.obj
LOAD CMakeFiles/ULText_DogLeg_infantry_robot.elf.dir/Middlewares/Third_Party/FreeRTOS/Source/croutine.c.obj
LOAD CMakeFiles/ULText_DogLeg_infantry_robot.elf.dir/Middlewares/Third_Party/FreeRTOS/Source/event_groups.c.obj
LOAD CMakeFiles/ULText_DogLeg_infantry_robot.elf.dir/Middlewares/Third_Party/FreeRTOS/Source/list.c.obj
LOAD CMakeFiles/ULText_DogLeg_infantry_robot.elf.dir/Middlewares/Third_Party/FreeRTOS/Source/portable/GCC/ARM_CM4F/port.c.obj
LOAD CMakeFiles/ULText_DogLeg_infantry_robot.elf.dir/Middlewares/Third_Party/FreeRTOS/Source/portable/MemMang/heap_4.c.obj
LOAD CMakeFiles/ULText_DogLeg_infantry_robot.elf.dir/Middlewares/Third_Party/FreeRTOS/Source/queue.c.obj
LOAD CMakeFiles/ULText_DogLeg_infantry_robot.elf.dir/Middlewares/Third_Party/FreeRTOS/Source/stream_buffer.c.obj
LOAD CMakeFiles/ULText_DogLeg_infantry_robot.elf.dir/Middlewares/Third_Party/FreeRTOS/Source/tasks.c.obj
LOAD CMakeFiles/ULText_DogLeg_infantry_robot.elf.dir/Middlewares/Third_Party/FreeRTOS/Source/timers.c.obj
LOAD CMakeFiles/ULText_DogLeg_infantry_robot.elf.dir/code_mf/Src/BMI088Middleware.c.obj
LOAD CMakeFiles/ULText_DogLeg_infantry_robot.elf.dir/code_mf/Src/BMI088driver.c.obj
LOAD CMakeFiles/ULText_DogLeg_infantry_robot.elf.dir/code_mf/Src/CAN_receive.c.obj
LOAD CMakeFiles/ULText_DogLeg_infantry_robot.elf.dir/code_mf/Src/DM_IMU.c.obj
LOAD CMakeFiles/ULText_DogLeg_infantry_robot.elf.dir/code_mf/Src/IMU_DATA_GET.c.obj
LOAD CMakeFiles/ULText_DogLeg_infantry_robot.elf.dir/code_mf/Src/MahonyAHRS.c.obj
LOAD CMakeFiles/ULText_DogLeg_infantry_robot.elf.dir/code_mf/Src/auto_aim.c.obj
LOAD CMakeFiles/ULText_DogLeg_infantry_robot.elf.dir/code_mf/Src/board_LED.c.obj
LOAD CMakeFiles/ULText_DogLeg_infantry_robot.elf.dir/code_mf/Src/bsp_can.c.obj
LOAD CMakeFiles/ULText_DogLeg_infantry_robot.elf.dir/code_mf/Src/bsp_rc.c.obj
LOAD CMakeFiles/ULText_DogLeg_infantry_robot.elf.dir/code_mf/Src/can_comm.c.obj
LOAD CMakeFiles/ULText_DogLeg_infantry_robot.elf.dir/code_mf/Src/can_sent.c.obj
LOAD CMakeFiles/ULText_DogLeg_infantry_robot.elf.dir/code_mf/Src/chassis_motor_control.c.obj
LOAD CMakeFiles/ULText_DogLeg_infantry_robot.elf.dir/code_mf/Src/error_detection.c.obj
LOAD CMakeFiles/ULText_DogLeg_infantry_robot.elf.dir/code_mf/Src/get_rc.c.obj
LOAD CMakeFiles/ULText_DogLeg_infantry_robot.elf.dir/code_mf/Src/gimbal_motor_control.c.obj
LOAD CMakeFiles/ULText_DogLeg_infantry_robot.elf.dir/code_mf/Src/jy61p.c.obj
LOAD CMakeFiles/ULText_DogLeg_infantry_robot.elf.dir/code_mf/Src/odometer.c.obj
LOAD CMakeFiles/ULText_DogLeg_infantry_robot.elf.dir/code_mf/Src/pid.c.obj
LOAD CMakeFiles/ULText_DogLeg_infantry_robot.elf.dir/code_mf/Src/refree_task.c.obj
LOAD CMakeFiles/ULText_DogLeg_infantry_robot.elf.dir/code_mf/Src/remote_control.c.obj
LOAD CMakeFiles/ULText_DogLeg_infantry_robot.elf.dir/code_mf/Src/servo_task.c.obj
LOAD CMakeFiles/ULText_DogLeg_infantry_robot.elf.dir/code_mf/Src/shoot_control.c.obj
LOAD CMakeFiles/ULText_DogLeg_infantry_robot.elf.dir/code_mf/Src/uart_callback.c.obj
LOAD CMakeFiles/ULText_DogLeg_infantry_robot.elf.dir/code_mf/Src/uart_printf.c.obj
LOAD CMakeFiles/ULText_DogLeg_infantry_robot.elf.dir/code_mf/Src/uart_sent.c.obj
LOAD CMakeFiles/ULText_DogLeg_infantry_robot.elf.dir/code_mf/Src/xiaomi_motor_task.c.obj
START GROUP
LOAD C:/CLionToolchains/gcc-arm-none-eabi-10.3-2021.10/bin/../lib/gcc/arm-none-eabi/13.3.1/thumb/v7e-m+fp/hard\libgcc.a
LOAD C:/CLionToolchains/gcc-arm-none-eabi-10.3-2021.10/bin/../lib/gcc/arm-none-eabi/13.3.1/thumb/v7e-m+fp/hard\libg.a
LOAD C:/CLionToolchains/gcc-arm-none-eabi-10.3-2021.10/bin/../lib/gcc/arm-none-eabi/13.3.1/thumb/v7e-m+fp/hard\libc.a
END GROUP
LOAD C:/CLionToolchains/gcc-arm-none-eabi-10.3-2021.10/bin/../lib/gcc/arm-none-eabi/13.3.1/thumb/v7e-m+fp/hard/crtend.o
LOAD C:/CLionToolchains/gcc-arm-none-eabi-10.3-2021.10/bin/../lib/gcc/arm-none-eabi/13.3.1/thumb/v7e-m+fp/hard/crtn.o
                0x20020000                        _estack = (ORIGIN (RAM) + LENGTH (RAM))
                0x00000200                        _Min_Heap_Size = 0x200
                0x00000400                        _Min_Stack_Size = 0x400

.isr_vector     0x08000000      0x188
                0x08000000                        . = ALIGN (0x4)
 *(.isr_vector)
 .isr_vector    0x08000000      0x188 CMakeFiles/ULText_DogLeg_infantry_robot.elf.dir/Core/Startup/startup_stm32f407ighx.s.obj
                0x08000000                g_pfnVectors
                0x08000188                        . = ALIGN (0x4)

.text           0x080001c0    0x10d68
                0x080001c0                        . = ALIGN (0x4)
 *(.text)
 .text          0x080001c0      0x378 C:/CLionToolchains/gcc-arm-none-eabi-10.3-2021.10/bin/../lib/gcc/arm-none-eabi/13.3.1/thumb/v7e-m+fp/hard\libgcc.a(_arm_addsubdf3.o)
                0x080001c0                __aeabi_drsub
                0x080001c8                __aeabi_dsub
                0x080001c8                __subdf3
                0x080001cc                __aeabi_dadd
                0x080001cc                __adddf3
                0x08000444                __floatunsidf
                0x08000444                __aeabi_ui2d
                0x08000464                __floatsidf
                0x08000464                __aeabi_i2d
                0x08000488                __aeabi_f2d
                0x08000488                __extendsfdf2
                0x080004cc                __floatundidf
                0x080004cc                __aeabi_ul2d
                0x080004dc                __floatdidf
                0x080004dc                __aeabi_l2d
 .text          0x08000538       0xa0 C:/CLionToolchains/gcc-arm-none-eabi-10.3-2021.10/bin/../lib/gcc/arm-none-eabi/13.3.1/thumb/v7e-m+fp/hard\libgcc.a(_arm_truncdfsf2.o)
                0x08000538                __truncdfsf2
                0x08000538                __aeabi_d2f
 .text          0x080005d8       0x30 C:/CLionToolchains/gcc-arm-none-eabi-10.3-2021.10/bin/../lib/gcc/arm-none-eabi/13.3.1/thumb/v7e-m+fp/hard\libgcc.a(_aeabi_uldivmod.o)
                0x080005d8                __aeabi_uldivmod
 .text          0x08000608        0x4 C:/CLionToolchains/gcc-arm-none-eabi-10.3-2021.10/bin/../lib/gcc/arm-none-eabi/13.3.1/thumb/v7e-m+fp/hard\libgcc.a(_dvmd_tls.o)
                0x08000608                __aeabi_idiv0
                0x08000608                __aeabi_ldiv0
 .text          0x0800060c      0x134 C:/CLionToolchains/gcc-arm-none-eabi-10.3-2021.10/bin/../lib/gcc/arm-none-eabi/13.3.1/thumb/v7e-m+fp/hard\libg.a(libc_a-memcpy.o)
                0x0800060c                memcpy
 .text          0x08000740       0xa0 C:/CLionToolchains/gcc-arm-none-eabi-10.3-2021.10/bin/../lib/gcc/arm-none-eabi/13.3.1/thumb/v7e-m+fp/hard\libg.a(libc_a-memchr.o)
                0x08000740                memchr
 *fill*         0x080007e0       0x20 
 .text          0x08000800       0xd8 C:/CLionToolchains/gcc-arm-none-eabi-10.3-2021.10/bin/../lib/gcc/arm-none-eabi/13.3.1/thumb/v7e-m+fp/hard\libg.a(libc_a-strlen.o)
                0x08000800                strlen
 .text          0x080008d8      0x424 C:/CLionToolchains/gcc-arm-none-eabi-10.3-2021.10/bin/../lib/gcc/arm-none-eabi/13.3.1/thumb/v7e-m+fp/hard\libgcc.a(_arm_muldivdf3.o)
                0x080008d8                __aeabi_dmul
                0x080008d8                __muldf3
                0x08000b2c                __divdf3
                0x08000b2c                __aeabi_ddiv
 .text          0x08000cfc      0x110 C:/CLionToolchains/gcc-arm-none-eabi-10.3-2021.10/bin/../lib/gcc/arm-none-eabi/13.3.1/thumb/v7e-m+fp/hard\libgcc.a(_arm_cmpdf2.o)
                0x08000cfc                __gtdf2
                0x08000cfc                __gedf2
                0x08000d04                __ltdf2
                0x08000d04                __ledf2
                0x08000d0c                __nedf2
                0x08000d0c                __eqdf2
                0x08000d0c                __cmpdf2
                0x08000d88                __aeabi_cdrcmple
                0x08000d98                __aeabi_cdcmpeq
                0x08000d98                __aeabi_cdcmple
                0x08000da8                __aeabi_dcmpeq
                0x08000dbc                __aeabi_dcmplt
                0x08000dd0                __aeabi_dcmple
                0x08000de4                __aeabi_dcmpge
                0x08000df8                __aeabi_dcmpgt
 .text          0x08000e0c       0x2c C:/CLionToolchains/gcc-arm-none-eabi-10.3-2021.10/bin/../lib/gcc/arm-none-eabi/13.3.1/thumb/v7e-m+fp/hard\libgcc.a(_arm_unorddf2.o)
                0x08000e0c                __unorddf2
                0x08000e0c                __aeabi_dcmpun
 .text          0x08000e38       0x50 C:/CLionToolchains/gcc-arm-none-eabi-10.3-2021.10/bin/../lib/gcc/arm-none-eabi/13.3.1/thumb/v7e-m+fp/hard\libgcc.a(_arm_fixdfsi.o)
                0x08000e38                __aeabi_d2iz
                0x08000e38                __fixdfsi
 *(.text*)
 .text.deregister_tm_clones
                0x08000e88       0x1c C:/CLionToolchains/gcc-arm-none-eabi-10.3-2021.10/bin/../lib/gcc/arm-none-eabi/13.3.1/thumb/v7e-m+fp/hard/crtbegin.o
 .text.register_tm_clones
                0x08000ea4       0x24 C:/CLionToolchains/gcc-arm-none-eabi-10.3-2021.10/bin/../lib/gcc/arm-none-eabi/13.3.1/thumb/v7e-m+fp/hard/crtbegin.o
 .text.__do_global_dtors_aux
                0x08000ec8       0x28 C:/CLionToolchains/gcc-arm-none-eabi-10.3-2021.10/bin/../lib/gcc/arm-none-eabi/13.3.1/thumb/v7e-m+fp/hard/crtbegin.o
 .text.frame_dummy
                0x08000ef0       0x24 C:/CLionToolchains/gcc-arm-none-eabi-10.3-2021.10/bin/../lib/gcc/arm-none-eabi/13.3.1/thumb/v7e-m+fp/hard/crtbegin.o
 .text.MX_CAN1_Init
                0x08000f14       0x40 CMakeFiles/ULText_DogLeg_infantry_robot.elf.dir/Core/Src/can.c.obj
                0x08000f14                MX_CAN1_Init
 .text.MX_CAN2_Init
                0x08000f54       0x40 CMakeFiles/ULText_DogLeg_infantry_robot.elf.dir/Core/Src/can.c.obj
                0x08000f54                MX_CAN2_Init
 .text.HAL_CAN_MspInit
                0x08000f94      0x120 CMakeFiles/ULText_DogLeg_infantry_robot.elf.dir/Core/Src/can.c.obj
                0x08000f94                HAL_CAN_MspInit
 .text.MX_DMA_Init
                0x080010b4       0x88 CMakeFiles/ULText_DogLeg_infantry_robot.elf.dir/Core/Src/dma.c.obj
                0x080010b4                MX_DMA_Init
 .text.StartDefaultTask
                0x0800113c        0xa CMakeFiles/ULText_DogLeg_infantry_robot.elf.dir/Core/Src/freertos.c.obj
                0x0800113c                StartDefaultTask
 *fill*         0x08001146        0x2 
 .text.vApplicationGetIdleTaskMemory
                0x08001148       0x18 CMakeFiles/ULText_DogLeg_infantry_robot.elf.dir/Core/Src/freertos.c.obj
                0x08001148                vApplicationGetIdleTaskMemory
 .text.MX_FREERTOS_Init
                0x08001160      0x238 CMakeFiles/ULText_DogLeg_infantry_robot.elf.dir/Core/Src/freertos.c.obj
                0x08001160                MX_FREERTOS_Init
 .text.MX_GPIO_Init
                0x08001398      0x144 CMakeFiles/ULText_DogLeg_infantry_robot.elf.dir/Core/Src/gpio.c.obj
                0x08001398                MX_GPIO_Init
 .text.HAL_TIM_PeriodElapsedCallback
                0x080014dc       0x18 CMakeFiles/ULText_DogLeg_infantry_robot.elf.dir/Core/Src/main.c.obj
                0x080014dc                HAL_TIM_PeriodElapsedCallback
 .text.Error_Handler
                0x080014f4        0x4 CMakeFiles/ULText_DogLeg_infantry_robot.elf.dir/Core/Src/main.c.obj
                0x080014f4                Error_Handler
 .text.SystemClock_Config
                0x080014f8       0xa8 CMakeFiles/ULText_DogLeg_infantry_robot.elf.dir/Core/Src/main.c.obj
                0x080014f8                SystemClock_Config
 .text.main     0x080015a0      0x174 CMakeFiles/ULText_DogLeg_infantry_robot.elf.dir/Core/Src/main.c.obj
                0x080015a0                main
 .text.MX_SPI1_Init
                0x08001714       0x48 CMakeFiles/ULText_DogLeg_infantry_robot.elf.dir/Core/Src/spi.c.obj
                0x08001714                MX_SPI1_Init
 .text.HAL_SPI_MspInit
                0x0800175c       0x98 CMakeFiles/ULText_DogLeg_infantry_robot.elf.dir/Core/Src/spi.c.obj
                0x0800175c                HAL_SPI_MspInit
 .text.HAL_MspInit
                0x080017f4       0x44 CMakeFiles/ULText_DogLeg_infantry_robot.elf.dir/Core/Src/stm32f4xx_hal_msp.c.obj
                0x080017f4                HAL_MspInit
 .text.HAL_InitTick
                0x08001838       0xa4 CMakeFiles/ULText_DogLeg_infantry_robot.elf.dir/Core/Src/stm32f4xx_hal_timebase_tim.c.obj
                0x08001838                HAL_InitTick
 .text.NMI_Handler
                0x080018dc        0x2 CMakeFiles/ULText_DogLeg_infantry_robot.elf.dir/Core/Src/stm32f4xx_it.c.obj
                0x080018dc                NMI_Handler
 .text.HardFault_Handler
                0x080018de        0x2 CMakeFiles/ULText_DogLeg_infantry_robot.elf.dir/Core/Src/stm32f4xx_it.c.obj
                0x080018de                HardFault_Handler
 .text.MemManage_Handler
                0x080018e0        0x2 CMakeFiles/ULText_DogLeg_infantry_robot.elf.dir/Core/Src/stm32f4xx_it.c.obj
                0x080018e0                MemManage_Handler
 .text.BusFault_Handler
                0x080018e2        0x2 CMakeFiles/ULText_DogLeg_infantry_robot.elf.dir/Core/Src/stm32f4xx_it.c.obj
                0x080018e2                BusFault_Handler
 .text.UsageFault_Handler
                0x080018e4        0x2 CMakeFiles/ULText_DogLeg_infantry_robot.elf.dir/Core/Src/stm32f4xx_it.c.obj
                0x080018e4                UsageFault_Handler
 .text.DebugMon_Handler
                0x080018e6        0x2 CMakeFiles/ULText_DogLeg_infantry_robot.elf.dir/Core/Src/stm32f4xx_it.c.obj
                0x080018e6                DebugMon_Handler
 .text.DMA1_Stream1_IRQHandler
                0x080018e8       0x10 CMakeFiles/ULText_DogLeg_infantry_robot.elf.dir/Core/Src/stm32f4xx_it.c.obj
                0x080018e8                DMA1_Stream1_IRQHandler
 .text.CAN1_RX0_IRQHandler
                0x080018f8       0x10 CMakeFiles/ULText_DogLeg_infantry_robot.elf.dir/Core/Src/stm32f4xx_it.c.obj
                0x080018f8                CAN1_RX0_IRQHandler
 .text.USART1_IRQHandler
                0x08001908       0x10 CMakeFiles/ULText_DogLeg_infantry_robot.elf.dir/Core/Src/stm32f4xx_it.c.obj
                0x08001908                USART1_IRQHandler
 .text.TIM7_IRQHandler
                0x08001918       0x10 CMakeFiles/ULText_DogLeg_infantry_robot.elf.dir/Core/Src/stm32f4xx_it.c.obj
                0x08001918                TIM7_IRQHandler
 .text.DMA2_Stream1_IRQHandler
                0x08001928       0x10 CMakeFiles/ULText_DogLeg_infantry_robot.elf.dir/Core/Src/stm32f4xx_it.c.obj
                0x08001928                DMA2_Stream1_IRQHandler
 .text.DMA2_Stream2_IRQHandler
                0x08001938       0x10 CMakeFiles/ULText_DogLeg_infantry_robot.elf.dir/Core/Src/stm32f4xx_it.c.obj
                0x08001938                DMA2_Stream2_IRQHandler
 .text.CAN2_RX0_IRQHandler
                0x08001948       0x10 CMakeFiles/ULText_DogLeg_infantry_robot.elf.dir/Core/Src/stm32f4xx_it.c.obj
                0x08001948                CAN2_RX0_IRQHandler
 .text.DMA2_Stream6_IRQHandler
                0x08001958       0x10 CMakeFiles/ULText_DogLeg_infantry_robot.elf.dir/Core/Src/stm32f4xx_it.c.obj
                0x08001958                DMA2_Stream6_IRQHandler
 .text.DMA2_Stream7_IRQHandler
                0x08001968       0x10 CMakeFiles/ULText_DogLeg_infantry_robot.elf.dir/Core/Src/stm32f4xx_it.c.obj
                0x08001968                DMA2_Stream7_IRQHandler
 .text.USART6_IRQHandler
                0x08001978       0x10 CMakeFiles/ULText_DogLeg_infantry_robot.elf.dir/Core/Src/stm32f4xx_it.c.obj
                0x08001978                USART6_IRQHandler
 .text._getpid  0x08001988        0x4 CMakeFiles/ULText_DogLeg_infantry_robot.elf.dir/Core/Src/syscalls.c.obj
                0x08001988                _getpid
 .text._kill    0x0800198c       0x10 CMakeFiles/ULText_DogLeg_infantry_robot.elf.dir/Core/Src/syscalls.c.obj
                0x0800198c                _kill
 .text._exit    0x0800199c        0xc CMakeFiles/ULText_DogLeg_infantry_robot.elf.dir/Core/Src/syscalls.c.obj
                0x0800199c                _exit
 .text._read    0x080019a8       0x20 CMakeFiles/ULText_DogLeg_infantry_robot.elf.dir/Core/Src/syscalls.c.obj
                0x080019a8                _read
 .text._write   0x080019c8       0x1c CMakeFiles/ULText_DogLeg_infantry_robot.elf.dir/Core/Src/syscalls.c.obj
                0x080019c8                _write
 .text._close   0x080019e4        0x6 CMakeFiles/ULText_DogLeg_infantry_robot.elf.dir/Core/Src/syscalls.c.obj
                0x080019e4                _close
 .text._fstat   0x080019ea        0xa CMakeFiles/ULText_DogLeg_infantry_robot.elf.dir/Core/Src/syscalls.c.obj
                0x080019ea                _fstat
 .text._isatty  0x080019f4        0x4 CMakeFiles/ULText_DogLeg_infantry_robot.elf.dir/Core/Src/syscalls.c.obj
                0x080019f4                _isatty
 .text._lseek   0x080019f8        0x4 CMakeFiles/ULText_DogLeg_infantry_robot.elf.dir/Core/Src/syscalls.c.obj
                0x080019f8                _lseek
 .text._sbrk    0x080019fc       0x48 CMakeFiles/ULText_DogLeg_infantry_robot.elf.dir/Core/Src/sysmem.c.obj
                0x080019fc                _sbrk
 .text.SystemInit
                0x08001a44       0x14 CMakeFiles/ULText_DogLeg_infantry_robot.elf.dir/Core/Src/system_stm32f4xx.c.obj
                0x08001a44                SystemInit
 .text.HAL_TIM_Base_MspInit
                0x08001a58       0x54 CMakeFiles/ULText_DogLeg_infantry_robot.elf.dir/Core/Src/tim.c.obj
                0x08001a58                HAL_TIM_Base_MspInit
 .text.HAL_TIM_MspPostInit
                0x08001aac       0xc0 CMakeFiles/ULText_DogLeg_infantry_robot.elf.dir/Core/Src/tim.c.obj
                0x08001aac                HAL_TIM_MspPostInit
 .text.MX_TIM1_Init
                0x08001b6c      0x124 CMakeFiles/ULText_DogLeg_infantry_robot.elf.dir/Core/Src/tim.c.obj
                0x08001b6c                MX_TIM1_Init
 .text.MX_TIM8_Init
                0x08001c90      0x110 CMakeFiles/ULText_DogLeg_infantry_robot.elf.dir/Core/Src/tim.c.obj
                0x08001c90                MX_TIM8_Init
 .text.MX_USART1_UART_Init
                0x08001da0       0x34 CMakeFiles/ULText_DogLeg_infantry_robot.elf.dir/Core/Src/usart.c.obj
                0x08001da0                MX_USART1_UART_Init
 .text.MX_USART3_UART_Init
                0x08001dd4       0x3c CMakeFiles/ULText_DogLeg_infantry_robot.elf.dir/Core/Src/usart.c.obj
                0x08001dd4                MX_USART3_UART_Init
 .text.MX_USART6_UART_Init
                0x08001e10       0x34 CMakeFiles/ULText_DogLeg_infantry_robot.elf.dir/Core/Src/usart.c.obj
                0x08001e10                MX_USART6_UART_Init
 .text.HAL_UART_MspInit
                0x08001e44      0x2d4 CMakeFiles/ULText_DogLeg_infantry_robot.elf.dir/Core/Src/usart.c.obj
                0x08001e44                HAL_UART_MspInit
 .text.Reset_Handler
                0x08002118       0x50 CMakeFiles/ULText_DogLeg_infantry_robot.elf.dir/Core/Startup/startup_stm32f407ighx.s.obj
                0x08002118                Reset_Handler
 .text.Default_Handler
                0x08002168        0x2 CMakeFiles/ULText_DogLeg_infantry_robot.elf.dir/Core/Startup/startup_stm32f407ighx.s.obj
                0x08002168                RTC_Alarm_IRQHandler
                0x08002168                HASH_RNG_IRQHandler
                0x08002168                EXTI2_IRQHandler
                0x08002168                TIM8_CC_IRQHandler
                0x08002168                TIM1_CC_IRQHandler
                0x08002168                DMA2_Stream5_IRQHandler
                0x08002168                DMA1_Stream5_IRQHandler
                0x08002168                PVD_IRQHandler
                0x08002168                SDIO_IRQHandler
                0x08002168                TAMP_STAMP_IRQHandler
                0x08002168                CAN2_RX1_IRQHandler
                0x08002168                EXTI3_IRQHandler
                0x08002168                TIM8_TRG_COM_TIM14_IRQHandler
                0x08002168                TIM1_UP_TIM10_IRQHandler
                0x08002168                TIM8_UP_TIM13_IRQHandler
                0x08002168                I2C3_ER_IRQHandler
                0x08002168                EXTI0_IRQHandler
                0x08002168                I2C2_EV_IRQHandler
                0x08002168                DMA1_Stream2_IRQHandler
                0x08002168                FPU_IRQHandler
                0x08002168                OTG_HS_WKUP_IRQHandler
                0x08002168                CAN2_SCE_IRQHandler
                0x08002168                SPI1_IRQHandler
                0x08002168                TIM6_DAC_IRQHandler
                0x08002168                TIM1_BRK_TIM9_IRQHandler
                0x08002168                DCMI_IRQHandler
                0x08002168                DMA2_Stream3_IRQHandler
                0x08002168                CAN1_RX1_IRQHandler
                0x08002168                UART5_IRQHandler
                0x08002168                DMA2_Stream0_IRQHandler
                0x08002168                TIM4_IRQHandler
                0x08002168                I2C1_EV_IRQHandler
                0x08002168                DMA1_Stream6_IRQHandler
                0x08002168                UART4_IRQHandler
                0x08002168                TIM3_IRQHandler
                0x08002168                RCC_IRQHandler
                0x08002168                TIM8_BRK_TIM12_IRQHandler
                0x08002168                Default_Handler
                0x08002168                EXTI15_10_IRQHandler
                0x08002168                ADC_IRQHandler
                0x08002168                DMA1_Stream7_IRQHandler
                0x08002168                CAN2_TX_IRQHandler
                0x08002168                TIM5_IRQHandler
                0x08002168                I2C3_EV_IRQHandler
                0x08002168                EXTI9_5_IRQHandler
                0x08002168                RTC_WKUP_IRQHandler
                0x08002168                ETH_WKUP_IRQHandler
                0x08002168                SPI2_IRQHandler
                0x08002168                OTG_HS_EP1_IN_IRQHandler
                0x08002168                DMA1_Stream0_IRQHandler
                0x08002168                CAN1_TX_IRQHandler
                0x08002168                EXTI4_IRQHandler
                0x08002168                FSMC_IRQHandler
                0x08002168                ETH_IRQHandler
                0x08002168                OTG_HS_EP1_OUT_IRQHandler
                0x08002168                WWDG_IRQHandler
                0x08002168                TIM2_IRQHandler
                0x08002168                OTG_FS_WKUP_IRQHandler
                0x08002168                TIM1_TRG_COM_TIM11_IRQHandler
                0x08002168                OTG_HS_IRQHandler
                0x08002168                EXTI1_IRQHandler
                0x08002168                USART2_IRQHandler
                0x08002168                I2C2_ER_IRQHandler
                0x08002168                CAN1_SCE_IRQHandler
                0x08002168                FLASH_IRQHandler
                0x08002168                DMA2_Stream4_IRQHandler
                0x08002168                OTG_FS_IRQHandler
                0x08002168                SPI3_IRQHandler
                0x08002168                DMA1_Stream4_IRQHandler
                0x08002168                I2C1_ER_IRQHandler
                0x08002168                DMA1_Stream3_IRQHandler
 *fill*         0x0800216a        0x2 
 .text.HAL_Init
                0x0800216c       0x34 CMakeFiles/ULText_DogLeg_infantry_robot.elf.dir/Drivers/STM32F4xx_HAL_Driver/Src/stm32f4xx_hal.c.obj
                0x0800216c                HAL_Init
 .text.HAL_IncTick
                0x080021a0       0x18 CMakeFiles/ULText_DogLeg_infantry_robot.elf.dir/Drivers/STM32F4xx_HAL_Driver/Src/stm32f4xx_hal.c.obj
                0x080021a0                HAL_IncTick
 .text.HAL_GetTick
                0x080021b8        0xc CMakeFiles/ULText_DogLeg_infantry_robot.elf.dir/Drivers/STM32F4xx_HAL_Driver/Src/stm32f4xx_hal.c.obj
                0x080021b8                HAL_GetTick
 .text.HAL_CAN_Init
                0x080021c4      0x14c CMakeFiles/ULText_DogLeg_infantry_robot.elf.dir/Drivers/STM32F4xx_HAL_Driver/Src/stm32f4xx_hal_can.c.obj
                0x080021c4                HAL_CAN_Init
 .text.HAL_CAN_ConfigFilter
                0x08002310      0x138 CMakeFiles/ULText_DogLeg_infantry_robot.elf.dir/Drivers/STM32F4xx_HAL_Driver/Src/stm32f4xx_hal_can.c.obj
                0x08002310                HAL_CAN_ConfigFilter
 .text.HAL_CAN_Start
                0x08002448       0x5c CMakeFiles/ULText_DogLeg_infantry_robot.elf.dir/Drivers/STM32F4xx_HAL_Driver/Src/stm32f4xx_hal_can.c.obj
                0x08002448                HAL_CAN_Start
 .text.HAL_CAN_AddTxMessage
                0x080024a4       0xea CMakeFiles/ULText_DogLeg_infantry_robot.elf.dir/Drivers/STM32F4xx_HAL_Driver/Src/stm32f4xx_hal_can.c.obj
                0x080024a4                HAL_CAN_AddTxMessage
 .text.HAL_CAN_GetRxMessage
                0x0800258e      0x16a CMakeFiles/ULText_DogLeg_infantry_robot.elf.dir/Drivers/STM32F4xx_HAL_Driver/Src/stm32f4xx_hal_can.c.obj
                0x0800258e                HAL_CAN_GetRxMessage
 .text.HAL_CAN_ActivateNotification
                0x080026f8       0x24 CMakeFiles/ULText_DogLeg_infantry_robot.elf.dir/Drivers/STM32F4xx_HAL_Driver/Src/stm32f4xx_hal_can.c.obj
                0x080026f8                HAL_CAN_ActivateNotification
 .text.HAL_CAN_TxMailbox0CompleteCallback
                0x0800271c        0x2 CMakeFiles/ULText_DogLeg_infantry_robot.elf.dir/Drivers/STM32F4xx_HAL_Driver/Src/stm32f4xx_hal_can.c.obj
                0x0800271c                HAL_CAN_TxMailbox0CompleteCallback
 .text.HAL_CAN_TxMailbox1CompleteCallback
                0x0800271e        0x2 CMakeFiles/ULText_DogLeg_infantry_robot.elf.dir/Drivers/STM32F4xx_HAL_Driver/Src/stm32f4xx_hal_can.c.obj
                0x0800271e                HAL_CAN_TxMailbox1CompleteCallback
 .text.HAL_CAN_TxMailbox2CompleteCallback
                0x08002720        0x2 CMakeFiles/ULText_DogLeg_infantry_robot.elf.dir/Drivers/STM32F4xx_HAL_Driver/Src/stm32f4xx_hal_can.c.obj
                0x08002720                HAL_CAN_TxMailbox2CompleteCallback
 .text.HAL_CAN_TxMailbox0AbortCallback
                0x08002722        0x2 CMakeFiles/ULText_DogLeg_infantry_robot.elf.dir/Drivers/STM32F4xx_HAL_Driver/Src/stm32f4xx_hal_can.c.obj
                0x08002722                HAL_CAN_TxMailbox0AbortCallback
 .text.HAL_CAN_TxMailbox1AbortCallback
                0x08002724        0x2 CMakeFiles/ULText_DogLeg_infantry_robot.elf.dir/Drivers/STM32F4xx_HAL_Driver/Src/stm32f4xx_hal_can.c.obj
                0x08002724                HAL_CAN_TxMailbox1AbortCallback
 .text.HAL_CAN_TxMailbox2AbortCallback
                0x08002726        0x2 CMakeFiles/ULText_DogLeg_infantry_robot.elf.dir/Drivers/STM32F4xx_HAL_Driver/Src/stm32f4xx_hal_can.c.obj
                0x08002726                HAL_CAN_TxMailbox2AbortCallback
 .text.HAL_CAN_RxFifo0FullCallback
                0x08002728        0x2 CMakeFiles/ULText_DogLeg_infantry_robot.elf.dir/Drivers/STM32F4xx_HAL_Driver/Src/stm32f4xx_hal_can.c.obj
                0x08002728                HAL_CAN_RxFifo0FullCallback
 .text.HAL_CAN_RxFifo1MsgPendingCallback
                0x0800272a        0x2 CMakeFiles/ULText_DogLeg_infantry_robot.elf.dir/Drivers/STM32F4xx_HAL_Driver/Src/stm32f4xx_hal_can.c.obj
                0x0800272a                HAL_CAN_RxFifo1MsgPendingCallback
 .text.HAL_CAN_RxFifo1FullCallback
                0x0800272c        0x2 CMakeFiles/ULText_DogLeg_infantry_robot.elf.dir/Drivers/STM32F4xx_HAL_Driver/Src/stm32f4xx_hal_can.c.obj
                0x0800272c                HAL_CAN_RxFifo1FullCallback
 .text.HAL_CAN_SleepCallback
                0x0800272e        0x2 CMakeFiles/ULText_DogLeg_infantry_robot.elf.dir/Drivers/STM32F4xx_HAL_Driver/Src/stm32f4xx_hal_can.c.obj
                0x0800272e                HAL_CAN_SleepCallback
 .text.HAL_CAN_WakeUpFromRxMsgCallback
                0x08002730        0x2 CMakeFiles/ULText_DogLeg_infantry_robot.elf.dir/Drivers/STM32F4xx_HAL_Driver/Src/stm32f4xx_hal_can.c.obj
                0x08002730                HAL_CAN_WakeUpFromRxMsgCallback
 .text.HAL_CAN_ErrorCallback
                0x08002732        0x2 CMakeFiles/ULText_DogLeg_infantry_robot.elf.dir/Drivers/STM32F4xx_HAL_Driver/Src/stm32f4xx_hal_can.c.obj
                0x08002732                HAL_CAN_ErrorCallback
 .text.HAL_CAN_IRQHandler
                0x08002734      0x250 CMakeFiles/ULText_DogLeg_infantry_robot.elf.dir/Drivers/STM32F4xx_HAL_Driver/Src/stm32f4xx_hal_can.c.obj
                0x08002734                HAL_CAN_IRQHandler
 .text.__NVIC_EnableIRQ
                0x08002984       0x1c CMakeFiles/ULText_DogLeg_infantry_robot.elf.dir/Drivers/STM32F4xx_HAL_Driver/Src/stm32f4xx_hal_cortex.c.obj
 .text.__NVIC_SetPriority
                0x080029a0       0x28 CMakeFiles/ULText_DogLeg_infantry_robot.elf.dir/Drivers/STM32F4xx_HAL_Driver/Src/stm32f4xx_hal_cortex.c.obj
 .text.NVIC_EncodePriority
                0x080029c8       0x3e CMakeFiles/ULText_DogLeg_infantry_robot.elf.dir/Drivers/STM32F4xx_HAL_Driver/Src/stm32f4xx_hal_cortex.c.obj
 *fill*         0x08002a06        0x2 
 .text.HAL_NVIC_SetPriorityGrouping
                0x08002a08       0x24 CMakeFiles/ULText_DogLeg_infantry_robot.elf.dir/Drivers/STM32F4xx_HAL_Driver/Src/stm32f4xx_hal_cortex.c.obj
                0x08002a08                HAL_NVIC_SetPriorityGrouping
 .text.HAL_NVIC_SetPriority
                0x08002a2c       0x20 CMakeFiles/ULText_DogLeg_infantry_robot.elf.dir/Drivers/STM32F4xx_HAL_Driver/Src/stm32f4xx_hal_cortex.c.obj
                0x08002a2c                HAL_NVIC_SetPriority
 .text.HAL_NVIC_EnableIRQ
                0x08002a4c        0x8 CMakeFiles/ULText_DogLeg_infantry_robot.elf.dir/Drivers/STM32F4xx_HAL_Driver/Src/stm32f4xx_hal_cortex.c.obj
                0x08002a4c                HAL_NVIC_EnableIRQ
 .text.DMA_SetConfig
                0x08002a54       0x2c CMakeFiles/ULText_DogLeg_infantry_robot.elf.dir/Drivers/STM32F4xx_HAL_Driver/Src/stm32f4xx_hal_dma.c.obj
 .text.DMA_CalcBaseAndBitshift
                0x08002a80       0x3c CMakeFiles/ULText_DogLeg_infantry_robot.elf.dir/Drivers/STM32F4xx_HAL_Driver/Src/stm32f4xx_hal_dma.c.obj
 .text.DMA_CheckFifoParam
                0x08002abc       0x8e CMakeFiles/ULText_DogLeg_infantry_robot.elf.dir/Drivers/STM32F4xx_HAL_Driver/Src/stm32f4xx_hal_dma.c.obj
 *fill*         0x08002b4a        0x2 
 .text.HAL_DMA_Init
                0x08002b4c       0xcc CMakeFiles/ULText_DogLeg_infantry_robot.elf.dir/Drivers/STM32F4xx_HAL_Driver/Src/stm32f4xx_hal_dma.c.obj
                0x08002b4c                HAL_DMA_Init
 .text.HAL_DMA_Start_IT
                0x08002c18       0x6a CMakeFiles/ULText_DogLeg_infantry_robot.elf.dir/Drivers/STM32F4xx_HAL_Driver/Src/stm32f4xx_hal_dma.c.obj
                0x08002c18                HAL_DMA_Start_IT
 .text.HAL_DMA_Abort
                0x08002c82       0x94 CMakeFiles/ULText_DogLeg_infantry_robot.elf.dir/Drivers/STM32F4xx_HAL_Driver/Src/stm32f4xx_hal_dma.c.obj
                0x08002c82                HAL_DMA_Abort
 .text.HAL_DMA_Abort_IT
                0x08002d16       0x26 CMakeFiles/ULText_DogLeg_infantry_robot.elf.dir/Drivers/STM32F4xx_HAL_Driver/Src/stm32f4xx_hal_dma.c.obj
                0x08002d16                HAL_DMA_Abort_IT
 .text.HAL_DMA_IRQHandler
                0x08002d3c      0x1dc CMakeFiles/ULText_DogLeg_infantry_robot.elf.dir/Drivers/STM32F4xx_HAL_Driver/Src/stm32f4xx_hal_dma.c.obj
                0x08002d3c                HAL_DMA_IRQHandler
 .text.HAL_GPIO_Init
                0x08002f18      0x1ec CMakeFiles/ULText_DogLeg_infantry_robot.elf.dir/Drivers/STM32F4xx_HAL_Driver/Src/stm32f4xx_hal_gpio.c.obj
                0x08002f18                HAL_GPIO_Init
 .text.HAL_GPIO_WritePin
                0x08003104        0xc CMakeFiles/ULText_DogLeg_infantry_robot.elf.dir/Drivers/STM32F4xx_HAL_Driver/Src/stm32f4xx_hal_gpio.c.obj
                0x08003104                HAL_GPIO_WritePin
 .text.HAL_GPIO_TogglePin
                0x08003110       0x12 CMakeFiles/ULText_DogLeg_infantry_robot.elf.dir/Drivers/STM32F4xx_HAL_Driver/Src/stm32f4xx_hal_gpio.c.obj
                0x08003110                HAL_GPIO_TogglePin
 *fill*         0x08003122        0x2 
 .text.HAL_RCC_OscConfig
                0x08003124      0x3f8 CMakeFiles/ULText_DogLeg_infantry_robot.elf.dir/Drivers/STM32F4xx_HAL_Driver/Src/stm32f4xx_hal_rcc.c.obj
                0x08003124                HAL_RCC_OscConfig
 .text.HAL_RCC_GetSysClockFreq
                0x0800351c       0xa8 CMakeFiles/ULText_DogLeg_infantry_robot.elf.dir/Drivers/STM32F4xx_HAL_Driver/Src/stm32f4xx_hal_rcc.c.obj
                0x0800351c                HAL_RCC_GetSysClockFreq
 .text.HAL_RCC_ClockConfig
                0x080035c4      0x160 CMakeFiles/ULText_DogLeg_infantry_robot.elf.dir/Drivers/STM32F4xx_HAL_Driver/Src/stm32f4xx_hal_rcc.c.obj
                0x080035c4                HAL_RCC_ClockConfig
 .text.HAL_RCC_GetHCLKFreq
                0x08003724        0xc CMakeFiles/ULText_DogLeg_infantry_robot.elf.dir/Drivers/STM32F4xx_HAL_Driver/Src/stm32f4xx_hal_rcc.c.obj
                0x08003724                HAL_RCC_GetHCLKFreq
 .text.HAL_RCC_GetPCLK1Freq
                0x08003730       0x20 CMakeFiles/ULText_DogLeg_infantry_robot.elf.dir/Drivers/STM32F4xx_HAL_Driver/Src/stm32f4xx_hal_rcc.c.obj
                0x08003730                HAL_RCC_GetPCLK1Freq
 .text.HAL_RCC_GetPCLK2Freq
                0x08003750       0x20 CMakeFiles/ULText_DogLeg_infantry_robot.elf.dir/Drivers/STM32F4xx_HAL_Driver/Src/stm32f4xx_hal_rcc.c.obj
                0x08003750                HAL_RCC_GetPCLK2Freq
 .text.HAL_RCC_GetClockConfig
                0x08003770       0x3c CMakeFiles/ULText_DogLeg_infantry_robot.elf.dir/Drivers/STM32F4xx_HAL_Driver/Src/stm32f4xx_hal_rcc.c.obj
                0x08003770                HAL_RCC_GetClockConfig
 .text.HAL_RCC_DeInit
                0x080037ac      0x13c CMakeFiles/ULText_DogLeg_infantry_robot.elf.dir/Drivers/STM32F4xx_HAL_Driver/Src/stm32f4xx_hal_rcc_ex.c.obj
                0x080037ac                HAL_RCC_DeInit
 .text.SPI_WaitFlagStateUntilTimeout
                0x080038e8       0xc8 CMakeFiles/ULText_DogLeg_infantry_robot.elf.dir/Drivers/STM32F4xx_HAL_Driver/Src/stm32f4xx_hal_spi.c.obj
 .text.SPI_EndRxTxTransaction
                0x080039b0       0x80 CMakeFiles/ULText_DogLeg_infantry_robot.elf.dir/Drivers/STM32F4xx_HAL_Driver/Src/stm32f4xx_hal_spi.c.obj
 .text.HAL_SPI_Init
                0x08003a30       0xbe CMakeFiles/ULText_DogLeg_infantry_robot.elf.dir/Drivers/STM32F4xx_HAL_Driver/Src/stm32f4xx_hal_spi.c.obj
                0x08003a30                HAL_SPI_Init
 .text.HAL_SPI_TransmitReceive
                0x08003aee      0x254 CMakeFiles/ULText_DogLeg_infantry_robot.elf.dir/Drivers/STM32F4xx_HAL_Driver/Src/stm32f4xx_hal_spi.c.obj
                0x08003aee                HAL_SPI_TransmitReceive
 *fill*         0x08003d42        0x2 
 .text.TIM_OC1_SetConfig
                0x08003d44       0x70 CMakeFiles/ULText_DogLeg_infantry_robot.elf.dir/Drivers/STM32F4xx_HAL_Driver/Src/stm32f4xx_hal_tim.c.obj
 .text.TIM_OC3_SetConfig
                0x08003db4       0x70 CMakeFiles/ULText_DogLeg_infantry_robot.elf.dir/Drivers/STM32F4xx_HAL_Driver/Src/stm32f4xx_hal_tim.c.obj
 .text.TIM_OC4_SetConfig
                0x08003e24       0x50 CMakeFiles/ULText_DogLeg_infantry_robot.elf.dir/Drivers/STM32F4xx_HAL_Driver/Src/stm32f4xx_hal_tim.c.obj
 .text.TIM_TI1_ConfigInputStage
                0x08003e74       0x26 CMakeFiles/ULText_DogLeg_infantry_robot.elf.dir/Drivers/STM32F4xx_HAL_Driver/Src/stm32f4xx_hal_tim.c.obj
 .text.TIM_TI2_ConfigInputStage
                0x08003e9a       0x28 CMakeFiles/ULText_DogLeg_infantry_robot.elf.dir/Drivers/STM32F4xx_HAL_Driver/Src/stm32f4xx_hal_tim.c.obj
 .text.TIM_ITRx_SetConfig
                0x08003ec2       0x10 CMakeFiles/ULText_DogLeg_infantry_robot.elf.dir/Drivers/STM32F4xx_HAL_Driver/Src/stm32f4xx_hal_tim.c.obj
 *fill*         0x08003ed2        0x2 
 .text.HAL_TIM_Base_Start
                0x08003ed4       0x7c CMakeFiles/ULText_DogLeg_infantry_robot.elf.dir/Drivers/STM32F4xx_HAL_Driver/Src/stm32f4xx_hal_tim.c.obj
                0x08003ed4                HAL_TIM_Base_Start
 .text.HAL_TIM_Base_Start_IT
                0x08003f50       0x88 CMakeFiles/ULText_DogLeg_infantry_robot.elf.dir/Drivers/STM32F4xx_HAL_Driver/Src/stm32f4xx_hal_tim.c.obj
                0x08003f50                HAL_TIM_Base_Start_IT
 .text.HAL_TIM_PWM_MspInit
                0x08003fd8        0x2 CMakeFiles/ULText_DogLeg_infantry_robot.elf.dir/Drivers/STM32F4xx_HAL_Driver/Src/stm32f4xx_hal_tim.c.obj
                0x08003fd8                HAL_TIM_PWM_MspInit
 .text.HAL_TIM_OC_DelayElapsedCallback
                0x08003fda        0x2 CMakeFiles/ULText_DogLeg_infantry_robot.elf.dir/Drivers/STM32F4xx_HAL_Driver/Src/stm32f4xx_hal_tim.c.obj
                0x08003fda                HAL_TIM_OC_DelayElapsedCallback
 .text.HAL_TIM_IC_CaptureCallback
                0x08003fdc        0x2 CMakeFiles/ULText_DogLeg_infantry_robot.elf.dir/Drivers/STM32F4xx_HAL_Driver/Src/stm32f4xx_hal_tim.c.obj
                0x08003fdc                HAL_TIM_IC_CaptureCallback
 .text.HAL_TIM_PWM_PulseFinishedCallback
                0x08003fde        0x2 CMakeFiles/ULText_DogLeg_infantry_robot.elf.dir/Drivers/STM32F4xx_HAL_Driver/Src/stm32f4xx_hal_tim.c.obj
                0x08003fde                HAL_TIM_PWM_PulseFinishedCallback
 .text.HAL_TIM_TriggerCallback
                0x08003fe0        0x2 CMakeFiles/ULText_DogLeg_infantry_robot.elf.dir/Drivers/STM32F4xx_HAL_Driver/Src/stm32f4xx_hal_tim.c.obj
                0x08003fe0                HAL_TIM_TriggerCallback
 .text.HAL_TIM_IRQHandler
                0x08003fe2      0x15e CMakeFiles/ULText_DogLeg_infantry_robot.elf.dir/Drivers/STM32F4xx_HAL_Driver/Src/stm32f4xx_hal_tim.c.obj
                0x08003fe2                HAL_TIM_IRQHandler
 .text.TIM_Base_SetConfig
                0x08004140       0xd8 CMakeFiles/ULText_DogLeg_infantry_robot.elf.dir/Drivers/STM32F4xx_HAL_Driver/Src/stm32f4xx_hal_tim.c.obj
                0x08004140                TIM_Base_SetConfig
 .text.HAL_TIM_Base_Init
                0x08004218       0x58 CMakeFiles/ULText_DogLeg_infantry_robot.elf.dir/Drivers/STM32F4xx_HAL_Driver/Src/stm32f4xx_hal_tim.c.obj
                0x08004218                HAL_TIM_Base_Init
 .text.HAL_TIM_PWM_Init
                0x08004270       0x58 CMakeFiles/ULText_DogLeg_infantry_robot.elf.dir/Drivers/STM32F4xx_HAL_Driver/Src/stm32f4xx_hal_tim.c.obj
                0x08004270                HAL_TIM_PWM_Init
 .text.TIM_OC2_SetConfig
                0x080042c8       0x70 CMakeFiles/ULText_DogLeg_infantry_robot.elf.dir/Drivers/STM32F4xx_HAL_Driver/Src/stm32f4xx_hal_tim.c.obj
                0x080042c8                TIM_OC2_SetConfig
 .text.HAL_TIM_PWM_ConfigChannel
                0x08004338       0xdc CMakeFiles/ULText_DogLeg_infantry_robot.elf.dir/Drivers/STM32F4xx_HAL_Driver/Src/stm32f4xx_hal_tim.c.obj
                0x08004338                HAL_TIM_PWM_ConfigChannel
 .text.TIM_ETR_SetConfig
                0x08004414       0x1a CMakeFiles/ULText_DogLeg_infantry_robot.elf.dir/Drivers/STM32F4xx_HAL_Driver/Src/stm32f4xx_hal_tim.c.obj
                0x08004414                TIM_ETR_SetConfig
 .text.HAL_TIM_ConfigClockSource
                0x0800442e       0xfe CMakeFiles/ULText_DogLeg_infantry_robot.elf.dir/Drivers/STM32F4xx_HAL_Driver/Src/stm32f4xx_hal_tim.c.obj
                0x0800442e                HAL_TIM_ConfigClockSource
 .text.TIM_CCxChannelCmd
                0x0800452c       0x1e CMakeFiles/ULText_DogLeg_infantry_robot.elf.dir/Drivers/STM32F4xx_HAL_Driver/Src/stm32f4xx_hal_tim.c.obj
                0x0800452c                TIM_CCxChannelCmd
 *fill*         0x0800454a        0x2 
 .text.HAL_TIM_PWM_Start
                0x0800454c      0x104 CMakeFiles/ULText_DogLeg_infantry_robot.elf.dir/Drivers/STM32F4xx_HAL_Driver/Src/stm32f4xx_hal_tim.c.obj
                0x0800454c                HAL_TIM_PWM_Start
 .text.HAL_TIMEx_MasterConfigSynchronization
                0x08004650       0x8c CMakeFiles/ULText_DogLeg_infantry_robot.elf.dir/Drivers/STM32F4xx_HAL_Driver/Src/stm32f4xx_hal_tim_ex.c.obj
                0x08004650                HAL_TIMEx_MasterConfigSynchronization
 .text.HAL_TIMEx_ConfigBreakDeadTime
                0x080046dc       0x52 CMakeFiles/ULText_DogLeg_infantry_robot.elf.dir/Drivers/STM32F4xx_HAL_Driver/Src/stm32f4xx_hal_tim_ex.c.obj
                0x080046dc                HAL_TIMEx_ConfigBreakDeadTime
 .text.HAL_TIMEx_CommutCallback
                0x0800472e        0x2 CMakeFiles/ULText_DogLeg_infantry_robot.elf.dir/Drivers/STM32F4xx_HAL_Driver/Src/stm32f4xx_hal_tim_ex.c.obj
                0x0800472e                HAL_TIMEx_CommutCallback
 .text.HAL_TIMEx_BreakCallback
                0x08004730        0x2 CMakeFiles/ULText_DogLeg_infantry_robot.elf.dir/Drivers/STM32F4xx_HAL_Driver/Src/stm32f4xx_hal_tim_ex.c.obj
                0x08004730                HAL_TIMEx_BreakCallback
 .text.UART_EndTxTransfer
                0x08004732       0x20 CMakeFiles/ULText_DogLeg_infantry_robot.elf.dir/Drivers/STM32F4xx_HAL_Driver/Src/stm32f4xx_hal_uart.c.obj
 .text.UART_EndRxTransfer
                0x08004752       0x5c CMakeFiles/ULText_DogLeg_infantry_robot.elf.dir/Drivers/STM32F4xx_HAL_Driver/Src/stm32f4xx_hal_uart.c.obj
 .text.UART_Transmit_IT
                0x080047ae       0x60 CMakeFiles/ULText_DogLeg_infantry_robot.elf.dir/Drivers/STM32F4xx_HAL_Driver/Src/stm32f4xx_hal_uart.c.obj
 *fill*         0x0800480e        0x2 
 .text.UART_SetConfig
                0x08004810      0x110 CMakeFiles/ULText_DogLeg_infantry_robot.elf.dir/Drivers/STM32F4xx_HAL_Driver/Src/stm32f4xx_hal_uart.c.obj
 .text.UART_WaitOnFlagUntilTimeout
                0x08004920       0x86 CMakeFiles/ULText_DogLeg_infantry_robot.elf.dir/Drivers/STM32F4xx_HAL_Driver/Src/stm32f4xx_hal_uart.c.obj
 .text.HAL_UART_Init
                0x080049a6       0x60 CMakeFiles/ULText_DogLeg_infantry_robot.elf.dir/Drivers/STM32F4xx_HAL_Driver/Src/stm32f4xx_hal_uart.c.obj
                0x080049a6                HAL_UART_Init
 .text.HAL_UART_Transmit
                0x08004a06       0xcc CMakeFiles/ULText_DogLeg_infantry_robot.elf.dir/Drivers/STM32F4xx_HAL_Driver/Src/stm32f4xx_hal_uart.c.obj
                0x08004a06                HAL_UART_Transmit
 .text.HAL_UART_Transmit_IT
                0x08004ad2       0x38 CMakeFiles/ULText_DogLeg_infantry_robot.elf.dir/Drivers/STM32F4xx_HAL_Driver/Src/stm32f4xx_hal_uart.c.obj
                0x08004ad2                HAL_UART_Transmit_IT
 .text.HAL_UART_TxCpltCallback
                0x08004b0a        0x2 CMakeFiles/ULText_DogLeg_infantry_robot.elf.dir/Drivers/STM32F4xx_HAL_Driver/Src/stm32f4xx_hal_uart.c.obj
                0x08004b0a                HAL_UART_TxCpltCallback
 .text.UART_EndTransmit_IT
                0x08004b0c       0x1a CMakeFiles/ULText_DogLeg_infantry_robot.elf.dir/Drivers/STM32F4xx_HAL_Driver/Src/stm32f4xx_hal_uart.c.obj
 .text.HAL_UART_RxHalfCpltCallback
                0x08004b26        0x2 CMakeFiles/ULText_DogLeg_infantry_robot.elf.dir/Drivers/STM32F4xx_HAL_Driver/Src/stm32f4xx_hal_uart.c.obj
                0x08004b26                HAL_UART_RxHalfCpltCallback
 .text.HAL_UART_ErrorCallback
                0x08004b28        0x2 CMakeFiles/ULText_DogLeg_infantry_robot.elf.dir/Drivers/STM32F4xx_HAL_Driver/Src/stm32f4xx_hal_uart.c.obj
                0x08004b28                HAL_UART_ErrorCallback
 .text.UART_DMAError
                0x08004b2a       0x58 CMakeFiles/ULText_DogLeg_infantry_robot.elf.dir/Drivers/STM32F4xx_HAL_Driver/Src/stm32f4xx_hal_uart.c.obj
 .text.UART_DMAAbortOnError
                0x08004b82       0x10 CMakeFiles/ULText_DogLeg_infantry_robot.elf.dir/Drivers/STM32F4xx_HAL_Driver/Src/stm32f4xx_hal_uart.c.obj
 .text.HAL_UARTEx_RxEventCallback
                0x08004b92        0x2 CMakeFiles/ULText_DogLeg_infantry_robot.elf.dir/Drivers/STM32F4xx_HAL_Driver/Src/stm32f4xx_hal_uart.c.obj
                0x08004b92                HAL_UARTEx_RxEventCallback
 .text.UART_Receive_IT
                0x08004b94       0xe6 CMakeFiles/ULText_DogLeg_infantry_robot.elf.dir/Drivers/STM32F4xx_HAL_Driver/Src/stm32f4xx_hal_uart.c.obj
 *fill*         0x08004c7a        0x2 
 .text.HAL_UART_IRQHandler
                0x08004c7c      0x284 CMakeFiles/ULText_DogLeg_infantry_robot.elf.dir/Drivers/STM32F4xx_HAL_Driver/Src/stm32f4xx_hal_uart.c.obj
                0x08004c7c                HAL_UART_IRQHandler
 .text.UART_DMARxHalfCplt
                0x08004f00       0x1e CMakeFiles/ULText_DogLeg_infantry_robot.elf.dir/Drivers/STM32F4xx_HAL_Driver/Src/stm32f4xx_hal_uart.c.obj
 .text.UART_DMAReceiveCplt
                0x08004f1e       0x9a CMakeFiles/ULText_DogLeg_infantry_robot.elf.dir/Drivers/STM32F4xx_HAL_Driver/Src/stm32f4xx_hal_uart.c.obj
 .text.UART_Start_Receive_DMA
                0x08004fb8       0xa4 CMakeFiles/ULText_DogLeg_infantry_robot.elf.dir/Drivers/STM32F4xx_HAL_Driver/Src/stm32f4xx_hal_uart.c.obj
                0x08004fb8                UART_Start_Receive_DMA
 .text.HAL_UART_Receive_DMA
                0x0800505c       0x26 CMakeFiles/ULText_DogLeg_infantry_robot.elf.dir/Drivers/STM32F4xx_HAL_Driver/Src/stm32f4xx_hal_uart.c.obj
                0x0800505c                HAL_UART_Receive_DMA
 .text.makeFreeRtosPriority
                0x08005082        0xc CMakeFiles/ULText_DogLeg_infantry_robot.elf.dir/Middlewares/Third_Party/FreeRTOS/Source/CMSIS_RTOS/cmsis_os.c.obj
 .text.osKernelStart
                0x0800508e        0xa CMakeFiles/ULText_DogLeg_infantry_robot.elf.dir/Middlewares/Third_Party/FreeRTOS/Source/CMSIS_RTOS/cmsis_os.c.obj
                0x0800508e                osKernelStart
 .text.osThreadCreate
                0x08005098       0x66 CMakeFiles/ULText_DogLeg_infantry_robot.elf.dir/Middlewares/Third_Party/FreeRTOS/Source/CMSIS_RTOS/cmsis_os.c.obj
                0x08005098                osThreadCreate
 .text.osDelay  0x080050fe        0xe CMakeFiles/ULText_DogLeg_infantry_robot.elf.dir/Middlewares/Third_Party/FreeRTOS/Source/CMSIS_RTOS/cmsis_os.c.obj
                0x080050fe                osDelay
 .text.vListInitialise
                0x0800510c       0x16 CMakeFiles/ULText_DogLeg_infantry_robot.elf.dir/Middlewares/Third_Party/FreeRTOS/Source/list.c.obj
                0x0800510c                vListInitialise
 .text.vListInitialiseItem
                0x08005122        0x6 CMakeFiles/ULText_DogLeg_infantry_robot.elf.dir/Middlewares/Third_Party/FreeRTOS/Source/list.c.obj
                0x08005122                vListInitialiseItem
 .text.vListInsertEnd
                0x08005128       0x16 CMakeFiles/ULText_DogLeg_infantry_robot.elf.dir/Middlewares/Third_Party/FreeRTOS/Source/list.c.obj
                0x08005128                vListInsertEnd
 .text.vListInsert
                0x0800513e       0x32 CMakeFiles/ULText_DogLeg_infantry_robot.elf.dir/Middlewares/Third_Party/FreeRTOS/Source/list.c.obj
                0x0800513e                vListInsert
 .text.uxListRemove
                0x08005170       0x26 CMakeFiles/ULText_DogLeg_infantry_robot.elf.dir/Middlewares/Third_Party/FreeRTOS/Source/list.c.obj
                0x08005170                uxListRemove
 *fill*         0x08005196        0x2 
 .text.prvTaskExitError
                0x08005198       0x40 CMakeFiles/ULText_DogLeg_infantry_robot.elf.dir/Middlewares/Third_Party/FreeRTOS/Source/portable/GCC/ARM_CM4F/port.c.obj
 .text.prvPortStartFirstTask
                0x080051d8       0x28 CMakeFiles/ULText_DogLeg_infantry_robot.elf.dir/Middlewares/Third_Party/FreeRTOS/Source/portable/GCC/ARM_CM4F/port.c.obj
 .text.vPortEnableVFP
                0x08005200       0x14 CMakeFiles/ULText_DogLeg_infantry_robot.elf.dir/Middlewares/Third_Party/FreeRTOS/Source/portable/GCC/ARM_CM4F/port.c.obj
 .text.pxPortInitialiseStack
                0x08005214       0x2c CMakeFiles/ULText_DogLeg_infantry_robot.elf.dir/Middlewares/Third_Party/FreeRTOS/Source/portable/GCC/ARM_CM4F/port.c.obj
                0x08005214                pxPortInitialiseStack
 .text.SVC_Handler
                0x08005240       0x24 CMakeFiles/ULText_DogLeg_infantry_robot.elf.dir/Middlewares/Third_Party/FreeRTOS/Source/portable/GCC/ARM_CM4F/port.c.obj
                0x08005240                SVC_Handler
 .text.vPortEnterCritical
                0x08005264       0x44 CMakeFiles/ULText_DogLeg_infantry_robot.elf.dir/Middlewares/Third_Party/FreeRTOS/Source/portable/GCC/ARM_CM4F/port.c.obj
                0x08005264                vPortEnterCritical
 .text.vPortExitCritical
                0x080052a8       0x2c CMakeFiles/ULText_DogLeg_infantry_robot.elf.dir/Middlewares/Third_Party/FreeRTOS/Source/portable/GCC/ARM_CM4F/port.c.obj
                0x080052a8                vPortExitCritical
 *fill*         0x080052d4        0xc 
 .text.PendSV_Handler
                0x080052e0       0x64 CMakeFiles/ULText_DogLeg_infantry_robot.elf.dir/Middlewares/Third_Party/FreeRTOS/Source/portable/GCC/ARM_CM4F/port.c.obj
                0x080052e0                PendSV_Handler
 .text.SysTick_Handler
                0x08005344       0x2c CMakeFiles/ULText_DogLeg_infantry_robot.elf.dir/Middlewares/Third_Party/FreeRTOS/Source/portable/GCC/ARM_CM4F/port.c.obj
                0x08005344                SysTick_Handler
 .text.vPortSetupTimerInterrupt
                0x08005370       0x28 CMakeFiles/ULText_DogLeg_infantry_robot.elf.dir/Middlewares/Third_Party/FreeRTOS/Source/portable/GCC/ARM_CM4F/port.c.obj
                0x08005370                vPortSetupTimerInterrupt
 .text.xPortStartScheduler
                0x08005398      0x118 CMakeFiles/ULText_DogLeg_infantry_robot.elf.dir/Middlewares/Third_Party/FreeRTOS/Source/portable/GCC/ARM_CM4F/port.c.obj
                0x08005398                xPortStartScheduler
 .text.prvHeapInit
                0x080054b0       0x64 CMakeFiles/ULText_DogLeg_infantry_robot.elf.dir/Middlewares/Third_Party/FreeRTOS/Source/portable/MemMang/heap_4.c.obj
 .text.prvInsertBlockIntoFreeList
                0x08005514       0x64 CMakeFiles/ULText_DogLeg_infantry_robot.elf.dir/Middlewares/Third_Party/FreeRTOS/Source/portable/MemMang/heap_4.c.obj
 .text.pvPortMalloc
                0x08005578      0x104 CMakeFiles/ULText_DogLeg_infantry_robot.elf.dir/Middlewares/Third_Party/FreeRTOS/Source/portable/MemMang/heap_4.c.obj
                0x08005578                pvPortMalloc
 .text.vPortFree
                0x0800567c       0x7c CMakeFiles/ULText_DogLeg_infantry_robot.elf.dir/Middlewares/Third_Party/FreeRTOS/Source/portable/MemMang/heap_4.c.obj
                0x0800567c                vPortFree
 .text.prvResetNextTaskUnblockTime
                0x080056f8       0x2c CMakeFiles/ULText_DogLeg_infantry_robot.elf.dir/Middlewares/Third_Party/FreeRTOS/Source/tasks.c.obj
 .text.prvInitialiseNewTask
                0x08005724       0xfc CMakeFiles/ULText_DogLeg_infantry_robot.elf.dir/Middlewares/Third_Party/FreeRTOS/Source/tasks.c.obj
 .text.prvInitialiseTaskLists
                0x08005820       0x68 CMakeFiles/ULText_DogLeg_infantry_robot.elf.dir/Middlewares/Third_Party/FreeRTOS/Source/tasks.c.obj
 .text.prvAddNewTaskToReadyList
                0x08005888       0xa8 CMakeFiles/ULText_DogLeg_infantry_robot.elf.dir/Middlewares/Third_Party/FreeRTOS/Source/tasks.c.obj
 .text.prvDeleteTCB
                0x08005930       0x40 CMakeFiles/ULText_DogLeg_infantry_robot.elf.dir/Middlewares/Third_Party/FreeRTOS/Source/tasks.c.obj
 .text.prvCheckTasksWaitingTermination
                0x08005970       0x4c CMakeFiles/ULText_DogLeg_infantry_robot.elf.dir/Middlewares/Third_Party/FreeRTOS/Source/tasks.c.obj
 .text.prvIdleTask
                0x080059bc       0x28 CMakeFiles/ULText_DogLeg_infantry_robot.elf.dir/Middlewares/Third_Party/FreeRTOS/Source/tasks.c.obj
 .text.prvAddCurrentTaskToDelayedList
                0x080059e4       0x98 CMakeFiles/ULText_DogLeg_infantry_robot.elf.dir/Middlewares/Third_Party/FreeRTOS/Source/tasks.c.obj
 .text.xTaskCreateStatic
                0x08005a7c       0x7a CMakeFiles/ULText_DogLeg_infantry_robot.elf.dir/Middlewares/Third_Party/FreeRTOS/Source/tasks.c.obj
                0x08005a7c                xTaskCreateStatic
 .text.xTaskCreate
                0x08005af6       0x66 CMakeFiles/ULText_DogLeg_infantry_robot.elf.dir/Middlewares/Third_Party/FreeRTOS/Source/tasks.c.obj
                0x08005af6                xTaskCreate
 .text.vTaskStartScheduler
                0x08005b5c       0x84 CMakeFiles/ULText_DogLeg_infantry_robot.elf.dir/Middlewares/Third_Party/FreeRTOS/Source/tasks.c.obj
                0x08005b5c                vTaskStartScheduler
 .text.vTaskSuspendAll
                0x08005be0       0x10 CMakeFiles/ULText_DogLeg_infantry_robot.elf.dir/Middlewares/Third_Party/FreeRTOS/Source/tasks.c.obj
                0x08005be0                vTaskSuspendAll
 .text.xTaskIncrementTick
                0x08005bf0      0x118 CMakeFiles/ULText_DogLeg_infantry_robot.elf.dir/Middlewares/Third_Party/FreeRTOS/Source/tasks.c.obj
                0x08005bf0                xTaskIncrementTick
 .text.xTaskResumeAll
                0x08005d08       0xf8 CMakeFiles/ULText_DogLeg_infantry_robot.elf.dir/Middlewares/Third_Party/FreeRTOS/Source/tasks.c.obj
                0x08005d08                xTaskResumeAll
 .text.vTaskDelay
                0x08005e00       0x4c CMakeFiles/ULText_DogLeg_infantry_robot.elf.dir/Middlewares/Third_Party/FreeRTOS/Source/tasks.c.obj
                0x08005e00                vTaskDelay
 .text.vTaskSwitchContext
                0x08005e4c       0xa4 CMakeFiles/ULText_DogLeg_infantry_robot.elf.dir/Middlewares/Third_Party/FreeRTOS/Source/tasks.c.obj
                0x08005e4c                vTaskSwitchContext
 .text.BMI088_GPIO_init
                0x08005ef0        0x2 CMakeFiles/ULText_DogLeg_infantry_robot.elf.dir/code_mf/Src/BMI088Middleware.c.obj
                0x08005ef0                BMI088_GPIO_init
 .text.BMI088_com_init
                0x08005ef2        0x2 CMakeFiles/ULText_DogLeg_infantry_robot.elf.dir/code_mf/Src/BMI088Middleware.c.obj
                0x08005ef2                BMI088_com_init
 .text.BMI088_delay_us
                0x08005ef4       0x16 CMakeFiles/ULText_DogLeg_infantry_robot.elf.dir/code_mf/Src/BMI088Middleware.c.obj
                0x08005ef4                BMI088_delay_us
 .text.BMI088_delay_ms
                0x08005f0a       0x18 CMakeFiles/ULText_DogLeg_infantry_robot.elf.dir/code_mf/Src/BMI088Middleware.c.obj
                0x08005f0a                BMI088_delay_ms
 *fill*         0x08005f22        0x2 
 .text.BMI088_ACCEL_NS_L
                0x08005f24       0x14 CMakeFiles/ULText_DogLeg_infantry_robot.elf.dir/code_mf/Src/BMI088Middleware.c.obj
                0x08005f24                BMI088_ACCEL_NS_L
 .text.BMI088_ACCEL_NS_H
                0x08005f38       0x14 CMakeFiles/ULText_DogLeg_infantry_robot.elf.dir/code_mf/Src/BMI088Middleware.c.obj
                0x08005f38                BMI088_ACCEL_NS_H
 .text.BMI088_GYRO_NS_L
                0x08005f4c       0x14 CMakeFiles/ULText_DogLeg_infantry_robot.elf.dir/code_mf/Src/BMI088Middleware.c.obj
                0x08005f4c                BMI088_GYRO_NS_L
 .text.BMI088_GYRO_NS_H
                0x08005f60       0x14 CMakeFiles/ULText_DogLeg_infantry_robot.elf.dir/code_mf/Src/BMI088Middleware.c.obj
                0x08005f60                BMI088_GYRO_NS_H
 .text.BMI088_read_write_byte
                0x08005f74       0x2c CMakeFiles/ULText_DogLeg_infantry_robot.elf.dir/code_mf/Src/BMI088Middleware.c.obj
                0x08005f74                BMI088_read_write_byte
 .text.BMI088_write_single_reg
                0x08005fa0       0x10 CMakeFiles/ULText_DogLeg_infantry_robot.elf.dir/code_mf/Src/BMI088driver.c.obj
 .text.BMI088_read_single_reg
                0x08005fb0       0x16 CMakeFiles/ULText_DogLeg_infantry_robot.elf.dir/code_mf/Src/BMI088driver.c.obj
 .text.BMI088_read_muli_reg
                0x08005fc6       0x24 CMakeFiles/ULText_DogLeg_infantry_robot.elf.dir/code_mf/Src/BMI088driver.c.obj
 *fill*         0x08005fea        0x2 
 .text.bmi088_accel_init
                0x08005fec      0x10c CMakeFiles/ULText_DogLeg_infantry_robot.elf.dir/code_mf/Src/BMI088driver.c.obj
                0x08005fec                bmi088_accel_init
 .text.bmi088_gyro_init
                0x080060f8       0xf0 CMakeFiles/ULText_DogLeg_infantry_robot.elf.dir/code_mf/Src/BMI088driver.c.obj
                0x080060f8                bmi088_gyro_init
 .text.BMI088_init
                0x080061e8       0x1a CMakeFiles/ULText_DogLeg_infantry_robot.elf.dir/code_mf/Src/BMI088driver.c.obj
                0x080061e8                BMI088_init
 *fill*         0x08006202        0x2 
 .text.BMI088_read
                0x08006204      0x164 CMakeFiles/ULText_DogLeg_infantry_robot.elf.dir/code_mf/Src/BMI088driver.c.obj
                0x08006204                BMI088_read
 .text.HAL_CAN_RxFifo0MsgPendingCallback
                0x08006368      0x358 CMakeFiles/ULText_DogLeg_infantry_robot.elf.dir/code_mf/Src/CAN_receive.c.obj
                0x08006368                HAL_CAN_RxFifo0MsgPendingCallback
 .text.CAN2_cmd_pitch
                0x080066c0       0x58 CMakeFiles/ULText_DogLeg_infantry_robot.elf.dir/code_mf/Src/CAN_receive.c.obj
                0x080066c0                CAN2_cmd_pitch
 .text.CAN2_cmd_friction_wheels
                0x08006718       0x54 CMakeFiles/ULText_DogLeg_infantry_robot.elf.dir/code_mf/Src/CAN_receive.c.obj
                0x08006718                CAN2_cmd_friction_wheels
 .text.CAN1_cmd_chassis
                0x0800676c       0x54 CMakeFiles/ULText_DogLeg_infantry_robot.elf.dir/code_mf/Src/CAN_receive.c.obj
                0x0800676c                CAN1_cmd_chassis
 .text.CAN1_cmd_yaw
                0x080067c0       0x54 CMakeFiles/ULText_DogLeg_infantry_robot.elf.dir/code_mf/Src/CAN_receive.c.obj
                0x080067c0                CAN1_cmd_yaw
 .text.IMU_DATA_GET
                0x08006814      0x120 CMakeFiles/ULText_DogLeg_infantry_robot.elf.dir/code_mf/Src/IMU_DATA_GET.c.obj
                0x08006814                IMU_DATA_GET
 .text.invSqrt  0x08006934       0x30 CMakeFiles/ULText_DogLeg_infantry_robot.elf.dir/code_mf/Src/MahonyAHRS.c.obj
                0x08006934                invSqrt
 .text.MahonyAHRSupdateIMU
                0x08006964      0x268 CMakeFiles/ULText_DogLeg_infantry_robot.elf.dir/code_mf/Src/MahonyAHRS.c.obj
                0x08006964                MahonyAHRSupdateIMU
 .text.MahonyAHRSupdate
                0x08006bcc      0x3e4 CMakeFiles/ULText_DogLeg_infantry_robot.elf.dir/code_mf/Src/MahonyAHRS.c.obj
                0x08006bcc                MahonyAHRSupdate
 .text.get_angle
                0x08006fb0       0xbc CMakeFiles/ULText_DogLeg_infantry_robot.elf.dir/code_mf/Src/MahonyAHRS.c.obj
                0x08006fb0                get_angle
 .text.auto_aim_communication_data_parse
                0x0800706c       0x74 CMakeFiles/ULText_DogLeg_infantry_robot.elf.dir/code_mf/Src/auto_aim.c.obj
                0x0800706c                auto_aim_communication_data_parse
 .text.sent_data_update
                0x080070e0       0x60 CMakeFiles/ULText_DogLeg_infantry_robot.elf.dir/code_mf/Src/auto_aim.c.obj
                0x080070e0                sent_data_update
 .text.board_LED
                0x08007140       0x40 CMakeFiles/ULText_DogLeg_infantry_robot.elf.dir/code_mf/Src/board_LED.c.obj
                0x08007140                board_LED
 .text.can_filter_init
                0x08007180       0x5c CMakeFiles/ULText_DogLeg_infantry_robot.elf.dir/code_mf/Src/bsp_can.c.obj
                0x08007180                can_filter_init
 .text.RC_init  0x080071dc       0x68 CMakeFiles/ULText_DogLeg_infantry_robot.elf.dir/code_mf/Src/bsp_rc.c.obj
                0x080071dc                RC_init
 .text.CanTransmit
                0x08007244       0x60 CMakeFiles/ULText_DogLeg_infantry_robot.elf.dir/code_mf/Src/can_comm.c.obj
 .text.float_to_uint
                0x080072a4       0x2a CMakeFiles/ULText_DogLeg_infantry_robot.elf.dir/code_mf/Src/can_comm.c.obj
                0x080072a4                float_to_uint
 .text.uint_to_float
                0x080072ce       0x28 CMakeFiles/ULText_DogLeg_infantry_robot.elf.dir/code_mf/Src/can_comm.c.obj
                0x080072ce                uint_to_float
 *fill*         0x080072f6        0x2 
 .text.CanComm_SendControlPara
                0x080072f8      0x100 CMakeFiles/ULText_DogLeg_infantry_robot.elf.dir/code_mf/Src/can_comm.c.obj
                0x080072f8                CanComm_SendControlPara
 .text.CanComm_ControlCmd
                0x080073f8       0x60 CMakeFiles/ULText_DogLeg_infantry_robot.elf.dir/code_mf/Src/can_comm.c.obj
                0x080073f8                CanComm_ControlCmd
 .text.can_rm_cmd_all
                0x08007458       0x46 CMakeFiles/ULText_DogLeg_infantry_robot.elf.dir/code_mf/Src/can_sent.c.obj
                0x08007458                can_rm_cmd_all
 *fill*         0x0800749e        0x2 
 .text.can_xiaomi_cmd_all
                0x080074a0      0x1a4 CMakeFiles/ULText_DogLeg_infantry_robot.elf.dir/code_mf/Src/can_sent.c.obj
                0x080074a0                can_xiaomi_cmd_all
 .text.can_sent
                0x08007644      0x15c CMakeFiles/ULText_DogLeg_infantry_robot.elf.dir/code_mf/Src/can_sent.c.obj
                0x08007644                can_sent
 .text.rc_to_gimbal_speed_compute
                0x080077a0      0x188 CMakeFiles/ULText_DogLeg_infantry_robot.elf.dir/code_mf/Src/chassis_motor_control.c.obj
                0x080077a0                rc_to_gimbal_speed_compute
 .text.yaw_ecd_angle_to_radian
                0x08007928       0x98 CMakeFiles/ULText_DogLeg_infantry_robot.elf.dir/code_mf/Src/chassis_motor_control.c.obj
                0x08007928                yaw_ecd_angle_to_radian
 .text.gimbal_to_chassis_speed_compute
                0x080079c0       0x8c CMakeFiles/ULText_DogLeg_infantry_robot.elf.dir/code_mf/Src/chassis_motor_control.c.obj
                0x080079c0                gimbal_to_chassis_speed_compute
 .text.chassis_3508_id1_speed_pid_init
                0x08007a4c       0x28 CMakeFiles/ULText_DogLeg_infantry_robot.elf.dir/code_mf/Src/chassis_motor_control.c.obj
                0x08007a4c                chassis_3508_id1_speed_pid_init
 .text.chassis_3508_id1_speed_pid_loop
                0x08007a74       0x38 CMakeFiles/ULText_DogLeg_infantry_robot.elf.dir/code_mf/Src/chassis_motor_control.c.obj
                0x08007a74                chassis_3508_id1_speed_pid_loop
 .text.chassis_3508_id2_speed_pid_init
                0x08007aac       0x28 CMakeFiles/ULText_DogLeg_infantry_robot.elf.dir/code_mf/Src/chassis_motor_control.c.obj
                0x08007aac                chassis_3508_id2_speed_pid_init
 .text.chassis_3508_id2_speed_pid_loop
                0x08007ad4       0x38 CMakeFiles/ULText_DogLeg_infantry_robot.elf.dir/code_mf/Src/chassis_motor_control.c.obj
                0x08007ad4                chassis_3508_id2_speed_pid_loop
 .text.chassis_3508_id3_speed_pid_init
                0x08007b0c       0x28 CMakeFiles/ULText_DogLeg_infantry_robot.elf.dir/code_mf/Src/chassis_motor_control.c.obj
                0x08007b0c                chassis_3508_id3_speed_pid_init
 .text.chassis_3508_id3_speed_pid_loop
                0x08007b34       0x38 CMakeFiles/ULText_DogLeg_infantry_robot.elf.dir/code_mf/Src/chassis_motor_control.c.obj
                0x08007b34                chassis_3508_id3_speed_pid_loop
 .text.chassis_3508_id4_speed_pid_init
                0x08007b6c       0x28 CMakeFiles/ULText_DogLeg_infantry_robot.elf.dir/code_mf/Src/chassis_motor_control.c.obj
                0x08007b6c                chassis_3508_id4_speed_pid_init
 .text.chassis_3508_id4_speed_pid_loop
                0x08007b94       0x38 CMakeFiles/ULText_DogLeg_infantry_robot.elf.dir/code_mf/Src/chassis_motor_control.c.obj
                0x08007b94                chassis_3508_id4_speed_pid_loop
 .text.motor_chassis_pid_compute
                0x08007bcc       0x5c CMakeFiles/ULText_DogLeg_infantry_robot.elf.dir/code_mf/Src/chassis_motor_control.c.obj
                0x08007bcc                motor_chassis_pid_compute
 .text.chassis_follow_gimbal_angle_pid_init
                0x08007c28       0x28 CMakeFiles/ULText_DogLeg_infantry_robot.elf.dir/code_mf/Src/chassis_motor_control.c.obj
                0x08007c28                chassis_follow_gimbal_angle_pid_init
 .text.chassis_follow_gimbal_pid_loop
                0x08007c50       0x28 CMakeFiles/ULText_DogLeg_infantry_robot.elf.dir/code_mf/Src/chassis_motor_control.c.obj
                0x08007c50                chassis_follow_gimbal_pid_loop
 .text.chassis_settlement
                0x08007c78      0x298 CMakeFiles/ULText_DogLeg_infantry_robot.elf.dir/code_mf/Src/chassis_motor_control.c.obj
                0x08007c78                chassis_settlement
 .text.chassis_motor_control
                0x08007f10       0x1e CMakeFiles/ULText_DogLeg_infantry_robot.elf.dir/code_mf/Src/chassis_motor_control.c.obj
                0x08007f10                chassis_motor_control
 *fill*         0x08007f2e        0x2 
 .text.rc_connection_status
                0x08007f30       0x2c CMakeFiles/ULText_DogLeg_infantry_robot.elf.dir/code_mf/Src/error_detection.c.obj
                0x08007f30                rc_connection_status
 .text.yaw_6020_status
                0x08007f5c       0x24 CMakeFiles/ULText_DogLeg_infantry_robot.elf.dir/code_mf/Src/error_detection.c.obj
                0x08007f5c                yaw_6020_status
 .text.pitch_6020_status
                0x08007f80       0x24 CMakeFiles/ULText_DogLeg_infantry_robot.elf.dir/code_mf/Src/error_detection.c.obj
                0x08007f80                pitch_6020_status
 .text.error_detection
                0x08007fa4       0x16 CMakeFiles/ULText_DogLeg_infantry_robot.elf.dir/code_mf/Src/error_detection.c.obj
                0x08007fa4                error_detection
 *fill*         0x08007fba        0x2 
 .text.get_rc   0x08007fbc      0x228 CMakeFiles/ULText_DogLeg_infantry_robot.elf.dir/code_mf/Src/get_rc.c.obj
                0x08007fbc                get_rc
 .text.motor_gimbal_angle_compute
                0x080081e4      0x108 CMakeFiles/ULText_DogLeg_infantry_robot.elf.dir/code_mf/Src/gimbal_motor_control.c.obj
                0x080081e4                motor_gimbal_angle_compute
 .text.yaw_imu_getAbscissa
                0x080082ec       0x8c CMakeFiles/ULText_DogLeg_infantry_robot.elf.dir/code_mf/Src/gimbal_motor_control.c.obj
                0x080082ec                yaw_imu_getAbscissa
 .text.friction_wheel_speed_control
                0x08008378       0x34 CMakeFiles/ULText_DogLeg_infantry_robot.elf.dir/code_mf/Src/gimbal_motor_control.c.obj
                0x08008378                friction_wheel_speed_control
 .text.yaw_angle_pid_init
                0x080083ac       0x24 CMakeFiles/ULText_DogLeg_infantry_robot.elf.dir/code_mf/Src/gimbal_motor_control.c.obj
                0x080083ac                yaw_angle_pid_init
 .text.yaw_angle_pid_loop
                0x080083d0       0x24 CMakeFiles/ULText_DogLeg_infantry_robot.elf.dir/code_mf/Src/gimbal_motor_control.c.obj
                0x080083d0                yaw_angle_pid_loop
 .text.yaw_speed_pid_init
                0x080083f4       0x28 CMakeFiles/ULText_DogLeg_infantry_robot.elf.dir/code_mf/Src/gimbal_motor_control.c.obj
                0x080083f4                yaw_speed_pid_init
 .text.yaw_speed_pid_loop
                0x0800841c       0x34 CMakeFiles/ULText_DogLeg_infantry_robot.elf.dir/code_mf/Src/gimbal_motor_control.c.obj
                0x0800841c                yaw_speed_pid_loop
 .text.pitch_speed_from_bmi88_pid_init
                0x08008450       0x28 CMakeFiles/ULText_DogLeg_infantry_robot.elf.dir/code_mf/Src/gimbal_motor_control.c.obj
                0x08008450                pitch_speed_from_bmi88_pid_init
 .text.pitch_speed_from_bmi088_pid_loop
                0x08008478       0x34 CMakeFiles/ULText_DogLeg_infantry_robot.elf.dir/code_mf/Src/gimbal_motor_control.c.obj
                0x08008478                pitch_speed_from_bmi088_pid_loop
 .text.pitch_angle_pid_init
                0x080084ac       0x24 CMakeFiles/ULText_DogLeg_infantry_robot.elf.dir/code_mf/Src/gimbal_motor_control.c.obj
                0x080084ac                pitch_angle_pid_init
 .text.pitch_angle_from_bmi088_pid_loop
                0x080084d0       0x24 CMakeFiles/ULText_DogLeg_infantry_robot.elf.dir/code_mf/Src/gimbal_motor_control.c.obj
                0x080084d0                pitch_angle_from_bmi088_pid_loop
 .text.motor_gimbal_pid_compute
                0x080084f4       0x60 CMakeFiles/ULText_DogLeg_infantry_robot.elf.dir/code_mf/Src/gimbal_motor_control.c.obj
                0x080084f4                motor_gimbal_pid_compute
 .text.friction_wheel_3510_id1_speed_pid_init
                0x08008554       0x28 CMakeFiles/ULText_DogLeg_infantry_robot.elf.dir/code_mf/Src/gimbal_motor_control.c.obj
                0x08008554                friction_wheel_3510_id1_speed_pid_init
 .text.friction_wheel_3510_id1_speed_pid_loop
                0x0800857c       0x38 CMakeFiles/ULText_DogLeg_infantry_robot.elf.dir/code_mf/Src/gimbal_motor_control.c.obj
                0x0800857c                friction_wheel_3510_id1_speed_pid_loop
 .text.friction_wheel_3510_id2_speed_pid_init
                0x080085b4       0x28 CMakeFiles/ULText_DogLeg_infantry_robot.elf.dir/code_mf/Src/gimbal_motor_control.c.obj
                0x080085b4                friction_wheel_3510_id2_speed_pid_init
 .text.friction_wheel_3510_id2_speed_pid_loop
                0x080085dc       0x38 CMakeFiles/ULText_DogLeg_infantry_robot.elf.dir/code_mf/Src/gimbal_motor_control.c.obj
                0x080085dc                friction_wheel_3510_id2_speed_pid_loop
 .text.friction_wheel_pid_control
                0x08008614       0x30 CMakeFiles/ULText_DogLeg_infantry_robot.elf.dir/code_mf/Src/gimbal_motor_control.c.obj
                0x08008614                friction_wheel_pid_control
 .text.gimbal_motor_control
                0x08008644       0x22 CMakeFiles/ULText_DogLeg_infantry_robot.elf.dir/code_mf/Src/gimbal_motor_control.c.obj
                0x08008644                gimbal_motor_control
 .text.PID_init
                0x08008666       0x32 CMakeFiles/ULText_DogLeg_infantry_robot.elf.dir/code_mf/Src/pid.c.obj
                0x08008666                PID_init
 .text.PID_calc
                0x08008698      0x158 CMakeFiles/ULText_DogLeg_infantry_robot.elf.dir/code_mf/Src/pid.c.obj
                0x08008698                PID_calc
 .text.max_power_compute
                0x080087f0       0x94 CMakeFiles/ULText_DogLeg_infantry_robot.elf.dir/code_mf/Src/refree_task.c.obj
                0x080087f0                max_power_compute
 .text.refree_task
                0x08008884       0x78 CMakeFiles/ULText_DogLeg_infantry_robot.elf.dir/code_mf/Src/refree_task.c.obj
                0x08008884                refree_task
 .text.sbus_to_rc
                0x080088fc       0xde CMakeFiles/ULText_DogLeg_infantry_robot.elf.dir/code_mf/Src/remote_control.c.obj
 *fill*         0x080089da        0x2 
 .text.remote_control_init
                0x080089dc       0x14 CMakeFiles/ULText_DogLeg_infantry_robot.elf.dir/code_mf/Src/remote_control.c.obj
                0x080089dc                remote_control_init
 .text.get_remote_control_point
                0x080089f0        0x8 CMakeFiles/ULText_DogLeg_infantry_robot.elf.dir/code_mf/Src/remote_control.c.obj
                0x080089f0                get_remote_control_point
 .text.USART3_IRQHandler
                0x080089f8       0xf0 CMakeFiles/ULText_DogLeg_infantry_robot.elf.dir/code_mf/Src/remote_control.c.obj
                0x080089f8                USART3_IRQHandler
 .text.servo_task
                0x08008ae8       0xc4 CMakeFiles/ULText_DogLeg_infantry_robot.elf.dir/code_mf/Src/servo_task.c.obj
                0x08008ae8                servo_task
 .text.shoot_speed_compute
                0x08008bac       0x50 CMakeFiles/ULText_DogLeg_infantry_robot.elf.dir/code_mf/Src/shoot_control.c.obj
                0x08008bac                shoot_speed_compute
 .text.shoot_stop_check
                0x08008bfc       0x58 CMakeFiles/ULText_DogLeg_infantry_robot.elf.dir/code_mf/Src/shoot_control.c.obj
                0x08008bfc                shoot_stop_check
 .text.shoot_control
                0x08008c54       0x12 CMakeFiles/ULText_DogLeg_infantry_robot.elf.dir/code_mf/Src/shoot_control.c.obj
                0x08008c54                shoot_control
 *fill*         0x08008c66        0x2 
 .text.shoot_2006_id3_speed_pid_init
                0x08008c68       0x28 CMakeFiles/ULText_DogLeg_infantry_robot.elf.dir/code_mf/Src/shoot_control.c.obj
                0x08008c68                shoot_2006_id3_speed_pid_init
 .text.shoot_2006_id3_speed_pid_loop
                0x08008c90       0x34 CMakeFiles/ULText_DogLeg_infantry_robot.elf.dir/code_mf/Src/shoot_control.c.obj
                0x08008c90                shoot_2006_id3_speed_pid_loop
 .text.shoot_pid_control
                0x08008cc4       0x1c CMakeFiles/ULText_DogLeg_infantry_robot.elf.dir/code_mf/Src/shoot_control.c.obj
                0x08008cc4                shoot_pid_control
 .text.HAL_UART_RxCpltCallback
                0x08008ce0       0x34 CMakeFiles/ULText_DogLeg_infantry_robot.elf.dir/code_mf/Src/uart_callback.c.obj
                0x08008ce0                HAL_UART_RxCpltCallback
 .text.usart6_printf
                0x08008d14       0x40 CMakeFiles/ULText_DogLeg_infantry_robot.elf.dir/code_mf/Src/uart_printf.c.obj
                0x08008d14                usart6_printf
 .text.uart_sent_debug
                0x08008d54       0x78 CMakeFiles/ULText_DogLeg_infantry_robot.elf.dir/code_mf/Src/uart_sent.c.obj
                0x08008d54                uart_sent_debug
 .text.aim_uart_sent
                0x08008dcc       0x14 CMakeFiles/ULText_DogLeg_infantry_robot.elf.dir/code_mf/Src/uart_sent.c.obj
                0x08008dcc                aim_uart_sent
 .text.xiaomi_angle_limit
                0x08008de0       0x78 CMakeFiles/ULText_DogLeg_infantry_robot.elf.dir/code_mf/Src/xiaomi_motor_task.c.obj
                0x08008de0                xiaomi_angle_limit
 .text.xiaomi_can1_id1_speed_pid_init
                0x08008e58       0x20 CMakeFiles/ULText_DogLeg_infantry_robot.elf.dir/code_mf/Src/xiaomi_motor_task.c.obj
                0x08008e58                xiaomi_can1_id1_speed_pid_init
 .text.xiaomi_can1_id1_speed_pid_loop
                0x08008e78       0x24 CMakeFiles/ULText_DogLeg_infantry_robot.elf.dir/code_mf/Src/xiaomi_motor_task.c.obj
                0x08008e78                xiaomi_can1_id1_speed_pid_loop
 .text.xiaomi_can1_id1_angle_pid_init
                0x08008e9c       0x20 CMakeFiles/ULText_DogLeg_infantry_robot.elf.dir/code_mf/Src/xiaomi_motor_task.c.obj
                0x08008e9c                xiaomi_can1_id1_angle_pid_init
 .text.xiaomi_can1_id1_angle_pid_loop
                0x08008ebc       0x24 CMakeFiles/ULText_DogLeg_infantry_robot.elf.dir/code_mf/Src/xiaomi_motor_task.c.obj
                0x08008ebc                xiaomi_can1_id1_angle_pid_loop
 .text.xiaomi_can1_id2_speed_pid_init
                0x08008ee0       0x20 CMakeFiles/ULText_DogLeg_infantry_robot.elf.dir/code_mf/Src/xiaomi_motor_task.c.obj
                0x08008ee0                xiaomi_can1_id2_speed_pid_init
 .text.xiaomi_can1_id2_speed_pid_loop
                0x08008f00       0x24 CMakeFiles/ULText_DogLeg_infantry_robot.elf.dir/code_mf/Src/xiaomi_motor_task.c.obj
                0x08008f00                xiaomi_can1_id2_speed_pid_loop
 .text.xiaomi_can1_id2_angle_pid_init
                0x08008f24       0x20 CMakeFiles/ULText_DogLeg_infantry_robot.elf.dir/code_mf/Src/xiaomi_motor_task.c.obj
                0x08008f24                xiaomi_can1_id2_angle_pid_init
 .text.xiaomi_can1_id2_angle_pid_loop
                0x08008f44       0x24 CMakeFiles/ULText_DogLeg_infantry_robot.elf.dir/code_mf/Src/xiaomi_motor_task.c.obj
                0x08008f44                xiaomi_can1_id2_angle_pid_loop
 .text.xiaomi_pid_compute
                0x08008f68       0x90 CMakeFiles/ULText_DogLeg_infantry_robot.elf.dir/code_mf/Src/xiaomi_motor_task.c.obj
                0x08008f68                xiaomi_pid_compute
 .text.xiaomi_motor_task
                0x08008ff8       0xd0 CMakeFiles/ULText_DogLeg_infantry_robot.elf.dir/code_mf/Src/xiaomi_motor_task.c.obj
                0x08008ff8                xiaomi_motor_task
 .text.__udivmoddi4
                0x080090c8      0x2bc C:/CLionToolchains/gcc-arm-none-eabi-10.3-2021.10/bin/../lib/gcc/arm-none-eabi/13.3.1/thumb/v7e-m+fp/hard\libgcc.a(_udivmoddi4.o)
                0x080090c8                __udivmoddi4
 .text.stdio_exit_handler
                0x08009384       0x18 C:/CLionToolchains/gcc-arm-none-eabi-10.3-2021.10/bin/../lib/gcc/arm-none-eabi/13.3.1/thumb/v7e-m+fp/hard\libg.a(libc_a-findfp.o)
 .text.cleanup_stdio
                0x0800939c       0x40 C:/CLionToolchains/gcc-arm-none-eabi-10.3-2021.10/bin/../lib/gcc/arm-none-eabi/13.3.1/thumb/v7e-m+fp/hard\libg.a(libc_a-findfp.o)
 .text.global_stdio_init.part.0
                0x080093dc       0xf0 C:/CLionToolchains/gcc-arm-none-eabi-10.3-2021.10/bin/../lib/gcc/arm-none-eabi/13.3.1/thumb/v7e-m+fp/hard\libg.a(libc_a-findfp.o)
 .text.__sinit  0x080094cc       0x3c C:/CLionToolchains/gcc-arm-none-eabi-10.3-2021.10/bin/../lib/gcc/arm-none-eabi/13.3.1/thumb/v7e-m+fp/hard\libg.a(libc_a-findfp.o)
                0x080094cc                __sinit
 .text.__sfp_lock_acquire
                0x08009508        0xc C:/CLionToolchains/gcc-arm-none-eabi-10.3-2021.10/bin/../lib/gcc/arm-none-eabi/13.3.1/thumb/v7e-m+fp/hard\libg.a(libc_a-findfp.o)
                0x08009508                __sfp_lock_acquire
 .text.__sfp_lock_release
                0x08009514        0xc C:/CLionToolchains/gcc-arm-none-eabi-10.3-2021.10/bin/../lib/gcc/arm-none-eabi/13.3.1/thumb/v7e-m+fp/hard\libg.a(libc_a-findfp.o)
                0x08009514                __sfp_lock_release
 .text._fwalk_sglue
                0x08009520       0x44 C:/CLionToolchains/gcc-arm-none-eabi-10.3-2021.10/bin/../lib/gcc/arm-none-eabi/13.3.1/thumb/v7e-m+fp/hard\libg.a(libc_a-fwalk.o)
                0x08009520                _fwalk_sglue
 .text.__sread  0x08009564       0x24 C:/CLionToolchains/gcc-arm-none-eabi-10.3-2021.10/bin/../lib/gcc/arm-none-eabi/13.3.1/thumb/v7e-m+fp/hard\libg.a(libc_a-stdio.o)
                0x08009564                __sread
 .text.__swrite
                0x08009588       0x40 C:/CLionToolchains/gcc-arm-none-eabi-10.3-2021.10/bin/../lib/gcc/arm-none-eabi/13.3.1/thumb/v7e-m+fp/hard\libg.a(libc_a-stdio.o)
                0x08009588                __swrite
 .text.__sseek  0x080095c8       0x24 C:/CLionToolchains/gcc-arm-none-eabi-10.3-2021.10/bin/../lib/gcc/arm-none-eabi/13.3.1/thumb/v7e-m+fp/hard\libg.a(libc_a-stdio.o)
                0x080095c8                __sseek
 .text.__sclose
                0x080095ec        0x8 C:/CLionToolchains/gcc-arm-none-eabi-10.3-2021.10/bin/../lib/gcc/arm-none-eabi/13.3.1/thumb/v7e-m+fp/hard\libg.a(libc_a-stdio.o)
                0x080095ec                __sclose
 .text.vsprintf
                0x080095f4       0x38 C:/CLionToolchains/gcc-arm-none-eabi-10.3-2021.10/bin/../lib/gcc/arm-none-eabi/13.3.1/thumb/v7e-m+fp/hard\libg.a(libc_a-vsprintf.o)
                0x080095f4                vsprintf
 .text.memset   0x0800962c       0xa4 C:/CLionToolchains/gcc-arm-none-eabi-10.3-2021.10/bin/../lib/gcc/arm-none-eabi/13.3.1/thumb/v7e-m+fp/hard\libg.a(libc_a-memset.o)
                0x0800962c                memset
 .text._close_r
                0x080096d0       0x24 C:/CLionToolchains/gcc-arm-none-eabi-10.3-2021.10/bin/../lib/gcc/arm-none-eabi/13.3.1/thumb/v7e-m+fp/hard\libg.a(libc_a-closer.o)
                0x080096d0                _close_r
 .text._reclaim_reent
                0x080096f4       0x6c C:/CLionToolchains/gcc-arm-none-eabi-10.3-2021.10/bin/../lib/gcc/arm-none-eabi/13.3.1/thumb/v7e-m+fp/hard\libg.a(libc_a-reent.o)
                0x080096f4                _reclaim_reent
 .text._lseek_r
                0x08009760       0x2c C:/CLionToolchains/gcc-arm-none-eabi-10.3-2021.10/bin/../lib/gcc/arm-none-eabi/13.3.1/thumb/v7e-m+fp/hard\libg.a(libc_a-lseekr.o)
                0x08009760                _lseek_r
 .text._read_r  0x0800978c       0x2c C:/CLionToolchains/gcc-arm-none-eabi-10.3-2021.10/bin/../lib/gcc/arm-none-eabi/13.3.1/thumb/v7e-m+fp/hard\libg.a(libc_a-readr.o)
                0x0800978c                _read_r
 .text._write_r
                0x080097b8       0x2c C:/CLionToolchains/gcc-arm-none-eabi-10.3-2021.10/bin/../lib/gcc/arm-none-eabi/13.3.1/thumb/v7e-m+fp/hard\libg.a(libc_a-writer.o)
                0x080097b8                _write_r
 .text.__errno  0x080097e4        0xc C:/CLionToolchains/gcc-arm-none-eabi-10.3-2021.10/bin/../lib/gcc/arm-none-eabi/13.3.1/thumb/v7e-m+fp/hard\libg.a(libc_a-errno.o)
                0x080097e4                __errno
 .text.__libc_init_array
                0x080097f0       0x50 C:/CLionToolchains/gcc-arm-none-eabi-10.3-2021.10/bin/../lib/gcc/arm-none-eabi/13.3.1/thumb/v7e-m+fp/hard\libg.a(libc_a-init.o)
                0x080097f0                __libc_init_array
 .text.__retarget_lock_init_recursive
                0x08009840        0x4 C:/CLionToolchains/gcc-arm-none-eabi-10.3-2021.10/bin/../lib/gcc/arm-none-eabi/13.3.1/thumb/v7e-m+fp/hard\libg.a(libc_a-lock.o)
                0x08009840                __retarget_lock_init_recursive
 .text.__retarget_lock_close_recursive
                0x08009844        0x4 C:/CLionToolchains/gcc-arm-none-eabi-10.3-2021.10/bin/../lib/gcc/arm-none-eabi/13.3.1/thumb/v7e-m+fp/hard\libg.a(libc_a-lock.o)
                0x08009844                __retarget_lock_close_recursive
 .text.__retarget_lock_acquire_recursive
                0x08009848        0x4 C:/CLionToolchains/gcc-arm-none-eabi-10.3-2021.10/bin/../lib/gcc/arm-none-eabi/13.3.1/thumb/v7e-m+fp/hard\libg.a(libc_a-lock.o)
                0x08009848                __retarget_lock_acquire_recursive
 .text.__retarget_lock_release_recursive
                0x0800984c        0x4 C:/CLionToolchains/gcc-arm-none-eabi-10.3-2021.10/bin/../lib/gcc/arm-none-eabi/13.3.1/thumb/v7e-m+fp/hard\libg.a(libc_a-lock.o)
                0x0800984c                __retarget_lock_release_recursive
 .text.startup.register_fini
                0x08009850       0x14 C:/CLionToolchains/gcc-arm-none-eabi-10.3-2021.10/bin/../lib/gcc/arm-none-eabi/13.3.1/thumb/v7e-m+fp/hard\libg.a(libc_a-__call_atexit.o)
 .text.atexit   0x08009864        0xc C:/CLionToolchains/gcc-arm-none-eabi-10.3-2021.10/bin/../lib/gcc/arm-none-eabi/13.3.1/thumb/v7e-m+fp/hard\libg.a(libc_a-atexit.o)
                0x08009864                atexit
 .text._malloc_trim_r
                0x08009870       0xb8 C:/CLionToolchains/gcc-arm-none-eabi-10.3-2021.10/bin/../lib/gcc/arm-none-eabi/13.3.1/thumb/v7e-m+fp/hard\libg.a(libc_a-freer.o)
                0x08009870                _malloc_trim_r
 .text._free_r  0x08009928      0x1f8 C:/CLionToolchains/gcc-arm-none-eabi-10.3-2021.10/bin/../lib/gcc/arm-none-eabi/13.3.1/thumb/v7e-m+fp/hard\libg.a(libc_a-freer.o)
                0x08009928                _free_r
 .text._malloc_r
                0x08009b20      0x564 C:/CLionToolchains/gcc-arm-none-eabi-10.3-2021.10/bin/../lib/gcc/arm-none-eabi/13.3.1/thumb/v7e-m+fp/hard\libg.a(libc_a-mallocr.o)
                0x08009b20                _malloc_r
 .text.__malloc_lock
                0x0800a084        0xc C:/CLionToolchains/gcc-arm-none-eabi-10.3-2021.10/bin/../lib/gcc/arm-none-eabi/13.3.1/thumb/v7e-m+fp/hard\libg.a(libc_a-mlock.o)
                0x0800a084                __malloc_lock
 .text.__malloc_unlock
                0x0800a090        0xc C:/CLionToolchains/gcc-arm-none-eabi-10.3-2021.10/bin/../lib/gcc/arm-none-eabi/13.3.1/thumb/v7e-m+fp/hard\libg.a(libc_a-mlock.o)
                0x0800a090                __malloc_unlock
 *fill*         0x0800a09c        0x4 
 .text._svfprintf_r
                0x0800a0a0     0x1b3c C:/CLionToolchains/gcc-arm-none-eabi-10.3-2021.10/bin/../lib/gcc/arm-none-eabi/13.3.1/thumb/v7e-m+fp/hard\libg.a(libc_a-svfprintf.o)
                0x0800a0a0                _svfprintf_r
 .text.__ssprint_r
                0x0800bbdc       0x58 C:/CLionToolchains/gcc-arm-none-eabi-10.3-2021.10/bin/../lib/gcc/arm-none-eabi/13.3.1/thumb/v7e-m+fp/hard\libg.a(libc_a-ssprint_r.o)
                0x0800bbdc                __ssprint_r
 .text._fclose_r
                0x0800bc34       0xc0 C:/CLionToolchains/gcc-arm-none-eabi-10.3-2021.10/bin/../lib/gcc/arm-none-eabi/13.3.1/thumb/v7e-m+fp/hard\libg.a(libc_a-fclose.o)
                0x0800bc34                _fclose_r
 .text.__sflush_r
                0x0800bcf4      0x138 C:/CLionToolchains/gcc-arm-none-eabi-10.3-2021.10/bin/../lib/gcc/arm-none-eabi/13.3.1/thumb/v7e-m+fp/hard\libg.a(libc_a-fflush.o)
                0x0800bcf4                __sflush_r
 .text._fflush_r
                0x0800be2c       0x54 C:/CLionToolchains/gcc-arm-none-eabi-10.3-2021.10/bin/../lib/gcc/arm-none-eabi/13.3.1/thumb/v7e-m+fp/hard\libg.a(libc_a-fflush.o)
                0x0800be2c                _fflush_r
 .text.strncpy  0x0800be80       0x68 C:/CLionToolchains/gcc-arm-none-eabi-10.3-2021.10/bin/../lib/gcc/arm-none-eabi/13.3.1/thumb/v7e-m+fp/hard\libg.a(libc_a-strncpy.o)
                0x0800be80                strncpy
 .text.__locale_mb_cur_max
                0x0800bee8        0xc C:/CLionToolchains/gcc-arm-none-eabi-10.3-2021.10/bin/../lib/gcc/arm-none-eabi/13.3.1/thumb/v7e-m+fp/hard\libg.a(libc_a-locale.o)
                0x0800bee8                __locale_mb_cur_max
 .text._localeconv_r
                0x0800bef4        0x8 C:/CLionToolchains/gcc-arm-none-eabi-10.3-2021.10/bin/../lib/gcc/arm-none-eabi/13.3.1/thumb/v7e-m+fp/hard\libg.a(libc_a-localeconv.o)
                0x0800bef4                _localeconv_r
 .text._sbrk_r  0x0800befc       0x24 C:/CLionToolchains/gcc-arm-none-eabi-10.3-2021.10/bin/../lib/gcc/arm-none-eabi/13.3.1/thumb/v7e-m+fp/hard\libg.a(libc_a-sbrkr.o)
                0x0800befc                _sbrk_r
 .text.__libc_fini_array
                0x0800bf20       0x28 C:/CLionToolchains/gcc-arm-none-eabi-10.3-2021.10/bin/../lib/gcc/arm-none-eabi/13.3.1/thumb/v7e-m+fp/hard\libg.a(libc_a-fini.o)
                0x0800bf20                __libc_fini_array
 .text.sysconf  0x0800bf48       0x1c C:/CLionToolchains/gcc-arm-none-eabi-10.3-2021.10/bin/../lib/gcc/arm-none-eabi/13.3.1/thumb/v7e-m+fp/hard\libg.a(libc_a-sysconf.o)
                0x0800bf48                sysconf
 .text.frexp    0x0800bf64       0x64 C:/CLionToolchains/gcc-arm-none-eabi-10.3-2021.10/bin/../lib/gcc/arm-none-eabi/13.3.1/thumb/v7e-m+fp/hard\libg.a(libm_a-s_frexp.o)
                0x0800bf64                frexp
 .text.__register_exitproc
                0x0800bfc8       0x80 C:/CLionToolchains/gcc-arm-none-eabi-10.3-2021.10/bin/../lib/gcc/arm-none-eabi/13.3.1/thumb/v7e-m+fp/hard\libg.a(libc_a-__atexit.o)
                0x0800bfc8                __register_exitproc
 .text.quorem   0x0800c048      0x12c C:/CLionToolchains/gcc-arm-none-eabi-10.3-2021.10/bin/../lib/gcc/arm-none-eabi/13.3.1/thumb/v7e-m+fp/hard\libg.a(libc_a-dtoa.o)
 *fill*         0x0800c174        0x4 
 .text._dtoa_r  0x0800c178      0xe80 C:/CLionToolchains/gcc-arm-none-eabi-10.3-2021.10/bin/../lib/gcc/arm-none-eabi/13.3.1/thumb/v7e-m+fp/hard\libg.a(libc_a-dtoa.o)
                0x0800c178                _dtoa_r
 .text.__ascii_mbtowc
                0x0800cff8       0x2c C:/CLionToolchains/gcc-arm-none-eabi-10.3-2021.10/bin/../lib/gcc/arm-none-eabi/13.3.1/thumb/v7e-m+fp/hard\libg.a(libc_a-mbtowc_r.o)
                0x0800cff8                __ascii_mbtowc
 .text._Balloc  0x0800d024       0x4c C:/CLionToolchains/gcc-arm-none-eabi-10.3-2021.10/bin/../lib/gcc/arm-none-eabi/13.3.1/thumb/v7e-m+fp/hard\libg.a(libc_a-mprec.o)
                0x0800d024                _Balloc
 .text._Bfree   0x0800d070       0x14 C:/CLionToolchains/gcc-arm-none-eabi-10.3-2021.10/bin/../lib/gcc/arm-none-eabi/13.3.1/thumb/v7e-m+fp/hard\libg.a(libc_a-mprec.o)
                0x0800d070                _Bfree
 .text.__multadd
                0x0800d084       0xa0 C:/CLionToolchains/gcc-arm-none-eabi-10.3-2021.10/bin/../lib/gcc/arm-none-eabi/13.3.1/thumb/v7e-m+fp/hard\libg.a(libc_a-mprec.o)
                0x0800d084                __multadd
 .text.__hi0bits
                0x0800d124       0x44 C:/CLionToolchains/gcc-arm-none-eabi-10.3-2021.10/bin/../lib/gcc/arm-none-eabi/13.3.1/thumb/v7e-m+fp/hard\libg.a(libc_a-mprec.o)
                0x0800d124                __hi0bits
 .text.__lo0bits
                0x0800d168       0x60 C:/CLionToolchains/gcc-arm-none-eabi-10.3-2021.10/bin/../lib/gcc/arm-none-eabi/13.3.1/thumb/v7e-m+fp/hard\libg.a(libc_a-mprec.o)
                0x0800d168                __lo0bits
 .text.__i2b    0x0800d1c8       0x5c C:/CLionToolchains/gcc-arm-none-eabi-10.3-2021.10/bin/../lib/gcc/arm-none-eabi/13.3.1/thumb/v7e-m+fp/hard\libg.a(libc_a-mprec.o)
                0x0800d1c8                __i2b
 .text.__multiply
                0x0800d224      0x16c C:/CLionToolchains/gcc-arm-none-eabi-10.3-2021.10/bin/../lib/gcc/arm-none-eabi/13.3.1/thumb/v7e-m+fp/hard\libg.a(libc_a-mprec.o)
                0x0800d224                __multiply
 .text.__pow5mult
                0x0800d390       0xb4 C:/CLionToolchains/gcc-arm-none-eabi-10.3-2021.10/bin/../lib/gcc/arm-none-eabi/13.3.1/thumb/v7e-m+fp/hard\libg.a(libc_a-mprec.o)
                0x0800d390                __pow5mult
 .text.__lshift
                0x0800d444       0xf0 C:/CLionToolchains/gcc-arm-none-eabi-10.3-2021.10/bin/../lib/gcc/arm-none-eabi/13.3.1/thumb/v7e-m+fp/hard\libg.a(libc_a-mprec.o)
                0x0800d444                __lshift